Archive member included to satisfy reference by file (symbol)

/Users/Amogh/STM32CubeIDE/workspace_1.5.1/ECSE444_Group1_Project/Core/Lib/libarm_cortexM4lf_math.a(arm_sin_f32.o)
                              Core/Src/main.o (arm_sin_f32)
/Users/Amogh/STM32CubeIDE/workspace_1.5.1/ECSE444_Group1_Project/Core/Lib/libarm_cortexM4lf_math.a(arm_common_tables.o)
                              /Users/Amogh/STM32CubeIDE/workspace_1.5.1/ECSE444_Group1_Project/Core/Lib/libarm_cortexM4lf_math.a(arm_sin_f32.o) (sinTable_f32)
/Applications/STM32CubeIDE.app/Contents/Eclipse/plugins/com.st.stm32cube.ide.mcu.externaltools.gnu-tools-for-stm32.7-2018-q2-update.macos64_1.5.0.202011040924/tools/bin/../lib/gcc/arm-none-eabi/7.3.1/../../../../arm-none-eabi/lib/thumb/v7e-m/fpv4-sp/hard/libc_nano.a(lib_a-errno.o)
                              Core/Src/syscalls.o (__errno)
/Applications/STM32CubeIDE.app/Contents/Eclipse/plugins/com.st.stm32cube.ide.mcu.externaltools.gnu-tools-for-stm32.7-2018-q2-update.macos64_1.5.0.202011040924/tools/bin/../lib/gcc/arm-none-eabi/7.3.1/../../../../arm-none-eabi/lib/thumb/v7e-m/fpv4-sp/hard/libc_nano.a(lib_a-exit.o)
                              /Applications/STM32CubeIDE.app/Contents/Eclipse/plugins/com.st.stm32cube.ide.mcu.externaltools.gnu-tools-for-stm32.7-2018-q2-update.macos64_1.5.0.202011040924/tools/bin/../lib/gcc/arm-none-eabi/7.3.1/../../../../arm-none-eabi/lib/thumb/v7e-m/fpv4-sp/hard/crt0.o (exit)
/Applications/STM32CubeIDE.app/Contents/Eclipse/plugins/com.st.stm32cube.ide.mcu.externaltools.gnu-tools-for-stm32.7-2018-q2-update.macos64_1.5.0.202011040924/tools/bin/../lib/gcc/arm-none-eabi/7.3.1/../../../../arm-none-eabi/lib/thumb/v7e-m/fpv4-sp/hard/libc_nano.a(lib_a-impure.o)
                              /Applications/STM32CubeIDE.app/Contents/Eclipse/plugins/com.st.stm32cube.ide.mcu.externaltools.gnu-tools-for-stm32.7-2018-q2-update.macos64_1.5.0.202011040924/tools/bin/../lib/gcc/arm-none-eabi/7.3.1/../../../../arm-none-eabi/lib/thumb/v7e-m/fpv4-sp/hard/libc_nano.a(lib_a-exit.o) (_global_impure_ptr)
/Applications/STM32CubeIDE.app/Contents/Eclipse/plugins/com.st.stm32cube.ide.mcu.externaltools.gnu-tools-for-stm32.7-2018-q2-update.macos64_1.5.0.202011040924/tools/bin/../lib/gcc/arm-none-eabi/7.3.1/../../../../arm-none-eabi/lib/thumb/v7e-m/fpv4-sp/hard/libc_nano.a(lib_a-init.o)
                              /Applications/STM32CubeIDE.app/Contents/Eclipse/plugins/com.st.stm32cube.ide.mcu.externaltools.gnu-tools-for-stm32.7-2018-q2-update.macos64_1.5.0.202011040924/tools/bin/../lib/gcc/arm-none-eabi/7.3.1/../../../../arm-none-eabi/lib/thumb/v7e-m/fpv4-sp/hard/crt0.o (__libc_init_array)
/Applications/STM32CubeIDE.app/Contents/Eclipse/plugins/com.st.stm32cube.ide.mcu.externaltools.gnu-tools-for-stm32.7-2018-q2-update.macos64_1.5.0.202011040924/tools/bin/../lib/gcc/arm-none-eabi/7.3.1/../../../../arm-none-eabi/lib/thumb/v7e-m/fpv4-sp/hard/libc_nano.a(lib_a-malloc.o)
                              Core/Src/main.o (malloc)
/Applications/STM32CubeIDE.app/Contents/Eclipse/plugins/com.st.stm32cube.ide.mcu.externaltools.gnu-tools-for-stm32.7-2018-q2-update.macos64_1.5.0.202011040924/tools/bin/../lib/gcc/arm-none-eabi/7.3.1/../../../../arm-none-eabi/lib/thumb/v7e-m/fpv4-sp/hard/libc_nano.a(lib_a-memcpy-stub.o)
                              Core/Src/main.o (memcpy)
/Applications/STM32CubeIDE.app/Contents/Eclipse/plugins/com.st.stm32cube.ide.mcu.externaltools.gnu-tools-for-stm32.7-2018-q2-update.macos64_1.5.0.202011040924/tools/bin/../lib/gcc/arm-none-eabi/7.3.1/../../../../arm-none-eabi/lib/thumb/v7e-m/fpv4-sp/hard/libc_nano.a(lib_a-memset.o)
                              /Applications/STM32CubeIDE.app/Contents/Eclipse/plugins/com.st.stm32cube.ide.mcu.externaltools.gnu-tools-for-stm32.7-2018-q2-update.macos64_1.5.0.202011040924/tools/bin/../lib/gcc/arm-none-eabi/7.3.1/../../../../arm-none-eabi/lib/thumb/v7e-m/fpv4-sp/hard/crt0.o (memset)
/Applications/STM32CubeIDE.app/Contents/Eclipse/plugins/com.st.stm32cube.ide.mcu.externaltools.gnu-tools-for-stm32.7-2018-q2-update.macos64_1.5.0.202011040924/tools/bin/../lib/gcc/arm-none-eabi/7.3.1/../../../../arm-none-eabi/lib/thumb/v7e-m/fpv4-sp/hard/libc_nano.a(lib_a-nano-freer.o)
                              /Applications/STM32CubeIDE.app/Contents/Eclipse/plugins/com.st.stm32cube.ide.mcu.externaltools.gnu-tools-for-stm32.7-2018-q2-update.macos64_1.5.0.202011040924/tools/bin/../lib/gcc/arm-none-eabi/7.3.1/../../../../arm-none-eabi/lib/thumb/v7e-m/fpv4-sp/hard/libc_nano.a(lib_a-malloc.o) (_free_r)
/Applications/STM32CubeIDE.app/Contents/Eclipse/plugins/com.st.stm32cube.ide.mcu.externaltools.gnu-tools-for-stm32.7-2018-q2-update.macos64_1.5.0.202011040924/tools/bin/../lib/gcc/arm-none-eabi/7.3.1/../../../../arm-none-eabi/lib/thumb/v7e-m/fpv4-sp/hard/libc_nano.a(lib_a-nano-mallocr.o)
[...]
Memory Configuration

Name             Origin             Length             Attributes
RAM              0x0000000020000000 0x00000000000a0000 xrw
FLASH            0x0000000008000000 0x0000000000200000 xr
*default*        0x0000000000000000 0xffffffffffffffff

Linker script and memory map

LOAD /Applications/STM32CubeIDE.app/Contents/Eclipse/plugins/com.st.stm32cube.ide.mcu.externaltools.gnu-tools-for-stm32.7-2018-q2-update.macos64_1.5.0.202011040924/tools/bin/../lib/gcc/arm-none-eabi/7.3.1/thumb/v7e-m/fpv4-sp/hard/crti.o
LOAD /Applications/STM32CubeIDE.app/Contents/Eclipse/plugins/com.st.stm32cube.ide.mcu.externaltools.gnu-tools-for-stm32.7-2018-q2-update.macos64_1.5.0.202011040924/tools/bin/../lib/gcc/arm-none-eabi/7.3.1/thumb/v7e-m/fpv4-sp/hard/crtbegin.o
LOAD /Applications/STM32CubeIDE.app/Contents/Eclipse/plugins/com.st.stm32cube.ide.mcu.externaltools.gnu-tools-for-stm32.7-2018-q2-update.macos64_1.5.0.202011040924/tools/bin/../lib/gcc/arm-none-eabi/7.3.1/../../../../arm-none-eabi/lib/thumb/v7e-m/fpv4-sp/hard/crt0.o
LOAD Core/Src/main.o
LOAD Core/Src/stm32l4xx_hal_msp.o
LOAD Core/Src/stm32l4xx_hal_timebase_tim.o
LOAD Core/Src/stm32l4xx_it.o
LOAD Core/Src/syscalls.o
LOAD Core/Src/sysmem.o
LOAD Core/Src/system_stm32l4xx.o
LOAD Core/Startup/startup_stm32l4s5vitx.o
LOAD Drivers/STM32L4xx_HAL_Driver/Src/stm32l4xx_hal.o
LOAD Drivers/STM32L4xx_HAL_Driver/Src/stm32l4xx_hal_cortex.o
LOAD Drivers/STM32L4xx_HAL_Driver/Src/stm32l4xx_hal_dac.o
LOAD Drivers/STM32L4xx_HAL_Driver/Src/stm32l4xx_hal_dac_ex.o
LOAD Drivers/STM32L4xx_HAL_Driver/Src/stm32l4xx_hal_dma.o
LOAD Drivers/STM32L4xx_HAL_Driver/Src/stm32l4xx_hal_dma_ex.o
LOAD Drivers/STM32L4xx_HAL_Driver/Src/stm32l4xx_hal_exti.o
LOAD Drivers/STM32L4xx_HAL_Driver/Src/stm32l4xx_hal_flash.o
LOAD Drivers/STM32L4xx_HAL_Driver/Src/stm32l4xx_hal_flash_ex.o
LOAD Drivers/STM32L4xx_HAL_Driver/Src/stm32l4xx_hal_flash_ramfunc.o
LOAD Drivers/STM32L4xx_HAL_Driver/Src/stm32l4xx_hal_gpio.o
LOAD Drivers/STM32L4xx_HAL_Driver/Src/stm32l4xx_hal_i2c.o
LOAD Drivers/STM32L4xx_HAL_Driver/Src/stm32l4xx_hal_i2c_ex.o
LOAD Drivers/STM32L4xx_HAL_Driver/Src/stm32l4xx_hal_pwr.o
LOAD Drivers/STM32L4xx_HAL_Driver/Src/stm32l4xx_hal_pwr_ex.o
LOAD Drivers/STM32L4xx_HAL_Driver/Src/stm32l4xx_hal_rcc.o
LOAD Drivers/STM32L4xx_HAL_Driver/Src/stm32l4xx_hal_rcc_ex.o
LOAD Drivers/STM32L4xx_HAL_Driver/Src/stm32l4xx_hal_tim.o
LOAD Drivers/STM32L4xx_HAL_Driver/Src/stm32l4xx_hal_tim_ex.o
LOAD Drivers/STM32L4xx_HAL_Driver/Src/stm32l4xx_hal_uart.o
LOAD Drivers/STM32L4xx_HAL_Driver/Src/stm32l4xx_hal_uart_ex.o
LOAD /Users/Amogh/STM32CubeIDE/workspace_1.5.1/ECSE444_Group1_Project/Core/Lib/libarm_cortexM4lf_math.a
START GROUP
LOAD /Applications/STM32CubeIDE.app/Contents/Eclipse/plugins/com.st.stm32cube.ide.mcu.externaltools.gnu-tools-for-stm32.7-2018-q2-update.macos64_1.5.0.202011040924/tools/bin/../lib/gcc/arm-none-eabi/7.3.1/../../../../arm-none-eabi/lib/thumb/v7e-m/fpv4-sp/hard/libc_nano.a
LOAD /Applications/STM32CubeIDE.app/Contents/Eclipse/plugins/com.st.stm32cube.ide.mcu.externaltools.gnu-tools-for-stm32.7-2018-q2-update.macos64_1.5.0.202011040924/tools/bin/../lib/gcc/arm-none-eabi/7.3.1/../../../../arm-none-eabi/lib/thumb/v7e-m/fpv4-sp/hard/libm.a
END GROUP
START GROUP
LOAD /Applications/STM32CubeIDE.app/Contents/Eclipse/plugins/com.st.stm32cube.ide.mcu.externaltools.gnu-tools-for-stm32.7-2018-q2-update.macos64_1.5.0.202011040924/tools/bin/../lib/gcc/arm-none-eabi/7.3.1/thumb/v7e-m/fpv4-sp/hard/libgcc.a
LOAD /Applications/STM32CubeIDE.app/Contents/Eclipse/plugins/com.st.stm32cube.ide.mcu.externaltools.gnu-tools-for-stm32.7-2018-q2-update.macos64_1.5.0.202011040924/tools/bin/../lib/gcc/arm-none-eabi/7.3.1/../../../../arm-none-eabi/lib/thumb/v7e-m/fpv4-sp/hard/libc_nano.a
END GROUP
START GROUP
LOAD /Applications/STM32CubeIDE.app/Contents/Eclipse/plugins/com.st.stm32cube.ide.mcu.externaltools.gnu-tools-for-stm32.7-2018-q2-update.macos64_1.5.0.202011040924/tools/bin/../lib/gcc/arm-none-eabi/7.3.1/thumb/v7e-m/fpv4-sp/hard/libgcc.a
LOAD /Applications/STM32CubeIDE.app/Contents/Eclipse/plugins/com.st.stm32cube.ide.mcu.externaltools.gnu-tools-for-stm32.7-2018-q2-update.macos64_1.5.0.202011040924/tools/bin/../lib/gcc/arm-none-eabi/7.3.1/../../../../arm-none-eabi/lib/thumb/v7e-m/fpv4-sp/hard/libc_nano.a
LOAD /Applications/STM32CubeIDE.app/Contents/Eclipse/plugins/com.st.stm32cube.ide.mcu.externaltools.gnu-tools-for-stm32.7-2018-q2-update.macos64_1.5.0.202011040924/tools/bin/../lib/gcc/arm-none-eabi/7.3.1/../../../../arm-none-eabi/lib/thumb/v7e-m/fpv4-sp/hard/libnosys.a
END GROUP
START GROUP
LOAD /Applications/STM32CubeIDE.app/Contents/Eclipse/plugins/com.st.stm32cube.ide.mcu.externaltools.gnu-tools-for-stm32.7-2018-q2-update.macos64_1.5.0.202011040924/tools/bin/../lib/gcc/arm-none-eabi/7.3.1/thumb/v7e-m/fpv4-sp/hard/libgcc.a
LOAD /Applications/STM32CubeIDE.app/Contents/Eclipse/plugins/com.st.stm32cube.ide.mcu.externaltools.gnu-tools-for-stm32.7-2018-q2-update.macos64_1.5.0.202011040924/tools/bin/../lib/gcc/arm-none-eabi/7.3.1/../../../../arm-none-eabi/lib/thumb/v7e-m/fpv4-sp/hard/libc_nano.a
LOAD /Applications/STM32CubeIDE.app/Contents/Eclipse/plugins/com.st.stm32cube.ide.mcu.externaltools.gnu-tools-for-stm32.7-2018-q2-update.macos64_1.5.0.202011040924/tools/bin/../lib/gcc/arm-none-eabi/7.3.1/../../../../arm-none-eabi/lib/thumb/v7e-m/fpv4-sp/hard/libnosys.a
END GROUP
LOAD /Applications/STM32CubeIDE.app/Contents/Eclipse/plugins/com.st.stm32cube.ide.mcu.externaltools.gnu-tools-for-stm32.7-2018-q2-update.macos64_1.5.0.202011040924/tools/bin/../lib/gcc/arm-none-eabi/7.3.1/thumb/v7e-m/fpv4-sp/hard/crtend.o
LOAD /Applications/STM32CubeIDE.app/Contents/Eclipse/plugins/com.st.stm32cube.ide.mcu.externaltools.gnu-tools-for-stm32.7-2018-q2-update.macos64_1.5.0.202011040924/tools/bin/../lib/gcc/arm-none-eabi/7.3.1/thumb/v7e-m/fpv4-sp/hard/crtn.o
                0x00000000200a0000                _estack = (ORIGIN (RAM) + LENGTH (RAM))
                0x0000000000000200                _Min_Heap_Size = 0x200
                0x0000000000000400                _Min_Stack_Size = 0x400

.isr_vector     0x0000000008000000      0x1bc
                0x0000000008000000                . = ALIGN (0x4)
 *(.isr_vector)
 .isr_vector    0x0000000008000000      0x1bc Core/Startup/startup_stm32l4s5vitx.o
                0x0000000008000000                g_pfnVectors
                0x00000000080001bc                . = ALIGN (0x4)

.text           0x00000000080001bc     0x4b3c
                0x00000000080001bc                . = ALIGN (0x4)
 *(.text)
 .text          0x00000000080001bc       0x40 /Applications/STM32CubeIDE.app/Contents/Eclipse/plugins/com.st.stm32cube.ide.mcu.externaltools.gnu-tools-for-stm32.7-2018-q2-update.macos64_1.5.0.202011040924/tools/bin/../lib/gcc/arm-none-eabi/7.3.1/thumb/v7e-m/fpv4-sp/hard/crtbegin.o
 .text          0x00000000080001fc       0x14 /Applications/STM32CubeIDE.app/Contents/Eclipse/plugins/com.st.stm32cube.ide.mcu.externaltools.gnu-tools-for-stm32.7-2018-q2-update.macos64_1.5.0.202011040924/tools/bin/../lib/gcc/arm-none-eabi/7.3.1/../../../../arm-none-eabi/lib/thumb/v7e-m/fpv4-sp/hard/libc_nano.a(lib_a-strcmp.o)
                0x00000000080001fc                strcmp
 .text          0x0000000008000210       0x30 /Applications/STM32CubeIDE.app/Contents/Eclipse/plugins/com.st.stm32cube.ide.mcu.externaltools.gnu-tools-for-stm32.7-2018-q2-update.macos64_1.5.0.202011040924/tools/bin/../lib/gcc/arm-none-eabi/7.3.1/thumb/v7e-m/fpv4-sp/hard/libgcc.a(_aeabi_uldivmod.o)
                0x0000000008000210                __aeabi_uldivmod
 .text          0x0000000008000240      0x2cc /Applications/STM32CubeIDE.app/Contents/Eclipse/plugins/com.st.stm32cube.ide.mcu.externaltools.gnu-tools-for-stm32.7-2018-q2-update.macos64_1.5.0.202011040924/tools/bin/../lib/gcc/arm-none-eabi/7.3.1/thumb/v7e-m/fpv4-sp/hard/libgcc.a(_udivmoddi4.o)
                0x0000000008000240                __udivmoddi4
 .text          0x000000000800050c        0x4 /Applications/STM32CubeIDE.app/Contents/Eclipse/plugins/com.st.stm32cube.ide.mcu.externaltools.gnu-tools-for-stm32.7-2018-q2-update.macos64_1.5.0.202011040924/tools/bin/../lib/gcc/arm-none-eabi/7.3.1/thumb/v7e-m/fpv4-sp/hard/libgcc.a(_dvmd_tls.o)
                0x000000000800050c                __aeabi_ldiv0
                0x000000000800050c                __aeabi_idiv0
 *(.text*)
 .text.promptGreeting
                0x0000000008000510      0x140 Core/Src/main.o
                0x0000000008000510                promptGreeting
 .text.selectTone
                0x0000000008000650       0xd0 Core/Src/main.o
                0x0000000008000650                selectTone
 .text.main     0x0000000008000720       0x2a Core/Src/main.o
                0x0000000008000720                main
 .text.SystemClock_Config
                0x000000000800074a       0xf2 Core/Src/main.o
                0x000000000800074a                SystemClock_Config
 .text.MX_DAC1_Init
                0x000000000800083c       0x68 Core/Src/main.o
 .text.MX_I2C2_Init
                0x00000000080008a4       0x80 Core/Src/main.o
 .text.MX_TIM2_Init
                0x0000000008000924       0x9c Core/Src/main.o
 .text.MX_USART1_UART_Init
                0x00000000080009c0       0x98 Core/Src/main.o
 .text.MX_GPIO_Init
                0x0000000008000a58       0xcc Core/Src/main.o
 .text.HAL_TIM_PeriodElapsedCallback
                0x0000000008000b24       0x24 Core/Src/main.o
                0x0000000008000b24                HAL_TIM_PeriodElapsedCallback
 .text.Error_Handler
                0x0000000008000b48        0x8 Core/Src/main.o
                0x0000000008000b48                Error_Handler
 .text.HAL_MspInit
                0x0000000008000b50       0x48 Core/Src/stm32l4xx_hal_msp.o
                0x0000000008000b50                HAL_MspInit
 .text.HAL_DAC_MspInit
                0x0000000008000b98       0x8c Core/Src/stm32l4xx_hal_msp.o
                0x0000000008000b98                HAL_DAC_MspInit
 .text.HAL_I2C_MspInit
                0x0000000008000c24       0x88 Core/Src/stm32l4xx_hal_msp.o
                0x0000000008000c24                HAL_I2C_MspInit
 .text.HAL_TIM_Base_MspInit
                0x0000000008000cac       0x3c Core/Src/stm32l4xx_hal_msp.o
                0x0000000008000cac                HAL_TIM_Base_MspInit
 .text.HAL_UART_MspInit
                0x0000000008000ce8       0x88 Core/Src/stm32l4xx_hal_msp.o
                0x0000000008000ce8                HAL_UART_MspInit
 .text.HAL_InitTick
                0x0000000008000d70       0xac Core/Src/stm32l4xx_hal_timebase_tim.o
                0x0000000008000d70                HAL_InitTick
 .text.NMI_Handler
                0x0000000008000e1c        0x6 Core/Src/stm32l4xx_it.o
                0x0000000008000e1c                NMI_Handler
 .text.HardFault_Handler
                0x0000000008000e22        0x6 Core/Src/stm32l4xx_it.o
                0x0000000008000e22                HardFault_Handler
 .text.MemManage_Handler
                0x0000000008000e28        0x6 Core/Src/stm32l4xx_it.o
                0x0000000008000e28                MemManage_Handler
 .text.BusFault_Handler
                0x0000000008000e2e        0x6 Core/Src/stm32l4xx_it.o
                0x0000000008000e2e                BusFault_Handler
 .text.UsageFault_Handler
                0x0000000008000e34        0x6 Core/Src/stm32l4xx_it.o
                0x0000000008000e34                UsageFault_Handler
 .text.SVC_Handler
                0x0000000008000e3a        0xe Core/Src/stm32l4xx_it.o
                0x0000000008000e3a                SVC_Handler
 .text.DebugMon_Handler
                0x0000000008000e48        0xe Core/Src/stm32l4xx_it.o
                0x0000000008000e48                DebugMon_Handler
 .text.PendSV_Handler
                0x0000000008000e56        0xe Core/Src/stm32l4xx_it.o
                0x0000000008000e56                PendSV_Handler
 .text.SysTick_Handler
                0x0000000008000e64        0xe Core/Src/stm32l4xx_it.o
                0x0000000008000e64                SysTick_Handler
 .text.EXTI15_10_IRQHandler
                0x0000000008000e72       0x10 Core/Src/stm32l4xx_it.o
                0x0000000008000e72                EXTI15_10_IRQHandler
 *fill*         0x0000000008000e82        0x2 
 .text.TIM6_DAC_IRQHandler
                0x0000000008000e84       0x1c Core/Src/stm32l4xx_it.o
                0x0000000008000e84                TIM6_DAC_IRQHandler
 .text.SystemInit
                0x0000000008000ea0       0x6c Core/Src/system_stm32l4xx.o
                0x0000000008000ea0                SystemInit
 .text.Reset_Handler
                0x0000000008000f0c       0x50 Core/Startup/startup_stm32l4s5vitx.o
                0x0000000008000f0c                Reset_Handler
 .text.Default_Handler
                0x0000000008000f5c        0x2 Core/Startup/startup_stm32l4s5vitx.o
                0x0000000008000f5c                TIM1_BRK_TIM15_IRQHandler
                0x0000000008000f5c                EXTI2_IRQHandler
                0x0000000008000f5c                TIM8_TRG_COM_IRQHandler
                0x0000000008000f5c                TIM8_CC_IRQHandler
                0x0000000008000f5c                TIM1_CC_IRQHandler
                0x0000000008000f5c                TSC_IRQHandler
                0x0000000008000f5c                TAMP_STAMP_IRQHandler
                0x0000000008000f5c                EXTI3_IRQHandler
                0x0000000008000f5c                LPTIM2_IRQHandler
                0x0000000008000f5c                DFSDM1_FLT1_IRQHandler
                0x0000000008000f5c                GFXMMU_IRQHandler
                0x0000000008000f5c                I2C3_ER_IRQHandler
                0x0000000008000f5c                DFSDM1_FLT2_IRQHandler
                0x0000000008000f5c                EXTI0_IRQHandler
                0x0000000008000f5c                I2C2_EV_IRQHandler
                0x0000000008000f5c                CAN1_RX0_IRQHandler
                0x0000000008000f5c                FPU_IRQHandler
                0x0000000008000f5c                TIM1_UP_TIM16_IRQHandler
                0x0000000008000f5c                LTDC_ER_IRQHandler
                0x0000000008000f5c                SPI1_IRQHandler
                0x0000000008000f5c                OCTOSPI1_IRQHandler
                0x0000000008000f5c                DCMI_IRQHandler
                0x0000000008000f5c                TIM8_UP_IRQHandler
                0x0000000008000f5c                OCTOSPI2_IRQHandler
                0x0000000008000f5c                DMA2_Channel2_IRQHandler
                0x0000000008000f5c                DMA1_Channel4_IRQHandler
                0x0000000008000f5c                SAI2_IRQHandler
                0x0000000008000f5c                ADC1_IRQHandler
                0x0000000008000f5c                DFSDM1_FLT3_IRQHandler
                0x0000000008000f5c                USART3_IRQHandler
                0x0000000008000f5c                DMA1_Channel7_IRQHandler
                0x0000000008000f5c                CAN1_RX1_IRQHandler
                0x0000000008000f5c                UART5_IRQHandler
                0x0000000008000f5c                TIM4_IRQHandler
                0x0000000008000f5c                DMA2_Channel1_IRQHandler
                0x0000000008000f5c                I2C1_EV_IRQHandler
                0x0000000008000f5c                DMAMUX1_OVR_IRQHandler
                0x0000000008000f5c                DMA1_Channel6_IRQHandler
                0x0000000008000f5c                UART4_IRQHandler
                0x0000000008000f5c                DMA2_Channel4_IRQHandler
                0x0000000008000f5c                TIM3_IRQHandler
                0x0000000008000f5c                RCC_IRQHandler
                0x0000000008000f5c                DMA1_Channel1_IRQHandler
                0x0000000008000f5c                Default_Handler
                0x0000000008000f5c                DMA2_Channel7_IRQHandler
                0x0000000008000f5c                TIM7_IRQHandler
                0x0000000008000f5c                SDMMC1_IRQHandler
                0x0000000008000f5c                TIM5_IRQHandler
                0x0000000008000f5c                I2C3_EV_IRQHandler
                0x0000000008000f5c                EXTI9_5_IRQHandler
                0x0000000008000f5c                RTC_WKUP_IRQHandler
                0x0000000008000f5c                LTDC_IRQHandler
                0x0000000008000f5c                PVD_PVM_IRQHandler
                0x0000000008000f5c                SPI2_IRQHandler
                0x0000000008000f5c                CAN1_TX_IRQHandler
                0x0000000008000f5c                DMA2_Channel5_IRQHandler
                0x0000000008000f5c                DMA1_Channel5_IRQHandler
                0x0000000008000f5c                EXTI4_IRQHandler
                0x0000000008000f5c                RNG_IRQHandler
                0x0000000008000f5c                TIM1_TRG_COM_TIM17_IRQHandler
                0x0000000008000f5c                DMA1_Channel3_IRQHandler
                0x0000000008000f5c                COMP_IRQHandler
                0x0000000008000f5c                HASH_CRS_IRQHandler
                0x0000000008000f5c                WWDG_IRQHandler
                0x0000000008000f5c                I2C4_EV_IRQHandler
                0x0000000008000f5c                LPUART1_IRQHandler
                0x0000000008000f5c                DMA2_Channel6_IRQHandler
                0x0000000008000f5c                TIM2_IRQHandler
                0x0000000008000f5c                DMA2D_IRQHandler
                0x0000000008000f5c                EXTI1_IRQHandler
                0x0000000008000f5c                AES_IRQHandler
                0x0000000008000f5c                USART2_IRQHandler
                0x0000000008000f5c                DFSDM1_FLT0_IRQHandler
                0x0000000008000f5c                I2C2_ER_IRQHandler
                0x0000000008000f5c                DMA1_Channel2_IRQHandler
                0x0000000008000f5c                TIM8_BRK_IRQHandler
                0x0000000008000f5c                CAN1_SCE_IRQHandler
                0x0000000008000f5c                FLASH_IRQHandler
                0x0000000008000f5c                USART1_IRQHandler
                0x0000000008000f5c                OTG_FS_IRQHandler
                0x0000000008000f5c                SPI3_IRQHandler
                0x0000000008000f5c                I2C1_ER_IRQHandler
                0x0000000008000f5c                FMC_IRQHandler
                0x0000000008000f5c                LPTIM1_IRQHandler
                0x0000000008000f5c                I2C4_ER_IRQHandler
                0x0000000008000f5c                SAI1_IRQHandler
                0x0000000008000f5c                DMA2_Channel3_IRQHandler
                0x0000000008000f5c                RTC_Alarm_IRQHandler
 .text.HAL_Init
                0x0000000008000f5e       0x30 Drivers/STM32L4xx_HAL_Driver/Src/stm32l4xx_hal.o
                0x0000000008000f5e                HAL_Init
 *fill*         0x0000000008000f8e        0x2 
 .text.HAL_IncTick
                0x0000000008000f90       0x28 Drivers/STM32L4xx_HAL_Driver/Src/stm32l4xx_hal.o
                0x0000000008000f90                HAL_IncTick
 .text.HAL_GetTick
                0x0000000008000fb8       0x18 Drivers/STM32L4xx_HAL_Driver/Src/stm32l4xx_hal.o
                0x0000000008000fb8                HAL_GetTick
 .text.HAL_Delay
                0x0000000008000fd0       0x44 Drivers/STM32L4xx_HAL_Driver/Src/stm32l4xx_hal.o
                0x0000000008000fd0                HAL_Delay
 .text.__NVIC_SetPriorityGrouping
                0x0000000008001014       0x48 Drivers/STM32L4xx_HAL_Driver/Src/stm32l4xx_hal_cortex.o
 .text.__NVIC_GetPriorityGrouping
                0x000000000800105c       0x1c Drivers/STM32L4xx_HAL_Driver/Src/stm32l4xx_hal_cortex.o
 .text.__NVIC_EnableIRQ
                0x0000000008001078       0x3c Drivers/STM32L4xx_HAL_Driver/Src/stm32l4xx_hal_cortex.o
 .text.__NVIC_SetPriority
                0x00000000080010b4       0x54 Drivers/STM32L4xx_HAL_Driver/Src/stm32l4xx_hal_cortex.o
 .text.NVIC_EncodePriority
                0x0000000008001108       0x66 Drivers/STM32L4xx_HAL_Driver/Src/stm32l4xx_hal_cortex.o
 .text.HAL_NVIC_SetPriorityGrouping
                0x000000000800116e       0x16 Drivers/STM32L4xx_HAL_Driver/Src/stm32l4xx_hal_cortex.o
                0x000000000800116e                HAL_NVIC_SetPriorityGrouping
 .text.HAL_NVIC_SetPriority
                0x0000000008001184       0x38 Drivers/STM32L4xx_HAL_Driver/Src/stm32l4xx_hal_cortex.o
                0x0000000008001184                HAL_NVIC_SetPriority
 .text.HAL_NVIC_EnableIRQ
                0x00000000080011bc       0x1c Drivers/STM32L4xx_HAL_Driver/Src/stm32l4xx_hal_cortex.o
                0x00000000080011bc                HAL_NVIC_EnableIRQ
 .text.HAL_DAC_Init
                0x00000000080011d8       0x44 Drivers/STM32L4xx_HAL_Driver/Src/stm32l4xx_hal_dac.o
                0x00000000080011d8                HAL_DAC_Init
 .text.HAL_DAC_IRQHandler
                0x000000000800121c       0xb4 Drivers/STM32L4xx_HAL_Driver/Src/stm32l4xx_hal_dac.o
                0x000000000800121c                HAL_DAC_IRQHandler
 .text.HAL_DAC_DMAUnderrunCallbackCh1
                0x00000000080012d0       0x14 Drivers/STM32L4xx_HAL_Driver/Src/stm32l4xx_hal_dac.o
                0x00000000080012d0                HAL_DAC_DMAUnderrunCallbackCh1
 .text.HAL_DAC_ConfigChannel
                0x00000000080012e4      0x280 Drivers/STM32L4xx_HAL_Driver/Src/stm32l4xx_hal_dac.o
                0x00000000080012e4                HAL_DAC_ConfigChannel
 .text.HAL_DACEx_DMAUnderrunCallbackCh2
                0x0000000008001564       0x14 Drivers/STM32L4xx_HAL_Driver/Src/stm32l4xx_hal_dac_ex.o
                0x0000000008001564                HAL_DACEx_DMAUnderrunCallbackCh2
 .text.HAL_GPIO_Init
                0x0000000008001578      0x324 Drivers/STM32L4xx_HAL_Driver/Src/stm32l4xx_hal_gpio.o
                0x0000000008001578                HAL_GPIO_Init
 .text.HAL_GPIO_WritePin
                0x000000000800189c       0x30 Drivers/STM32L4xx_HAL_Driver/Src/stm32l4xx_hal_gpio.o
                0x000000000800189c                HAL_GPIO_WritePin
 .text.HAL_GPIO_EXTI_IRQHandler
                0x00000000080018cc       0x30 Drivers/STM32L4xx_HAL_Driver/Src/stm32l4xx_hal_gpio.o
                0x00000000080018cc                HAL_GPIO_EXTI_IRQHandler
 .text.HAL_GPIO_EXTI_Callback
                0x00000000080018fc       0x16 Drivers/STM32L4xx_HAL_Driver/Src/stm32l4xx_hal_gpio.o
                0x00000000080018fc                HAL_GPIO_EXTI_Callback
 .text.HAL_I2C_Init
                0x0000000008001912      0x11e Drivers/STM32L4xx_HAL_Driver/Src/stm32l4xx_hal_i2c.o
                0x0000000008001912                HAL_I2C_Init
 .text.HAL_I2CEx_ConfigAnalogFilter
                0x0000000008001a30       0x96 Drivers/STM32L4xx_HAL_Driver/Src/stm32l4xx_hal_i2c_ex.o
                0x0000000008001a30                HAL_I2CEx_ConfigAnalogFilter
 .text.HAL_I2CEx_ConfigDigitalFilter
                0x0000000008001ac6       0x98 Drivers/STM32L4xx_HAL_Driver/Src/stm32l4xx_hal_i2c_ex.o
                0x0000000008001ac6                HAL_I2CEx_ConfigDigitalFilter
 *fill*         0x0000000008001b5e        0x2 
 .text.HAL_PWREx_GetVoltageRange
                0x0000000008001b60       0x40 Drivers/STM32L4xx_HAL_Driver/Src/stm32l4xx_hal_pwr_ex.o
                0x0000000008001b60                HAL_PWREx_GetVoltageRange
 .text.HAL_PWREx_ControlVoltageScaling
                0x0000000008001ba0      0x148 Drivers/STM32L4xx_HAL_Driver/Src/stm32l4xx_hal_pwr_ex.o
                0x0000000008001ba0                HAL_PWREx_ControlVoltageScaling
 .text.HAL_RCC_OscConfig
                0x0000000008001ce8      0x84c Drivers/STM32L4xx_HAL_Driver/Src/stm32l4xx_hal_rcc.o
                0x0000000008001ce8                HAL_RCC_OscConfig
 .text.HAL_RCC_ClockConfig
                0x0000000008002534      0x258 Drivers/STM32L4xx_HAL_Driver/Src/stm32l4xx_hal_rcc.o
                0x0000000008002534                HAL_RCC_ClockConfig
 .text.HAL_RCC_GetSysClockFreq
                0x000000000800278c      0x114 Drivers/STM32L4xx_HAL_Driver/Src/stm32l4xx_hal_rcc.o
                0x000000000800278c                HAL_RCC_GetSysClockFreq
 .text.HAL_RCC_GetHCLKFreq
                0x00000000080028a0       0x18 Drivers/STM32L4xx_HAL_Driver/Src/stm32l4xx_hal_rcc.o
                0x00000000080028a0                HAL_RCC_GetHCLKFreq
 .text.HAL_RCC_GetPCLK1Freq
                0x00000000080028b8       0x2c Drivers/STM32L4xx_HAL_Driver/Src/stm32l4xx_hal_rcc.o
                0x00000000080028b8                HAL_RCC_GetPCLK1Freq
 .text.HAL_RCC_GetPCLK2Freq
                0x00000000080028e4       0x2c Drivers/STM32L4xx_HAL_Driver/Src/stm32l4xx_hal_rcc.o
                0x00000000080028e4                HAL_RCC_GetPCLK2Freq
 .text.HAL_RCC_GetClockConfig
                0x0000000008002910       0x64 Drivers/STM32L4xx_HAL_Driver/Src/stm32l4xx_hal_rcc.o
                0x0000000008002910                HAL_RCC_GetClockConfig
 .text.RCC_SetFlashLatencyFromMSIRange
                0x0000000008002974       0xb4 Drivers/STM32L4xx_HAL_Driver/Src/stm32l4xx_hal_rcc.o
 .text.RCC_GetSysClockFreqFromPLLSource
                0x0000000008002a28       0xd0 Drivers/STM32L4xx_HAL_Driver/Src/stm32l4xx_hal_rcc.o
 .text.HAL_RCCEx_PeriphCLKConfig
                0x0000000008002af8      0x650 Drivers/STM32L4xx_HAL_Driver/Src/stm32l4xx_hal_rcc_ex.o
                0x0000000008002af8                HAL_RCCEx_PeriphCLKConfig
 .text.RCCEx_PLLSAI1_Config
                0x0000000008003148      0x1e0 Drivers/STM32L4xx_HAL_Driver/Src/stm32l4xx_hal_rcc_ex.o
 .text.RCCEx_PLLSAI2_Config
                0x0000000008003328      0x1e0 Drivers/STM32L4xx_HAL_Driver/Src/stm32l4xx_hal_rcc_ex.o
 .text.HAL_TIM_Base_Init
                0x0000000008003508       0xae Drivers/STM32L4xx_HAL_Driver/Src/stm32l4xx_hal_tim.o
                0x0000000008003508                HAL_TIM_Base_Init
 *fill*         0x00000000080035b6        0x2 
 .text.HAL_TIM_Base_Start_IT
                0x00000000080035b8       0xe0 Drivers/STM32L4xx_HAL_Driver/Src/stm32l4xx_hal_tim.o
                0x00000000080035b8                HAL_TIM_Base_Start_IT
 .text.HAL_TIM_IRQHandler
                0x0000000008003698      0x23e Drivers/STM32L4xx_HAL_Driver/Src/stm32l4xx_hal_tim.o
                0x0000000008003698                HAL_TIM_IRQHandler
 .text.HAL_TIM_ConfigClockSource
                0x00000000080038d6      0x172 Drivers/STM32L4xx_HAL_Driver/Src/stm32l4xx_hal_tim.o
                0x00000000080038d6                HAL_TIM_ConfigClockSource
 .text.HAL_TIM_OC_DelayElapsedCallback
                0x0000000008003a48       0x14 Drivers/STM32L4xx_HAL_Driver/Src/stm32l4xx_hal_tim.o
                0x0000000008003a48                HAL_TIM_OC_DelayElapsedCallback
 .text.HAL_TIM_IC_CaptureCallback
                0x0000000008003a5c       0x14 Drivers/STM32L4xx_HAL_Driver/Src/stm32l4xx_hal_tim.o
                0x0000000008003a5c                HAL_TIM_IC_CaptureCallback
 .text.HAL_TIM_PWM_PulseFinishedCallback
                0x0000000008003a70       0x14 Drivers/STM32L4xx_HAL_Driver/Src/stm32l4xx_hal_tim.o
                0x0000000008003a70                HAL_TIM_PWM_PulseFinishedCallback
 .text.HAL_TIM_TriggerCallback
                0x0000000008003a84       0x14 Drivers/STM32L4xx_HAL_Driver/Src/stm32l4xx_hal_tim.o
                0x0000000008003a84                HAL_TIM_TriggerCallback
 .text.TIM_Base_SetConfig
                0x0000000008003a98      0x134 Drivers/STM32L4xx_HAL_Driver/Src/stm32l4xx_hal_tim.o
                0x0000000008003a98                TIM_Base_SetConfig
 .text.TIM_TI1_ConfigInputStage
                0x0000000008003bcc       0x5e Drivers/STM32L4xx_HAL_Driver/Src/stm32l4xx_hal_tim.o
 .text.TIM_TI2_ConfigInputStage
                0x0000000008003c2a       0x60 Drivers/STM32L4xx_HAL_Driver/Src/stm32l4xx_hal_tim.o
 .text.TIM_ITRx_SetConfig
                0x0000000008003c8a       0x36 Drivers/STM32L4xx_HAL_Driver/Src/stm32l4xx_hal_tim.o
 .text.TIM_ETR_SetConfig
                0x0000000008003cc0       0x40 Drivers/STM32L4xx_HAL_Driver/Src/stm32l4xx_hal_tim.o
                0x0000000008003cc0                TIM_ETR_SetConfig
 .text.HAL_TIMEx_MasterConfigSynchronization
                0x0000000008003d00      0x110 Drivers/STM32L4xx_HAL_Driver/Src/stm32l4xx_hal_tim_ex.o
                0x0000000008003d00                HAL_TIMEx_MasterConfigSynchronization
 .text.HAL_TIMEx_CommutCallback
                0x0000000008003e10       0x14 Drivers/STM32L4xx_HAL_Driver/Src/stm32l4xx_hal_tim_ex.o
                0x0000000008003e10                HAL_TIMEx_CommutCallback
 .text.HAL_TIMEx_BreakCallback
                0x0000000008003e24       0x14 Drivers/STM32L4xx_HAL_Driver/Src/stm32l4xx_hal_tim_ex.o
                0x0000000008003e24                HAL_TIMEx_BreakCallback
 .text.HAL_TIMEx_Break2Callback
                0x0000000008003e38       0x14 Drivers/STM32L4xx_HAL_Driver/Src/stm32l4xx_hal_tim_ex.o
                0x0000000008003e38                HAL_TIMEx_Break2Callback
 .text.HAL_UART_Init
                0x0000000008003e4c       0xa0 Drivers/STM32L4xx_HAL_Driver/Src/stm32l4xx_hal_uart.o
                0x0000000008003e4c                HAL_UART_Init
 .text.HAL_UART_Transmit
                0x0000000008003eec      0x12e Drivers/STM32L4xx_HAL_Driver/Src/stm32l4xx_hal_uart.o
                0x0000000008003eec                HAL_UART_Transmit
 .text.HAL_UART_Receive
                0x000000000800401a      0x1a2 Drivers/STM32L4xx_HAL_Driver/Src/stm32l4xx_hal_uart.o
                0x000000000800401a                HAL_UART_Receive
 .text.UART_SetConfig
                0x00000000080041bc      0x5a4 Drivers/STM32L4xx_HAL_Driver/Src/stm32l4xx_hal_uart.o
                0x00000000080041bc                UART_SetConfig
 .text.UART_AdvFeatureConfig
                0x0000000008004760      0x144 Drivers/STM32L4xx_HAL_Driver/Src/stm32l4xx_hal_uart.o
                0x0000000008004760                UART_AdvFeatureConfig
 .text.UART_CheckIdleState
                0x00000000080048a4       0x90 Drivers/STM32L4xx_HAL_Driver/Src/stm32l4xx_hal_uart.o
                0x00000000080048a4                UART_CheckIdleState
 .text.UART_WaitOnFlagUntilTimeout
                0x0000000008004934      0x100 Drivers/STM32L4xx_HAL_Driver/Src/stm32l4xx_hal_uart.o
                0x0000000008004934                UART_WaitOnFlagUntilTimeout
 .text.HAL_UARTEx_DisableFifoMode
                0x0000000008004a34       0x72 Drivers/STM32L4xx_HAL_Driver/Src/stm32l4xx_hal_uart_ex.o
                0x0000000008004a34                HAL_UARTEx_DisableFifoMode
 .text.HAL_UARTEx_SetTxFifoThreshold
                0x0000000008004aa6       0x7c Drivers/STM32L4xx_HAL_Driver/Src/stm32l4xx_hal_uart_ex.o
                0x0000000008004aa6                HAL_UARTEx_SetTxFifoThreshold
 .text.HAL_UARTEx_SetRxFifoThreshold
                0x0000000008004b22       0x7c Drivers/STM32L4xx_HAL_Driver/Src/stm32l4xx_hal_uart_ex.o
                0x0000000008004b22                HAL_UARTEx_SetRxFifoThreshold
 *fill*         0x0000000008004b9e        0x2 
 .text.UARTEx_SetNbDataToProcess
                0x0000000008004ba0       0xd0 Drivers/STM32L4xx_HAL_Driver/Src/stm32l4xx_hal_uart_ex.o
 .text.__libc_init_array
                0x0000000008004c70       0x48 /Applications/STM32CubeIDE.app/Contents/Eclipse/plugins/com.st.stm32cube.ide.mcu.externaltools.gnu-tools-for-stm32.7-2018-q2-update.macos64_1.5.0.202011040924/tools/bin/../lib/gcc/arm-none-eabi/7.3.1/../../../../arm-none-eabi/lib/thumb/v7e-m/fpv4-sp/hard/libc_nano.a(lib_a-init.o)
                0x0000000008004c70                __libc_init_array
 .text.memcpy   0x0000000008004cb8       0x16 /Applications/STM32CubeIDE.app/Contents/Eclipse/plugins/com.st.stm32cube.ide.mcu.externaltools.gnu-tools-for-stm32.7-2018-q2-update.macos64_1.5.0.202011040924/tools/bin/../lib/gcc/arm-none-eabi/7.3.1/../../../../arm-none-eabi/lib/thumb/v7e-m/fpv4-sp/hard/libc_nano.a(lib_a-memcpy-stub.o)
                0x0000000008004cb8                memcpy
 .text.memset   0x0000000008004cce       0x10 /Applications/STM32CubeIDE.app/Contents/Eclipse/plugins/com.st.stm32cube.ide.mcu.externaltools.gnu-tools-for-stm32.7-2018-q2-update.macos64_1.5.0.202011040924/tools/bin/../lib/gcc/arm-none-eabi/7.3.1/../../../../arm-none-eabi/lib/thumb/v7e-m/fpv4-sp/hard/libc_nano.a(lib_a-memset.o)
                0x0000000008004cce                memset
 *(.glue_7)
 .glue_7        0x0000000008004cde        0x0 linker stubs
 *(.glue_7t)
 .glue_7t       0x0000000008004cde        0x0 linker stubs
 *(.eh_frame)
 *fill*         0x0000000008004cde        0x2 
 .eh_frame      0x0000000008004ce0        0x0 /Applications/STM32CubeIDE.app/Contents/Eclipse/plugins/com.st.stm32cube.ide.mcu.externaltools.gnu-tools-for-stm32.7-2018-q2-update.macos64_1.5.0.202011040924/tools/bin/../lib/gcc/arm-none-eabi/7.3.1/thumb/v7e-m/fpv4-sp/hard/crtbegin.o
 *(.init)
 .init          0x0000000008004ce0        0x4 /Applications/STM32CubeIDE.app/Contents/Eclipse/plugins/com.st.stm32cube.ide.mcu.externaltools.gnu-tools-for-stm32.7-2018-q2-update.macos64_1.5.0.202011040924/tools/bin/../lib/gcc/arm-none-eabi/7.3.1/thumb/v7e-m/fpv4-sp/hard/crti.o
                0x0000000008004ce0                _init
 .init          0x0000000008004ce4        0x8 /Applications/STM32CubeIDE.app/Contents/Eclipse/plugins/com.st.stm32cube.ide.mcu.externaltools.gnu-tools-for-stm32.7-2018-q2-update.macos64_1.5.0.202011040924/tools/bin/../lib/gcc/arm-none-eabi/7.3.1/thumb/v7e-m/fpv4-sp/hard/crtn.o
 *(.fini)
 .fini          0x0000000008004cec        0x4 /Applications/STM32CubeIDE.app/Contents/Eclipse/plugins/com.st.stm32cube.ide.mcu.externaltools.gnu-tools-for-stm32.7-2018-q2-update.macos64_1.5.0.202011040924/tools/bin/../lib/gcc/arm-none-eabi/7.3.1/thumb/v7e-m/fpv4-sp/hard/crti.o
                0x0000000008004cec                _fini
 .fini          0x0000000008004cf0        0x8 /Applications/STM32CubeIDE.app/Contents/Eclipse/plugins/com.st.stm32cube.ide.mcu.externaltools.gnu-tools-for-stm32.7-2018-q2-update.macos64_1.5.0.202011040924/tools/bin/../lib/gcc/arm-none-eabi/7.3.1/thumb/v7e-m/fpv4-sp/hard/crtn.o
                0x0000000008004cf8                . = ALIGN (0x4)
                0x0000000008004cf8                _etext = .

.vfp11_veneer   0x0000000008004cf8        0x0
 .vfp11_veneer  0x0000000008004cf8        0x0 linker stubs

.v4_bx          0x0000000008004cf8        0x0
 .v4_bx         0x0000000008004cf8        0x0 linker stubs

.iplt           0x0000000008004cf8        0x0
 .iplt          0x0000000008004cf8        0x0 /Applications/STM32CubeIDE.app/Contents/Eclipse/plugins/com.st.stm32cube.ide.mcu.externaltools.gnu-tools-for-stm32.7-2018-q2-update.macos64_1.5.0.202011040924/tools/bin/../lib/gcc/arm-none-eabi/7.3.1/thumb/v7e-m/fpv4-sp/hard/crtbegin.o

.rodata         0x0000000008004cf8      0x268
                0x0000000008004cf8                . = ALIGN (0x4)
 *(.rodata)
 .rodata        0x0000000008004cf8      0x1f8 Core/Src/main.o
 .rodata        0x0000000008004ef0       0x10 Drivers/STM32L4xx_HAL_Driver/Src/stm32l4xx_hal_uart_ex.o
 *(.rodata*)
 .rodata.AHBPrescTable
                0x0000000008004f00       0x10 Core/Src/system_stm32l4xx.o
                0x0000000008004f00                AHBPrescTable
 .rodata.APBPrescTable
                0x0000000008004f10        0x8 Core/Src/system_stm32l4xx.o
                0x0000000008004f10                APBPrescTable
 .rodata.MSIRangeTable
                0x0000000008004f18       0x30 Core/Src/system_stm32l4xx.o
                0x0000000008004f18                MSIRangeTable
 .rodata.UARTPrescTable
                0x0000000008004f48       0x18 Drivers/STM32L4xx_HAL_Driver/Src/stm32l4xx_hal_uart.o
                0x0000000008004f48                UARTPrescTable
                0x0000000008004f60                . = ALIGN (0x4)

.ARM.extab      0x0000000008004f60        0x0
                0x0000000008004f60                . = ALIGN (0x4)
 *(.ARM.extab* .gnu.linkonce.armextab.*)
                0x0000000008004f60                . = ALIGN (0x4)

.ARM            0x0000000008004f60        0x8
                0x0000000008004f60                . = ALIGN (0x4)
                0x0000000008004f60                __exidx_start = .
 *(.ARM.exidx*)
 .ARM.exidx     0x0000000008004f60        0x8 /Applications/STM32CubeIDE.app/Contents/Eclipse/plugins/com.st.stm32cube.ide.mcu.externaltools.gnu-tools-for-stm32.7-2018-q2-update.macos64_1.5.0.202011040924/tools/bin/../lib/gcc/arm-none-eabi/7.3.1/thumb/v7e-m/fpv4-sp/hard/libgcc.a(_udivmoddi4.o)
                0x0000000008004f68                __exidx_end = .
                0x0000000008004f68                . = ALIGN (0x4)

.rel.dyn        0x0000000008004f68        0x0
 .rel.iplt      0x0000000008004f68        0x0 /Applications/STM32CubeIDE.app/Contents/Eclipse/plugins/com.st.stm32cube.ide.mcu.externaltools.gnu-tools-for-stm32.7-2018-q2-update.macos64_1.5.0.202011040924/tools/bin/../lib/gcc/arm-none-eabi/7.3.1/thumb/v7e-m/fpv4-sp/hard/crtbegin.o

.preinit_array  0x0000000008004f68        0x0
                0x0000000008004f68                . = ALIGN (0x4)
                0x0000000008004f68                PROVIDE (__preinit_array_start = .)
 *(.preinit_array*)
                0x0000000008004f68                PROVIDE (__preinit_array_end = .)
                0x0000000008004f68                . = ALIGN (0x4)

.init_array     0x0000000008004f68        0x4
                0x0000000008004f68                . = ALIGN (0x4)
                0x0000000008004f68                PROVIDE (__init_array_start = .)
 *(SORT_BY_NAME(.init_array.*))
 *(.init_array*)
 .init_array    0x0000000008004f68        0x4 /Applications/STM32CubeIDE.app/Contents/Eclipse/plugins/com.st.stm32cube.ide.mcu.externaltools.gnu-tools-for-stm32.7-2018-q2-update.macos64_1.5.0.202011040924/tools/bin/../lib/gcc/arm-none-eabi/7.3.1/thumb/v7e-m/fpv4-sp/hard/crtbegin.o
                0x0000000008004f6c                PROVIDE (__init_array_end = .)
                0x0000000008004f6c                . = ALIGN (0x4)

.fini_array     0x0000000008004f6c        0x4
                0x0000000008004f6c                . = ALIGN (0x4)
                [!provide]                        PROVIDE (__fini_array_start = .)
 *(SORT_BY_NAME(.fini_array.*))
 *(.fini_array*)
 .fini_array    0x0000000008004f6c        0x4 /Applications/STM32CubeIDE.app/Contents/Eclipse/plugins/com.st.stm32cube.ide.mcu.externaltools.gnu-tools-for-stm32.7-2018-q2-update.macos64_1.5.0.202011040924/tools/bin/../lib/gcc/arm-none-eabi/7.3.1/thumb/v7e-m/fpv4-sp/hard/crtbegin.o
                [!provide]                        PROVIDE (__fini_array_end = .)
                0x0000000008004f70                . = ALIGN (0x4)
                0x0000000008004f70                _sidata = LOADADDR (.data)

.data           0x0000000020000000        0xc load address 0x0000000008004f70
                0x0000000020000000                . = ALIGN (0x4)
                0x0000000020000000                _sdata = .
 *(.data)
 *(.data*)
 .data.SystemCoreClock
                0x0000000020000000        0x4 Core/Src/system_stm32l4xx.o
                0x0000000020000000                SystemCoreClock
 .data.uwTickPrio
                0x0000000020000004        0x4 Drivers/STM32L4xx_HAL_Driver/Src/stm32l4xx_hal.o
                0x0000000020000004                uwTickPrio
 .data.uwTickFreq
                0x0000000020000008        0x1 Drivers/STM32L4xx_HAL_Driver/Src/stm32l4xx_hal.o
                0x0000000020000008                uwTickFreq
 *(.RamFunc)
 *(.RamFunc*)
                0x000000002000000c                . = ALIGN (0x4)
 *fill*         0x0000000020000009        0x3 
                0x000000002000000c                _edata = .

.igot.plt       0x000000002000000c        0x0 load address 0x0000000008004f7c
 .igot.plt      0x000000002000000c        0x0 /Applications/STM32CubeIDE.app/Contents/Eclipse/plugins/com.st.stm32cube.ide.mcu.externaltools.gnu-tools-for-stm32.7-2018-q2-update.macos64_1.5.0.202011040924/tools/bin/../lib/gcc/arm-none-eabi/7.3.1/thumb/v7e-m/fpv4-sp/hard/crtbegin.o
                0x000000002000000c                . = ALIGN (0x4)

.bss            0x000000002000000c      0x594 load address 0x0000000008004f7c
                0x000000002000000c                _sbss = .
                0x000000002000000c                __bss_start__ = _sbss
 *(.bss)
 .bss           0x000000002000000c       0x1c /Applications/STM32CubeIDE.app/Contents/Eclipse/plugins/com.st.stm32cube.ide.mcu.externaltools.gnu-tools-for-stm32.7-2018-q2-update.macos64_1.5.0.202011040924/tools/bin/../lib/gcc/arm-none-eabi/7.3.1/thumb/v7e-m/fpv4-sp/hard/crtbegin.o
 *(.bss*)
 *(COMMON)
 COMMON         0x0000000020000028      0x526 Core/Src/main.o
                0x0000000020000028                greeting
                0x000000002000008c                sineWave_1k
                0x0000000020000090                promptTone2
                0x00000000200000f4                hdac1
                0x0000000020000108                promptTone4
                0x000000002000016c                hi2c2
                0x00000000200001b8                enterPrompt
                0x000000002000021c                prompt1
                0x0000000020000280                huart1
                0x000000002000030c                receivedInput
                0x0000000020000370                promptTone1
                0x00000000200003d4                promptTone3
                0x0000000020000438                C4_buff
                0x000000002000049c                error
                0x0000000020000500                htim2
                0x000000002000054c                sineWave_middle
                0x000000002000054d                sineWave_2k
 *fill*         0x000000002000054e        0x2 
 COMMON         0x0000000020000550       0x4c Core/Src/stm32l4xx_hal_timebase_tim.o
                0x0000000020000550                htim6
 COMMON         0x000000002000059c        0x4 Drivers/STM32L4xx_HAL_Driver/Src/stm32l4xx_hal.o
                0x000000002000059c                uwTick
                0x00000000200005a0                . = ALIGN (0x4)
                0x00000000200005a0                _ebss = .
                0x00000000200005a0                __bss_end__ = _ebss

._user_heap_stack
                0x00000000200005a0      0x600 load address 0x0000000008004f7c
                0x00000000200005a0                . = ALIGN (0x8)
                [!provide]                        PROVIDE (end = .)
                0x00000000200005a0                PROVIDE (_end = .)
                0x00000000200007a0                . = (. + _Min_Heap_Size)
 *fill*         0x00000000200005a0      0x200 
                0x0000000020000ba0                . = (. + _Min_Stack_Size)
 *fill*         0x00000000200007a0      0x400 
                0x0000000020000ba0                . = ALIGN (0x8)

/DISCARD/
 libc.a(*)
 libm.a(*)
 libgcc.a(*)

.ARM.attributes
                0x0000000000000000       0x30
 *(.ARM.attributes)
 .ARM.attributes
                0x0000000000000000       0x22 /Applications/STM32CubeIDE.app/Contents/Eclipse/plugins/com.st.stm32cube.ide.mcu.externaltools.gnu-tools-for-stm32.7-2018-q2-update.macos64_1.5.0.202011040924/tools/bin/../lib/gcc/arm-none-eabi/7.3.1/thumb/v7e-m/fpv4-sp/hard/crti.o
 .ARM.attributes
                0x0000000000000022       0x34 /Applications/STM32CubeIDE.app/Contents/Eclipse/plugins/com.st.stm32cube.ide.mcu.externaltools.gnu-tools-for-stm32.7-2018-q2-update.macos64_1.5.0.202011040924/tools/bin/../lib/gcc/arm-none-eabi/7.3.1/thumb/v7e-m/fpv4-sp/hard/crtbegin.o
 .ARM.attributes
                0x0000000000000056       0x39 Core/Src/main.o
 .ARM.attributes
                0x000000000000008f       0x39 Core/Src/stm32l4xx_hal_msp.o
 .ARM.attributes
                0x00000000000000c8       0x39 Core/Src/stm32l4xx_hal_timebase_tim.o
 .ARM.attributes
                0x0000000000000101       0x39 Core/Src/stm32l4xx_it.o
 .ARM.attributes
                0x000000000000013a       0x39 Core/Src/system_stm32l4xx.o
 .ARM.attributes
                0x0000000000000173       0x21 Core/Startup/startup_stm32l4s5vitx.o
 .ARM.attributes
                0x0000000000000194       0x39 Drivers/STM32L4xx_HAL_Driver/Src/stm32l4xx_hal.o
 .ARM.attributes
                0x00000000000001cd       0x39 Drivers/STM32L4xx_HAL_Driver/Src/stm32l4xx_hal_cortex.o
 .ARM.attributes
                0x0000000000000206       0x39 Drivers/STM32L4xx_HAL_Driver/Src/stm32l4xx_hal_dac.o
 .ARM.attributes
                0x000000000000023f       0x39 Drivers/STM32L4xx_HAL_Driver/Src/stm32l4xx_hal_dac_ex.o
 .ARM.attributes
                0x0000000000000278       0x39 Drivers/STM32L4xx_HAL_Driver/Src/stm32l4xx_hal_gpio.o
 .ARM.attributes
                0x00000000000002b1       0x39 Drivers/STM32L4xx_HAL_Driver/Src/stm32l4xx_hal_i2c.o
 .ARM.attributes
                0x00000000000002ea       0x39 Drivers/STM32L4xx_HAL_Driver/Src/stm32l4xx_hal_i2c_ex.o
 .ARM.attributes
                0x0000000000000323       0x39 Drivers/STM32L4xx_HAL_Driver/Src/stm32l4xx_hal_pwr_ex.o
 .ARM.attributes
                0x000000000000035c       0x39 Drivers/STM32L4xx_HAL_Driver/Src/stm32l4xx_hal_rcc.o
 .ARM.attributes
                0x0000000000000395       0x39 Drivers/STM32L4xx_HAL_Driver/Src/stm32l4xx_hal_rcc_ex.o
 .ARM.attributes
                0x00000000000003ce       0x39 Drivers/STM32L4xx_HAL_Driver/Src/stm32l4xx_hal_tim.o
 .ARM.attributes
                0x0000000000000407       0x39 Drivers/STM32L4xx_HAL_Driver/Src/stm32l4xx_hal_tim_ex.o
 .ARM.attributes
                0x0000000000000440       0x39 Drivers/STM32L4xx_HAL_Driver/Src/stm32l4xx_hal_uart.o
 .ARM.attributes
                0x0000000000000479       0x39 Drivers/STM32L4xx_HAL_Driver/Src/stm32l4xx_hal_uart_ex.o
 .ARM.attributes
                0x00000000000004b2       0x34 /Applications/STM32CubeIDE.app/Contents/Eclipse/plugins/com.st.stm32cube.ide.mcu.externaltools.gnu-tools-for-stm32.7-2018-q2-update.macos64_1.5.0.202011040924/tools/bin/../lib/gcc/arm-none-eabi/7.3.1/../../../../arm-none-eabi/lib/thumb/v7e-m/fpv4-sp/hard/libc_nano.a(lib_a-init.o)
 .ARM.attributes
                0x00000000000004e6       0x34 /Applications/STM32CubeIDE.app/Contents/Eclipse/plugins/com.st.stm32cube.ide.mcu.externaltools.gnu-tools-for-stm32.7-2018-q2-update.macos64_1.5.0.202011040924/tools/bin/../lib/gcc/arm-none-eabi/7.3.1/../../../../arm-none-eabi/lib/thumb/v7e-m/fpv4-sp/hard/libc_nano.a(lib_a-memcpy-stub.o)
 .ARM.attributes
                0x000000000000051a       0x34 /Applications/STM32CubeIDE.app/Contents/Eclipse/plugins/com.st.stm32cube.ide.mcu.externaltools.gnu-tools-for-stm32.7-2018-q2-update.macos64_1.5.0.202011040924/tools/bin/../lib/gcc/arm-none-eabi/7.3.1/../../../../arm-none-eabi/lib/thumb/v7e-m/fpv4-sp/hard/libc_nano.a(lib_a-memset.o)
 .ARM.attributes
                0x000000000000054e       0x20 /Applications/STM32CubeIDE.app/Contents/Eclipse/plugins/com.st.stm32cube.ide.mcu.externaltools.gnu-tools-for-stm32.7-2018-q2-update.macos64_1.5.0.202011040924/tools/bin/../lib/gcc/arm-none-eabi/7.3.1/../../../../arm-none-eabi/lib/thumb/v7e-m/fpv4-sp/hard/libc_nano.a(lib_a-strcmp.o)
 .ARM.attributes
                0x000000000000056e       0x22 /Applications/STM32CubeIDE.app/Contents/Eclipse/plugins/com.st.stm32cube.ide.mcu.externaltools.gnu-tools-for-stm32.7-2018-q2-update.macos64_1.5.0.202011040924/tools/bin/../lib/gcc/arm-none-eabi/7.3.1/thumb/v7e-m/fpv4-sp/hard/libgcc.a(_aeabi_uldivmod.o)
 .ARM.attributes
                0x0000000000000590       0x34 /Applications/STM32CubeIDE.app/Contents/Eclipse/plugins/com.st.stm32cube.ide.mcu.externaltools.gnu-tools-for-stm32.7-2018-q2-update.macos64_1.5.0.202011040924/tools/bin/../lib/gcc/arm-none-eabi/7.3.1/thumb/v7e-m/fpv4-sp/hard/libgcc.a(_udivmoddi4.o)
 .ARM.attributes
                0x00000000000005c4       0x22 /Applications/STM32CubeIDE.app/Contents/Eclipse/plugins/com.st.stm32cube.ide.mcu.externaltools.gnu-tools-for-stm32.7-2018-q2-update.macos64_1.5.0.202011040924/tools/bin/../lib/gcc/arm-none-eabi/7.3.1/thumb/v7e-m/fpv4-sp/hard/libgcc.a(_dvmd_tls.o)
 .ARM.attributes
                0x00000000000005e6       0x22 /Applications/STM32CubeIDE.app/Contents/Eclipse/plugins/com.st.stm32cube.ide.mcu.externaltools.gnu-tools-for-stm32.7-2018-q2-update.macos64_1.5.0.202011040924/tools/bin/../lib/gcc/arm-none-eabi/7.3.1/thumb/v7e-m/fpv4-sp/hard/crtn.o
OUTPUT(ECSE444_Group1_Project.elf elf32-littlearm)

.debug_info     0x0000000000000000    0x16a7f
 .debug_info    0x0000000000000000     0x2740 Core/Src/main.o
 .debug_info    0x0000000000002740     0x1909 Core/Src/stm32l4xx_hal_msp.o
 .debug_info    0x0000000000004049      0xf05 Core/Src/stm32l4xx_hal_timebase_tim.o
 .debug_info    0x0000000000004f4e      0xbe5 Core/Src/stm32l4xx_it.o
 .debug_info    0x0000000000005b33      0x797 Core/Src/system_stm32l4xx.o
 .debug_info    0x00000000000062ca       0x22 Core/Startup/startup_stm32l4s5vitx.o
 .debug_info    0x00000000000062ec      0xcbb Drivers/STM32L4xx_HAL_Driver/Src/stm32l4xx_hal.o
 .debug_info    0x0000000000006fa7      0xfc7 Drivers/STM32L4xx_HAL_Driver/Src/stm32l4xx_hal_cortex.o
 .debug_info    0x0000000000007f6e      0xd2d Drivers/STM32L4xx_HAL_Driver/Src/stm32l4xx_hal_dac.o
 .debug_info    0x0000000000008c9b      0xc1a Drivers/STM32L4xx_HAL_Driver/Src/stm32l4xx_hal_dac_ex.o
 .debug_info    0x00000000000098b5      0xa1c Drivers/STM32L4xx_HAL_Driver/Src/stm32l4xx_hal_gpio.o
 .debug_info    0x000000000000a2d1     0x2239 Drivers/STM32L4xx_HAL_Driver/Src/stm32l4xx_hal_i2c.o
 .debug_info    0x000000000000c50a      0xcdf Drivers/STM32L4xx_HAL_Driver/Src/stm32l4xx_hal_i2c_ex.o
 .debug_info    0x000000000000d1e9      0xbfd Drivers/STM32L4xx_HAL_Driver/Src/stm32l4xx_hal_pwr_ex.o
 .debug_info    0x000000000000dde6      0xe70 Drivers/STM32L4xx_HAL_Driver/Src/stm32l4xx_hal_rcc.o
 .debug_info    0x000000000000ec56     0x1293 Drivers/STM32L4xx_HAL_Driver/Src/stm32l4xx_hal_rcc_ex.o
 .debug_info    0x000000000000fee9     0x2b8d Drivers/STM32L4xx_HAL_Driver/Src/stm32l4xx_hal_tim.o
 .debug_info    0x0000000000012a76     0x17aa Drivers/STM32L4xx_HAL_Driver/Src/stm32l4xx_hal_tim_ex.o
 .debug_info    0x0000000000014220     0x1b35 Drivers/STM32L4xx_HAL_Driver/Src/stm32l4xx_hal_uart.o
 .debug_info    0x0000000000015d55      0xd2a Drivers/STM32L4xx_HAL_Driver/Src/stm32l4xx_hal_uart_ex.o

.debug_abbrev   0x0000000000000000     0x26e9
 .debug_abbrev  0x0000000000000000      0x322 Core/Src/main.o
 .debug_abbrev  0x0000000000000322      0x203 Core/Src/stm32l4xx_hal_msp.o
 .debug_abbrev  0x0000000000000525      0x19d Core/Src/stm32l4xx_hal_timebase_tim.o
 .debug_abbrev  0x00000000000006c2      0x15a Core/Src/stm32l4xx_it.o
 .debug_abbrev  0x000000000000081c      0x150 Core/Src/system_stm32l4xx.o
 .debug_abbrev  0x000000000000096c       0x12 Core/Startup/startup_stm32l4s5vitx.o
 .debug_abbrev  0x000000000000097e      0x1fb Drivers/STM32L4xx_HAL_Driver/Src/stm32l4xx_hal.o
 .debug_abbrev  0x0000000000000b79      0x2fa Drivers/STM32L4xx_HAL_Driver/Src/stm32l4xx_hal_cortex.o
 .debug_abbrev  0x0000000000000e73      0x1cc Drivers/STM32L4xx_HAL_Driver/Src/stm32l4xx_hal_dac.o
 .debug_abbrev  0x000000000000103f      0x22f Drivers/STM32L4xx_HAL_Driver/Src/stm32l4xx_hal_dac_ex.o
 .debug_abbrev  0x000000000000126e      0x1c0 Drivers/STM32L4xx_HAL_Driver/Src/stm32l4xx_hal_gpio.o
 .debug_abbrev  0x000000000000142e      0x22a Drivers/STM32L4xx_HAL_Driver/Src/stm32l4xx_hal_i2c.o
 .debug_abbrev  0x0000000000001658      0x1b9 Drivers/STM32L4xx_HAL_Driver/Src/stm32l4xx_hal_i2c_ex.o
 .debug_abbrev  0x0000000000001811      0x1cb Drivers/STM32L4xx_HAL_Driver/Src/stm32l4xx_hal_pwr_ex.o
 .debug_abbrev  0x00000000000019dc      0x27b Drivers/STM32L4xx_HAL_Driver/Src/stm32l4xx_hal_rcc.o
 .debug_abbrev  0x0000000000001c57      0x238 Drivers/STM32L4xx_HAL_Driver/Src/stm32l4xx_hal_rcc_ex.o
 .debug_abbrev  0x0000000000001e8f      0x230 Drivers/STM32L4xx_HAL_Driver/Src/stm32l4xx_hal_tim.o
 .debug_abbrev  0x00000000000020bf      0x236 Drivers/STM32L4xx_HAL_Driver/Src/stm32l4xx_hal_tim_ex.o
 .debug_abbrev  0x00000000000022f5      0x212 Drivers/STM32L4xx_HAL_Driver/Src/stm32l4xx_hal_uart.o
 .debug_abbrev  0x0000000000002507      0x1e2 Drivers/STM32L4xx_HAL_Driver/Src/stm32l4xx_hal_uart_ex.o

.debug_aranges  0x0000000000000000     0x13b0
 .debug_aranges
                0x0000000000000000       0x78 Core/Src/main.o
 .debug_aranges
                0x0000000000000078       0x60 Core/Src/stm32l4xx_hal_msp.o
 .debug_aranges
                0x00000000000000d8       0x30 Core/Src/stm32l4xx_hal_timebase_tim.o
 .debug_aranges
                0x0000000000000108       0x70 Core/Src/stm32l4xx_it.o
 .debug_aranges
                0x0000000000000178       0x28 Core/Src/system_stm32l4xx.o
 .debug_aranges
                0x00000000000001a0       0x28 Core/Startup/startup_stm32l4s5vitx.o
 .debug_aranges
                0x00000000000001c8      0x130 Drivers/STM32L4xx_HAL_Driver/Src/stm32l4xx_hal.o
 .debug_aranges
                0x00000000000002f8      0x118 Drivers/STM32L4xx_HAL_Driver/Src/stm32l4xx_hal_cortex.o
 .debug_aranges
                0x0000000000000410       0xc0 Drivers/STM32L4xx_HAL_Driver/Src/stm32l4xx_hal_dac.o
 .debug_aranges
                0x00000000000004d0       0x88 Drivers/STM32L4xx_HAL_Driver/Src/stm32l4xx_hal_dac_ex.o
 .debug_aranges
                0x0000000000000558       0x58 Drivers/STM32L4xx_HAL_Driver/Src/stm32l4xx_hal_gpio.o
 .debug_aranges
                0x00000000000005b0      0x290 Drivers/STM32L4xx_HAL_Driver/Src/stm32l4xx_hal_i2c.o
 .debug_aranges
                0x0000000000000840       0x48 Drivers/STM32L4xx_HAL_Driver/Src/stm32l4xx_hal_i2c_ex.o
 .debug_aranges
                0x0000000000000888      0x170 Drivers/STM32L4xx_HAL_Driver/Src/stm32l4xx_hal_pwr_ex.o
 .debug_aranges
                0x00000000000009f8       0x90 Drivers/STM32L4xx_HAL_Driver/Src/stm32l4xx_hal_rcc.o
 .debug_aranges
                0x0000000000000a88      0x110 Drivers/STM32L4xx_HAL_Driver/Src/stm32l4xx_hal_rcc_ex.o
 .debug_aranges
                0x0000000000000b98      0x3e0 Drivers/STM32L4xx_HAL_Driver/Src/stm32l4xx_hal_tim.o
 .debug_aranges
                0x0000000000000f78      0x180 Drivers/STM32L4xx_HAL_Driver/Src/stm32l4xx_hal_tim_ex.o
 .debug_aranges
                0x00000000000010f8      0x230 Drivers/STM32L4xx_HAL_Driver/Src/stm32l4xx_hal_uart.o
 .debug_aranges
                0x0000000000001328       0x88 Drivers/STM32L4xx_HAL_Driver/Src/stm32l4xx_hal_uart_ex.o

.debug_ranges   0x0000000000000000     0x1278
 .debug_ranges  0x0000000000000000       0x68 Core/Src/main.o
 .debug_ranges  0x0000000000000068       0x50 Core/Src/stm32l4xx_hal_msp.o
 .debug_ranges  0x00000000000000b8       0x20 Core/Src/stm32l4xx_hal_timebase_tim.o
 .debug_ranges  0x00000000000000d8       0x60 Core/Src/stm32l4xx_it.o
 .debug_ranges  0x0000000000000138       0x18 Core/Src/system_stm32l4xx.o
 .debug_ranges  0x0000000000000150       0x20 Core/Startup/startup_stm32l4s5vitx.o
 .debug_ranges  0x0000000000000170      0x120 Drivers/STM32L4xx_HAL_Driver/Src/stm32l4xx_hal.o
 .debug_ranges  0x0000000000000290      0x108 Drivers/STM32L4xx_HAL_Driver/Src/stm32l4xx_hal_cortex.o
 .debug_ranges  0x0000000000000398       0xb0 Drivers/STM32L4xx_HAL_Driver/Src/stm32l4xx_hal_dac.o
 .debug_ranges  0x0000000000000448       0x78 Drivers/STM32L4xx_HAL_Driver/Src/stm32l4xx_hal_dac_ex.o
 .debug_ranges  0x00000000000004c0       0x48 Drivers/STM32L4xx_HAL_Driver/Src/stm32l4xx_hal_gpio.o
 .debug_ranges  0x0000000000000508      0x280 Drivers/STM32L4xx_HAL_Driver/Src/stm32l4xx_hal_i2c.o
 .debug_ranges  0x0000000000000788       0x38 Drivers/STM32L4xx_HAL_Driver/Src/stm32l4xx_hal_i2c_ex.o
 .debug_ranges  0x00000000000007c0      0x160 Drivers/STM32L4xx_HAL_Driver/Src/stm32l4xx_hal_pwr_ex.o
 .debug_ranges  0x0000000000000920       0x80 Drivers/STM32L4xx_HAL_Driver/Src/stm32l4xx_hal_rcc.o
 .debug_ranges  0x00000000000009a0      0x100 Drivers/STM32L4xx_HAL_Driver/Src/stm32l4xx_hal_rcc_ex.o
 .debug_ranges  0x0000000000000aa0      0x3d0 Drivers/STM32L4xx_HAL_Driver/Src/stm32l4xx_hal_tim.o
 .debug_ranges  0x0000000000000e70      0x170 Drivers/STM32L4xx_HAL_Driver/Src/stm32l4xx_hal_tim_ex.o
 .debug_ranges  0x0000000000000fe0      0x220 Drivers/STM32L4xx_HAL_Driver/Src/stm32l4xx_hal_uart.o
 .debug_ranges  0x0000000000001200       0x78 Drivers/STM32L4xx_HAL_Driver/Src/stm32l4xx_hal_uart_ex.o

.debug_macro    0x0000000000000000    0x2bfa4
 .debug_macro   0x0000000000000000      0x3ca Core/Src/main.o
 .debug_macro   0x00000000000003ca      0xa5a Core/Src/main.o
 .debug_macro   0x0000000000000e24      0x1b3 Core/Src/main.o
 .debug_macro   0x0000000000000fd7       0x2e Core/Src/main.o
 .debug_macro   0x0000000000001005       0x28 Core/Src/main.o
 .debug_macro   0x000000000000102d       0x22 Core/Src/main.o
 .debug_macro   0x000000000000104f       0x8e Core/Src/main.o
 .debug_macro   0x00000000000010dd       0x51 Core/Src/main.o
 .debug_macro   0x000000000000112e       0xef Core/Src/main.o
 .debug_macro   0x000000000000121d       0x6a Core/Src/main.o
 .debug_macro   0x0000000000001287      0x1df Core/Src/main.o
 .debug_macro   0x0000000000001466       0x1c Core/Src/main.o
 .debug_macro   0x0000000000001482       0x22 Core/Src/main.o
 .debug_macro   0x00000000000014a4      0x101 Core/Src/main.o
 .debug_macro   0x00000000000015a5     0x1011 Core/Src/main.o
 .debug_macro   0x00000000000025b6      0x11f Core/Src/main.o
 .debug_macro   0x00000000000026d5    0x1d28c Core/Src/main.o
 .debug_macro   0x000000000001f961       0x43 Core/Src/main.o
 .debug_macro   0x000000000001f9a4     0x3897 Core/Src/main.o
 .debug_macro   0x000000000002323b      0x174 Core/Src/main.o
 .debug_macro   0x00000000000233af       0x5c Core/Src/main.o
 .debug_macro   0x000000000002340b     0x18d1 Core/Src/main.o
 .debug_macro   0x0000000000024cdc      0x7d5 Core/Src/main.o
 .debug_macro   0x00000000000254b1      0x13d Core/Src/main.o
 .debug_macro   0x00000000000255ee      0x225 Core/Src/main.o
 .debug_macro   0x0000000000025813      0x486 Core/Src/main.o
 .debug_macro   0x0000000000025c99      0x1cf Core/Src/main.o
 .debug_macro   0x0000000000025e68       0x43 Core/Src/main.o
 .debug_macro   0x0000000000025eab      0x23d Core/Src/main.o
 .debug_macro   0x00000000000260e8      0x184 Core/Src/main.o
 .debug_macro   0x000000000002626c       0xdf Core/Src/main.o
 .debug_macro   0x000000000002634b      0x241 Core/Src/main.o
 .debug_macro   0x000000000002658c      0x416 Core/Src/main.o
 .debug_macro   0x00000000000269a2       0x1c Core/Src/main.o
 .debug_macro   0x00000000000269be       0xf2 Core/Src/main.o
 .debug_macro   0x0000000000026ab0      0x22c Core/Src/main.o
 .debug_macro   0x0000000000026cdc       0x61 Core/Src/main.o
 .debug_macro   0x0000000000026d3d       0xa5 Core/Src/main.o
 .debug_macro   0x0000000000026de2      0x122 Core/Src/main.o
 .debug_macro   0x0000000000026f04      0x3f7 Core/Src/main.o
 .debug_macro   0x00000000000272fb      0xa75 Core/Src/main.o
 .debug_macro   0x0000000000027d70      0x197 Core/Src/main.o
 .debug_macro   0x0000000000027f07      0x662 Core/Src/main.o
 .debug_macro   0x0000000000028569       0xa6 Core/Src/main.o
 .debug_macro   0x000000000002860f      0x433 Core/Src/main.o
 .debug_macro   0x0000000000028a42       0x10 Core/Src/main.o
 .debug_macro   0x0000000000028a52       0x46 Core/Src/main.o
 .debug_macro   0x0000000000028a98       0x18 Core/Src/main.o
 .debug_macro   0x0000000000028ab0       0x3c Core/Src/main.o
 .debug_macro   0x0000000000028aec       0x34 Core/Src/main.o
 .debug_macro   0x0000000000028b20       0x52 Core/Src/main.o
 .debug_macro   0x0000000000028b72       0x1f Core/Src/main.o
 .debug_macro   0x0000000000028b91       0x43 Core/Src/main.o
 .debug_macro   0x0000000000028bd4       0x20 Core/Src/main.o
 .debug_macro   0x0000000000028bf4      0x1a3 Core/Src/main.o
 .debug_macro   0x0000000000028d97      0x32a Core/Src/main.o
 .debug_macro   0x00000000000290c1       0x10 Core/Src/main.o
 .debug_macro   0x00000000000290d1       0x35 Core/Src/main.o
 .debug_macro   0x0000000000029106       0x20 Core/Src/main.o
 .debug_macro   0x0000000000029126      0x1e1 Core/Src/main.o
 .debug_macro   0x0000000000029307      0x201 Core/Src/main.o
 .debug_macro   0x0000000000029508       0xc8 Core/Src/main.o
 .debug_macro   0x00000000000295d0       0x1c Core/Src/main.o
 .debug_macro   0x00000000000295ec       0x10 Core/Src/main.o
 .debug_macro   0x00000000000295fc       0x10 Core/Src/main.o
 .debug_macro   0x000000000002960c       0x1c Core/Src/main.o
 .debug_macro   0x0000000000029628       0x52 Core/Src/main.o
 .debug_macro   0x000000000002967a       0x40 Core/Src/main.o
 .debug_macro   0x00000000000296ba       0x10 Core/Src/main.o
 .debug_macro   0x00000000000296ca       0x40 Core/Src/main.o
 .debug_macro   0x000000000002970a       0xd7 Core/Src/main.o
 .debug_macro   0x00000000000297e1       0x1c Core/Src/main.o
 .debug_macro   0x00000000000297fd       0x3d Core/Src/main.o
 .debug_macro   0x000000000002983a       0x16 Core/Src/main.o
 .debug_macro   0x0000000000029850      0x145 Core/Src/main.o
 .debug_macro   0x0000000000029995      0x20a Core/Src/stm32l4xx_hal_msp.o
 .debug_macro   0x0000000000029b9f      0x1fb Core/Src/stm32l4xx_hal_timebase_tim.o
 .debug_macro   0x0000000000029d9a      0x214 Core/Src/stm32l4xx_it.o
 .debug_macro   0x0000000000029fae      0x201 Core/Src/system_stm32l4xx.o
 .debug_macro   0x000000000002a1af      0x249 Drivers/STM32L4xx_HAL_Driver/Src/stm32l4xx_hal.o
 .debug_macro   0x000000000002a3f8      0x1fb Drivers/STM32L4xx_HAL_Driver/Src/stm32l4xx_hal_cortex.o
 .debug_macro   0x000000000002a5f3      0x20a Drivers/STM32L4xx_HAL_Driver/Src/stm32l4xx_hal_dac.o
 .debug_macro   0x000000000002a7fd      0x1fb Drivers/STM32L4xx_HAL_Driver/Src/stm32l4xx_hal_dac_ex.o
 .debug_macro   0x000000000002a9f8      0x23a Drivers/STM32L4xx_HAL_Driver/Src/stm32l4xx_hal_gpio.o
 .debug_macro   0x000000000002ac32      0x2c0 Drivers/STM32L4xx_HAL_Driver/Src/stm32l4xx_hal_i2c.o
 .debug_macro   0x000000000002aef2      0x1fb Drivers/STM32L4xx_HAL_Driver/Src/stm32l4xx_hal_i2c_ex.o
 .debug_macro   0x000000000002b0ed      0x225 Drivers/STM32L4xx_HAL_Driver/Src/stm32l4xx_hal_pwr_ex.o
 .debug_macro   0x000000000002b312      0x23d Drivers/STM32L4xx_HAL_Driver/Src/stm32l4xx_hal_rcc.o
 .debug_macro   0x000000000002b54f      0x231 Drivers/STM32L4xx_HAL_Driver/Src/stm32l4xx_hal_rcc_ex.o
 .debug_macro   0x000000000002b780      0x1fc Drivers/STM32L4xx_HAL_Driver/Src/stm32l4xx_hal_tim.o
 .debug_macro   0x000000000002b97c      0x1fb Drivers/STM32L4xx_HAL_Driver/Src/stm32l4xx_hal_tim_ex.o
 .debug_macro   0x000000000002bb77      0x226 Drivers/STM32L4xx_HAL_Driver/Src/stm32l4xx_hal_uart.o
 .debug_macro   0x000000000002bd9d      0x207 Drivers/STM32L4xx_HAL_Driver/Src/stm32l4xx_hal_uart_ex.o

.debug_line     0x0000000000000000    0x101c7
 .debug_line    0x0000000000000000      0xb1d Core/Src/main.o
 .debug_line    0x0000000000000b1d      0x823 Core/Src/stm32l4xx_hal_msp.o
 .debug_line    0x0000000000001340      0x7a2 Core/Src/stm32l4xx_hal_timebase_tim.o
 .debug_line    0x0000000000001ae2      0x83a Core/Src/stm32l4xx_it.o
 .debug_line    0x000000000000231c      0x799 Core/Src/system_stm32l4xx.o
 .debug_line    0x0000000000002ab5       0x87 Core/Startup/startup_stm32l4s5vitx.o
 .debug_line    0x0000000000002b3c      0xa0f Drivers/STM32L4xx_HAL_Driver/Src/stm32l4xx_hal.o
 .debug_line    0x000000000000354b      0xa97 Drivers/STM32L4xx_HAL_Driver/Src/stm32l4xx_hal_cortex.o
 .debug_line    0x0000000000003fe2      0x9d2 Drivers/STM32L4xx_HAL_Driver/Src/stm32l4xx_hal_dac.o
 .debug_line    0x00000000000049b4      0x936 Drivers/STM32L4xx_HAL_Driver/Src/stm32l4xx_hal_dac_ex.o
 .debug_line    0x00000000000052ea      0x93a Drivers/STM32L4xx_HAL_Driver/Src/stm32l4xx_hal_gpio.o
 .debug_line    0x0000000000005c24     0x1b51 Drivers/STM32L4xx_HAL_Driver/Src/stm32l4xx_hal_i2c.o
 .debug_line    0x0000000000007775      0x8b2 Drivers/STM32L4xx_HAL_Driver/Src/stm32l4xx_hal_i2c_ex.o
 .debug_line    0x0000000000008027      0xb89 Drivers/STM32L4xx_HAL_Driver/Src/stm32l4xx_hal_pwr_ex.o
 .debug_line    0x0000000000008bb0      0xac7 Drivers/STM32L4xx_HAL_Driver/Src/stm32l4xx_hal_rcc.o
 .debug_line    0x0000000000009677      0xf12 Drivers/STM32L4xx_HAL_Driver/Src/stm32l4xx_hal_rcc_ex.o
 .debug_line    0x000000000000a589     0x282f Drivers/STM32L4xx_HAL_Driver/Src/stm32l4xx_hal_tim.o
 .debug_line    0x000000000000cdb8     0x15ff Drivers/STM32L4xx_HAL_Driver/Src/stm32l4xx_hal_tim_ex.o
 .debug_line    0x000000000000e3b7     0x1433 Drivers/STM32L4xx_HAL_Driver/Src/stm32l4xx_hal_uart.o
 .debug_line    0x000000000000f7ea      0x9dd Drivers/STM32L4xx_HAL_Driver/Src/stm32l4xx_hal_uart_ex.o

.debug_str      0x0000000000000000   0x10fc81
 .debug_str     0x0000000000000000   0x10adb9 Core/Src/main.o
                                     0x10b489 (size before relaxing)
 .debug_str     0x000000000010adb9       0xda Core/Src/stm32l4xx_hal_msp.o
                                     0x105810 (size before relaxing)
 .debug_str     0x000000000010ae93       0x98 Core/Src/stm32l4xx_hal_timebase_tim.o
                                     0x1051b6 (size before relaxing)
 .debug_str     0x000000000010af2b       0xd2 Core/Src/stm32l4xx_it.o
                                     0x104c48 (size before relaxing)
 .debug_str     0x000000000010affd       0xcd Core/Src/system_stm32l4xx.o
                                     0x104674 (size before relaxing)
 .debug_str     0x000000000010b0ca       0x36 Core/Startup/startup_stm32l4s5vitx.o
                                         0x7d (size before relaxing)
 .debug_str     0x000000000010b100      0x56d Drivers/STM32L4xx_HAL_Driver/Src/stm32l4xx_hal.o
                                     0x1051a3 (size before relaxing)
 .debug_str     0x000000000010b66d      0x389 Drivers/STM32L4xx_HAL_Driver/Src/stm32l4xx_hal_cortex.o
                                     0x104eee (size before relaxing)
 .debug_str     0x000000000010b9f6      0x20e Drivers/STM32L4xx_HAL_Driver/Src/stm32l4xx_hal_dac.o
                                     0x104ba1 (size before relaxing)
 .debug_str     0x000000000010bc04      0x1e8 Drivers/STM32L4xx_HAL_Driver/Src/stm32l4xx_hal_dac_ex.o
                                     0x104b4d (size before relaxing)
 .debug_str     0x000000000010bdec      0x236 Drivers/STM32L4xx_HAL_Driver/Src/stm32l4xx_hal_gpio.o
                                     0x1048e0 (size before relaxing)
 .debug_str     0x000000000010c022      0xd3e Drivers/STM32L4xx_HAL_Driver/Src/stm32l4xx_hal_i2c.o
                                     0x10584d (size before relaxing)
 .debug_str     0x000000000010cd60       0xb8 Drivers/STM32L4xx_HAL_Driver/Src/stm32l4xx_hal_i2c_ex.o
                                     0x104c6a (size before relaxing)
 .debug_str     0x000000000010ce18      0x586 Drivers/STM32L4xx_HAL_Driver/Src/stm32l4xx_hal_pwr_ex.o
                                     0x104c42 (size before relaxing)
 .debug_str     0x000000000010d39e      0x3c6 Drivers/STM32L4xx_HAL_Driver/Src/stm32l4xx_hal_rcc.o
                                     0x104c4f (size before relaxing)
 .debug_str     0x000000000010d764      0x590 Drivers/STM32L4xx_HAL_Driver/Src/stm32l4xx_hal_rcc_ex.o
                                     0x105028 (size before relaxing)
 .debug_str     0x000000000010dcf4      0xde4 Drivers/STM32L4xx_HAL_Driver/Src/stm32l4xx_hal_tim.o
                                     0x1059c4 (size before relaxing)
 .debug_str     0x000000000010ead8      0x625 Drivers/STM32L4xx_HAL_Driver/Src/stm32l4xx_hal_tim_ex.o
                                     0x1052b8 (size before relaxing)
 .debug_str     0x000000000010f0fd      0x8fe Drivers/STM32L4xx_HAL_Driver/Src/stm32l4xx_hal_uart.o
                                     0x105421 (size before relaxing)
 .debug_str     0x000000000010f9fb      0x286 Drivers/STM32L4xx_HAL_Driver/Src/stm32l4xx_hal_uart_ex.o
                                     0x104c36 (size before relaxing)

.comment        0x0000000000000000       0x7b
 .comment       0x0000000000000000       0x7b Core/Src/main.o
                                         0x7c (size before relaxing)
 .comment       0x000000000000007b       0x7c Core/Src/stm32l4xx_hal_msp.o
 .comment       0x000000000000007b       0x7c Core/Src/stm32l4xx_hal_timebase_tim.o
 .comment       0x000000000000007b       0x7c Core/Src/stm32l4xx_it.o
 .comment       0x000000000000007b       0x7c Core/Src/system_stm32l4xx.o
 .comment       0x000000000000007b       0x7c Drivers/STM32L4xx_HAL_Driver/Src/stm32l4xx_hal.o
 .comment       0x000000000000007b       0x7c Drivers/STM32L4xx_HAL_Driver/Src/stm32l4xx_hal_cortex.o
 .comment       0x000000000000007b       0x7c Drivers/STM32L4xx_HAL_Driver/Src/stm32l4xx_hal_dac.o
 .comment       0x000000000000007b       0x7c Drivers/STM32L4xx_HAL_Driver/Src/stm32l4xx_hal_dac_ex.o
 .comment       0x000000000000007b       0x7c Drivers/STM32L4xx_HAL_Driver/Src/stm32l4xx_hal_gpio.o
 .comment       0x000000000000007b       0x7c Drivers/STM32L4xx_HAL_Driver/Src/stm32l4xx_hal_i2c.o
 .comment       0x000000000000007b       0x7c Drivers/STM32L4xx_HAL_Driver/Src/stm32l4xx_hal_i2c_ex.o
 .comment       0x000000000000007b       0x7c Drivers/STM32L4xx_HAL_Driver/Src/stm32l4xx_hal_pwr_ex.o
 .comment       0x000000000000007b       0x7c Drivers/STM32L4xx_HAL_Driver/Src/stm32l4xx_hal_rcc.o
 .comment       0x000000000000007b       0x7c Drivers/STM32L4xx_HAL_Driver/Src/stm32l4xx_hal_rcc_ex.o
 .comment       0x000000000000007b       0x7c Drivers/STM32L4xx_HAL_Driver/Src/stm32l4xx_hal_tim.o
 .comment       0x000000000000007b       0x7c Drivers/STM32L4xx_HAL_Driver/Src/stm32l4xx_hal_tim_ex.o
 .comment       0x000000000000007b       0x7c Drivers/STM32L4xx_HAL_Driver/Src/stm32l4xx_hal_uart.o
 .comment       0x000000000000007b       0x7c Drivers/STM32L4xx_HAL_Driver/Src/stm32l4xx_hal_uart_ex.o

.debug_frame    0x0000000000000000     0x541c
 .debug_frame   0x0000000000000000      0x1a0 Core/Src/main.o
 .debug_frame   0x00000000000001a0      0x160 Core/Src/stm32l4xx_hal_msp.o
 .debug_frame   0x0000000000000300       0x74 Core/Src/stm32l4xx_hal_timebase_tim.o
 .debug_frame   0x0000000000000374      0x140 Core/Src/stm32l4xx_it.o
 .debug_frame   0x00000000000004b4       0x58 Core/Src/system_stm32l4xx.o
 .debug_frame   0x000000000000050c      0x498 Drivers/STM32L4xx_HAL_Driver/Src/stm32l4xx_hal.o
 .debug_frame   0x00000000000009a4      0x498 Drivers/STM32L4xx_HAL_Driver/Src/stm32l4xx_hal_cortex.o
 .debug_frame   0x0000000000000e3c      0x338 Drivers/STM32L4xx_HAL_Driver/Src/stm32l4xx_hal_dac.o
 .debug_frame   0x0000000000001174      0x234 Drivers/STM32L4xx_HAL_Driver/Src/stm32l4xx_hal_dac_ex.o
 .debug_frame   0x00000000000013a8      0x14c Drivers/STM32L4xx_HAL_Driver/Src/stm32l4xx_hal_gpio.o
 .debug_frame   0x00000000000014f4      0xbe8 Drivers/STM32L4xx_HAL_Driver/Src/stm32l4xx_hal_i2c.o
 .debug_frame   0x00000000000020dc      0x100 Drivers/STM32L4xx_HAL_Driver/Src/stm32l4xx_hal_i2c_ex.o
 .debug_frame   0x00000000000021dc      0x5c4 Drivers/STM32L4xx_HAL_Driver/Src/stm32l4xx_hal_pwr_ex.o
 .debug_frame   0x00000000000027a0      0x220 Drivers/STM32L4xx_HAL_Driver/Src/stm32l4xx_hal_rcc.o
 .debug_frame   0x00000000000029c0      0x464 Drivers/STM32L4xx_HAL_Driver/Src/stm32l4xx_hal_rcc_ex.o
 .debug_frame   0x0000000000002e24     0x121c Drivers/STM32L4xx_HAL_Driver/Src/stm32l4xx_hal_tim.o
 .debug_frame   0x0000000000004040      0x6b0 Drivers/STM32L4xx_HAL_Driver/Src/stm32l4xx_hal_tim_ex.o
 .debug_frame   0x00000000000046f0      0xa0c Drivers/STM32L4xx_HAL_Driver/Src/stm32l4xx_hal_uart.o
 .debug_frame   0x00000000000050fc      0x22c Drivers/STM32L4xx_HAL_Driver/Src/stm32l4xx_hal_uart_ex.o
 .debug_frame   0x0000000000005328       0x2c /Applications/STM32CubeIDE.app/Contents/Eclipse/plugins/com.st.stm32cube.ide.mcu.externaltools.gnu-tools-for-stm32.7-2018-q2-update.macos64_1.5.0.202011040924/tools/bin/../lib/gcc/arm-none-eabi/7.3.1/../../../../arm-none-eabi/lib/thumb/v7e-m/fpv4-sp/hard/libc_nano.a(lib_a-init.o)
 .debug_frame   0x0000000000005354       0x28 /Applications/STM32CubeIDE.app/Contents/Eclipse/plugins/com.st.stm32cube.ide.mcu.externaltools.gnu-tools-for-stm32.7-2018-q2-update.macos64_1.5.0.202011040924/tools/bin/../lib/gcc/arm-none-eabi/7.3.1/../../../../arm-none-eabi/lib/thumb/v7e-m/fpv4-sp/hard/libc_nano.a(lib_a-memcpy-stub.o)
 .debug_frame   0x000000000000537c       0x20 /Applications/STM32CubeIDE.app/Contents/Eclipse/plugins/com.st.stm32cube.ide.mcu.externaltools.gnu-tools-for-stm32.7-2018-q2-update.macos64_1.5.0.202011040924/tools/bin/../lib/gcc/arm-none-eabi/7.3.1/../../../../arm-none-eabi/lib/thumb/v7e-m/fpv4-sp/hard/libc_nano.a(lib_a-memset.o)
 .debug_frame   0x000000000000539c       0x20 /Applications/STM32CubeIDE.app/Contents/Eclipse/plugins/com.st.stm32cube.ide.mcu.externaltools.gnu-tools-for-stm32.7-2018-q2-update.macos64_1.5.0.202011040924/tools/bin/../lib/gcc/arm-none-eabi/7.3.1/../../../../arm-none-eabi/lib/thumb/v7e-m/fpv4-sp/hard/libc_nano.a(lib_a-strcmp.o)
 .debug_frame   0x00000000000053bc       0x2c /Applications/STM32CubeIDE.app/Contents/Eclipse/plugins/com.st.stm32cube.ide.mcu.externaltools.gnu-tools-for-stm32.7-2018-q2-update.macos64_1.5.0.202011040924/tools/bin/../lib/gcc/arm-none-eabi/7.3.1/thumb/v7e-m/fpv4-sp/hard/libgcc.a(_aeabi_uldivmod.o)
 .debug_frame   0x00000000000053e8       0x34 /Applications/STM32CubeIDE.app/Contents/Eclipse/plugins/com.st.stm32cube.ide.mcu.externaltools.gnu-tools-for-stm32.7-2018-q2-update.macos64_1.5.0.202011040924/tools/bin/../lib/gcc/arm-none-eabi/7.3.1/thumb/v7e-m/fpv4-sp/hard/libgcc.a(_udivmoddi4.o)
