Archive member included to satisfy reference by file (symbol)

/Applications/STM32CubeIDE.app/Contents/Eclipse/plugins/com.st.stm32cube.ide.mcu.externaltools.gnu-tools-for-stm32.7-2018-q2-update.macos64_1.5.0.202011040924/tools/bin/../lib/gcc/arm-none-eabi/7.3.1/../../../../arm-none-eabi/lib/thumb/v7e-m/fpv4-sp/hard/libc_nano.a(lib_a-errno.o)
                              Core/Src/syscalls.o (__errno)
/Applications/STM32CubeIDE.app/Contents/Eclipse/plugins/com.st.stm32cube.ide.mcu.externaltools.gnu-tools-for-stm32.7-2018-q2-update.macos64_1.5.0.202011040924/tools/bin/../lib/gcc/arm-none-eabi/7.3.1/../../../../arm-none-eabi/lib/thumb/v7e-m/fpv4-sp/hard/libc_nano.a(lib_a-exit.o)
                              /Applications/STM32CubeIDE.app/Contents/Eclipse/plugins/com.st.stm32cube.ide.mcu.externaltools.gnu-tools-for-stm32.7-2018-q2-update.macos64_1.5.0.202011040924/tools/bin/../lib/gcc/arm-none-eabi/7.3.1/../../../../arm-none-eabi/lib/thumb/v7e-m/fpv4-sp/hard/crt0.o (exit)
/Applications/STM32CubeIDE.app/Contents/Eclipse/plugins/com.st.stm32cube.ide.mcu.externaltools.gnu-tools-for-stm32.7-2018-q2-update.macos64_1.5.0.202011040924/tools/bin/../lib/gcc/arm-none-eabi/7.3.1/../../../../arm-none-eabi/lib/thumb/v7e-m/fpv4-sp/hard/libc_nano.a(lib_a-impure.o)
                              /Applications/STM32CubeIDE.app/Contents/Eclipse/plugins/com.st.stm32cube.ide.mcu.externaltools.gnu-tools-for-stm32.7-2018-q2-update.macos64_1.5.0.202011040924/tools/bin/../lib/gcc/arm-none-eabi/7.3.1/../../../../arm-none-eabi/lib/thumb/v7e-m/fpv4-sp/hard/libc_nano.a(lib_a-exit.o) (_global_impure_ptr)
/Applications/STM32CubeIDE.app/Contents/Eclipse/plugins/com.st.stm32cube.ide.mcu.externaltools.gnu-tools-for-stm32.7-2018-q2-update.macos64_1.5.0.202011040924/tools/bin/../lib/gcc/arm-none-eabi/7.3.1/../../../../arm-none-eabi/lib/thumb/v7e-m/fpv4-sp/hard/libc_nano.a(lib_a-init.o)
                              /Applications/STM32CubeIDE.app/Contents/Eclipse/plugins/com.st.stm32cube.ide.mcu.externaltools.gnu-tools-for-stm32.7-2018-q2-update.macos64_1.5.0.202011040924/tools/bin/../lib/gcc/arm-none-eabi/7.3.1/../../../../arm-none-eabi/lib/thumb/v7e-m/fpv4-sp/hard/crt0.o (__libc_init_array)
/Applications/STM32CubeIDE.app/Contents/Eclipse/plugins/com.st.stm32cube.ide.mcu.externaltools.gnu-tools-for-stm32.7-2018-q2-update.macos64_1.5.0.202011040924/tools/bin/../lib/gcc/arm-none-eabi/7.3.1/../../../../arm-none-eabi/lib/thumb/v7e-m/fpv4-sp/hard/libc_nano.a(lib_a-memset.o)
                              /Applications/STM32CubeIDE.app/Contents/Eclipse/plugins/com.st.stm32cube.ide.mcu.externaltools.gnu-tools-for-stm32.7-2018-q2-update.macos64_1.5.0.202011040924/tools/bin/../lib/gcc/arm-none-eabi/7.3.1/../../../../arm-none-eabi/lib/thumb/v7e-m/fpv4-sp/hard/crt0.o (memset)
/Applications/STM32CubeIDE.app/Contents/Eclipse/plugins/com.st.stm32cube.ide.mcu.externaltools.gnu-tools-for-stm32.7-2018-q2-update.macos64_1.5.0.202011040924/tools/bin/../lib/gcc/arm-none-eabi/7.3.1/../../../../arm-none-eabi/lib/thumb/v7e-m/fpv4-sp/hard/libc_nano.a(lib_a-sprintf.o)
                              Core/Src/main.o (sprintf)
/Applications/STM32CubeIDE.app/Contents/Eclipse/plugins/com.st.stm32cube.ide.mcu.externaltools.gnu-tools-for-stm32.7-2018-q2-update.macos64_1.5.0.202011040924/tools/bin/../lib/gcc/arm-none-eabi/7.3.1/../../../../arm-none-eabi/lib/thumb/v7e-m/fpv4-sp/hard/libc_nano.a(lib_a-nano-svfprintf.o)
                              /Applications/STM32CubeIDE.app/Contents/Eclipse/plugins/com.st.stm32cube.ide.mcu.externaltools.gnu-tools-for-stm32.7-2018-q2-update.macos64_1.5.0.202011040924/tools/bin/../lib/gcc/arm-none-eabi/7.3.1/../../../../arm-none-eabi/lib/thumb/v7e-m/fpv4-sp/hard/libc_nano.a(lib_a-sprintf.o) (_svfprintf_r)
/Applications/STM32CubeIDE.app/Contents/Eclipse/plugins/com.st.stm32cube.ide.mcu.externaltools.gnu-tools-for-stm32.7-2018-q2-update.macos64_1.5.0.202011040924/tools/bin/../lib/gcc/arm-none-eabi/7.3.1/../../../../arm-none-eabi/lib/thumb/v7e-m/fpv4-sp/hard/libc_nano.a(lib_a-nano-vfprintf_i.o)
                              /Applications/STM32CubeIDE.app/Contents/Eclipse/plugins/com.st.stm32cube.ide.mcu.externaltools.gnu-tools-for-stm32.7-2018-q2-update.macos64_1.5.0.202011040924/tools/bin/../lib/gcc/arm-none-eabi/7.3.1/../../../../arm-none-eabi/lib/thumb/v7e-m/fpv4-sp/hard/libc_nano.a(lib_a-nano-svfprintf.o) (_printf_i)
/Applications/STM32CubeIDE.app/Contents/Eclipse/plugins/com.st.stm32cube.ide.mcu.externaltools.gnu-tools-for-stm32.7-2018-q2-update.macos64_1.5.0.202011040924/tools/bin/../lib/gcc/arm-none-eabi/7.3.1/../../../../arm-none-eabi/lib/thumb/v7e-m/fpv4-sp/hard/libc_nano.a(lib_a-memchr.o)
                              /Applications/STM32CubeIDE.app/Contents/Eclipse/plugins/com.st.stm32cube.ide.mcu.externaltools.gnu-tools-for-stm32.7-2018-q2-update.macos64_1.5.0.202011040924/tools/bin/../lib/gcc/arm-none-eabi/7.3.1/../../../../arm-none-eabi/lib/thumb/v7e-m/fpv4-sp/hard/libc_nano.a(lib_a-nano-svfprintf.o) (memchr)
[...]
Memory Configuration

Name             Origin             Length             Attributes
RAM              0x0000000020000000 0x00000000000a0000 xrw
FLASH            0x0000000008000000 0x0000000000200000 xr
*default*        0x0000000000000000 0xffffffffffffffff

Linker script and memory map

LOAD /Applications/STM32CubeIDE.app/Contents/Eclipse/plugins/com.st.stm32cube.ide.mcu.externaltools.gnu-tools-for-stm32.7-2018-q2-update.macos64_1.5.0.202011040924/tools/bin/../lib/gcc/arm-none-eabi/7.3.1/thumb/v7e-m/fpv4-sp/hard/crti.o
LOAD /Applications/STM32CubeIDE.app/Contents/Eclipse/plugins/com.st.stm32cube.ide.mcu.externaltools.gnu-tools-for-stm32.7-2018-q2-update.macos64_1.5.0.202011040924/tools/bin/../lib/gcc/arm-none-eabi/7.3.1/thumb/v7e-m/fpv4-sp/hard/crtbegin.o
LOAD /Applications/STM32CubeIDE.app/Contents/Eclipse/plugins/com.st.stm32cube.ide.mcu.externaltools.gnu-tools-for-stm32.7-2018-q2-update.macos64_1.5.0.202011040924/tools/bin/../lib/gcc/arm-none-eabi/7.3.1/../../../../arm-none-eabi/lib/thumb/v7e-m/fpv4-sp/hard/crt0.o
LOAD Core/Src/hts221.o
LOAD Core/Src/lps22hb.o
LOAD Core/Src/lsm6dsl.o
LOAD Core/Src/main.o
LOAD Core/Src/stm32l4s5i_iot01.o
LOAD Core/Src/stm32l4s5i_iot01_accelero.o
LOAD Core/Src/stm32l4s5i_iot01_gyro.o
LOAD Core/Src/stm32l4s5i_iot01_hsensor.o
LOAD Core/Src/stm32l4s5i_iot01_psensor.o
LOAD Core/Src/stm32l4s5i_iot01_tsensor.o
LOAD Core/Src/stm32l4xx_hal_msp.o
LOAD Core/Src/stm32l4xx_hal_timebase_tim.o
LOAD Core/Src/stm32l4xx_it.o
LOAD Core/Src/syscalls.o
LOAD Core/Src/sysmem.o
LOAD Core/Src/system_stm32l4xx.o
LOAD Core/Startup/startup_stm32l4s5vitx.o
LOAD Drivers/STM32L4xx_HAL_Driver/Src/stm32l4xx_hal.o
LOAD Drivers/STM32L4xx_HAL_Driver/Src/stm32l4xx_hal_cortex.o
LOAD Drivers/STM32L4xx_HAL_Driver/Src/stm32l4xx_hal_dma.o
LOAD Drivers/STM32L4xx_HAL_Driver/Src/stm32l4xx_hal_dma_ex.o
LOAD Drivers/STM32L4xx_HAL_Driver/Src/stm32l4xx_hal_exti.o
LOAD Drivers/STM32L4xx_HAL_Driver/Src/stm32l4xx_hal_flash.o
LOAD Drivers/STM32L4xx_HAL_Driver/Src/stm32l4xx_hal_flash_ex.o
LOAD Drivers/STM32L4xx_HAL_Driver/Src/stm32l4xx_hal_flash_ramfunc.o
LOAD Drivers/STM32L4xx_HAL_Driver/Src/stm32l4xx_hal_gpio.o
LOAD Drivers/STM32L4xx_HAL_Driver/Src/stm32l4xx_hal_i2c.o
LOAD Drivers/STM32L4xx_HAL_Driver/Src/stm32l4xx_hal_i2c_ex.o
LOAD Drivers/STM32L4xx_HAL_Driver/Src/stm32l4xx_hal_pwr.o
LOAD Drivers/STM32L4xx_HAL_Driver/Src/stm32l4xx_hal_pwr_ex.o
LOAD Drivers/STM32L4xx_HAL_Driver/Src/stm32l4xx_hal_rcc.o
LOAD Drivers/STM32L4xx_HAL_Driver/Src/stm32l4xx_hal_rcc_ex.o
LOAD Drivers/STM32L4xx_HAL_Driver/Src/stm32l4xx_hal_tim.o
LOAD Drivers/STM32L4xx_HAL_Driver/Src/stm32l4xx_hal_tim_ex.o
LOAD Drivers/STM32L4xx_HAL_Driver/Src/stm32l4xx_hal_uart.o
LOAD Drivers/STM32L4xx_HAL_Driver/Src/stm32l4xx_hal_uart_ex.o
START GROUP
LOAD /Applications/STM32CubeIDE.app/Contents/Eclipse/plugins/com.st.stm32cube.ide.mcu.externaltools.gnu-tools-for-stm32.7-2018-q2-update.macos64_1.5.0.202011040924/tools/bin/../lib/gcc/arm-none-eabi/7.3.1/../../../../arm-none-eabi/lib/thumb/v7e-m/fpv4-sp/hard/libc_nano.a
LOAD /Applications/STM32CubeIDE.app/Contents/Eclipse/plugins/com.st.stm32cube.ide.mcu.externaltools.gnu-tools-for-stm32.7-2018-q2-update.macos64_1.5.0.202011040924/tools/bin/../lib/gcc/arm-none-eabi/7.3.1/../../../../arm-none-eabi/lib/thumb/v7e-m/fpv4-sp/hard/libm.a
END GROUP
START GROUP
LOAD /Applications/STM32CubeIDE.app/Contents/Eclipse/plugins/com.st.stm32cube.ide.mcu.externaltools.gnu-tools-for-stm32.7-2018-q2-update.macos64_1.5.0.202011040924/tools/bin/../lib/gcc/arm-none-eabi/7.3.1/thumb/v7e-m/fpv4-sp/hard/libgcc.a
LOAD /Applications/STM32CubeIDE.app/Contents/Eclipse/plugins/com.st.stm32cube.ide.mcu.externaltools.gnu-tools-for-stm32.7-2018-q2-update.macos64_1.5.0.202011040924/tools/bin/../lib/gcc/arm-none-eabi/7.3.1/../../../../arm-none-eabi/lib/thumb/v7e-m/fpv4-sp/hard/libc_nano.a
END GROUP
START GROUP
LOAD /Applications/STM32CubeIDE.app/Contents/Eclipse/plugins/com.st.stm32cube.ide.mcu.externaltools.gnu-tools-for-stm32.7-2018-q2-update.macos64_1.5.0.202011040924/tools/bin/../lib/gcc/arm-none-eabi/7.3.1/thumb/v7e-m/fpv4-sp/hard/libgcc.a
LOAD /Applications/STM32CubeIDE.app/Contents/Eclipse/plugins/com.st.stm32cube.ide.mcu.externaltools.gnu-tools-for-stm32.7-2018-q2-update.macos64_1.5.0.202011040924/tools/bin/../lib/gcc/arm-none-eabi/7.3.1/../../../../arm-none-eabi/lib/thumb/v7e-m/fpv4-sp/hard/libc_nano.a
LOAD /Applications/STM32CubeIDE.app/Contents/Eclipse/plugins/com.st.stm32cube.ide.mcu.externaltools.gnu-tools-for-stm32.7-2018-q2-update.macos64_1.5.0.202011040924/tools/bin/../lib/gcc/arm-none-eabi/7.3.1/../../../../arm-none-eabi/lib/thumb/v7e-m/fpv4-sp/hard/libnosys.a
END GROUP
START GROUP
LOAD /Applications/STM32CubeIDE.app/Contents/Eclipse/plugins/com.st.stm32cube.ide.mcu.externaltools.gnu-tools-for-stm32.7-2018-q2-update.macos64_1.5.0.202011040924/tools/bin/../lib/gcc/arm-none-eabi/7.3.1/thumb/v7e-m/fpv4-sp/hard/libgcc.a
LOAD /Applications/STM32CubeIDE.app/Contents/Eclipse/plugins/com.st.stm32cube.ide.mcu.externaltools.gnu-tools-for-stm32.7-2018-q2-update.macos64_1.5.0.202011040924/tools/bin/../lib/gcc/arm-none-eabi/7.3.1/../../../../arm-none-eabi/lib/thumb/v7e-m/fpv4-sp/hard/libc_nano.a
LOAD /Applications/STM32CubeIDE.app/Contents/Eclipse/plugins/com.st.stm32cube.ide.mcu.externaltools.gnu-tools-for-stm32.7-2018-q2-update.macos64_1.5.0.202011040924/tools/bin/../lib/gcc/arm-none-eabi/7.3.1/../../../../arm-none-eabi/lib/thumb/v7e-m/fpv4-sp/hard/libnosys.a
END GROUP
LOAD /Applications/STM32CubeIDE.app/Contents/Eclipse/plugins/com.st.stm32cube.ide.mcu.externaltools.gnu-tools-for-stm32.7-2018-q2-update.macos64_1.5.0.202011040924/tools/bin/../lib/gcc/arm-none-eabi/7.3.1/thumb/v7e-m/fpv4-sp/hard/crtend.o
LOAD /Applications/STM32CubeIDE.app/Contents/Eclipse/plugins/com.st.stm32cube.ide.mcu.externaltools.gnu-tools-for-stm32.7-2018-q2-update.macos64_1.5.0.202011040924/tools/bin/../lib/gcc/arm-none-eabi/7.3.1/thumb/v7e-m/fpv4-sp/hard/crtn.o
                0x00000000200a0000                _estack = (ORIGIN (RAM) + LENGTH (RAM))
                0x0000000000000200                _Min_Heap_Size = 0x200
                0x0000000000000400                _Min_Stack_Size = 0x400

.isr_vector     0x0000000008000000      0x1bc
                0x0000000008000000                . = ALIGN (0x4)
 *(.isr_vector)
 .isr_vector    0x0000000008000000      0x1bc Core/Startup/startup_stm32l4s5vitx.o
                0x0000000008000000                g_pfnVectors
                0x00000000080001bc                . = ALIGN (0x4)

.text           0x00000000080001c0     0x5f60
                0x00000000080001c0                . = ALIGN (0x4)
 *(.text)
 .text          0x00000000080001c0       0x40 /Applications/STM32CubeIDE.app/Contents/Eclipse/plugins/com.st.stm32cube.ide.mcu.externaltools.gnu-tools-for-stm32.7-2018-q2-update.macos64_1.5.0.202011040924/tools/bin/../lib/gcc/arm-none-eabi/7.3.1/thumb/v7e-m/fpv4-sp/hard/crtbegin.o
 .text          0x0000000008000200       0xa0 /Applications/STM32CubeIDE.app/Contents/Eclipse/plugins/com.st.stm32cube.ide.mcu.externaltools.gnu-tools-for-stm32.7-2018-q2-update.macos64_1.5.0.202011040924/tools/bin/../lib/gcc/arm-none-eabi/7.3.1/../../../../arm-none-eabi/lib/thumb/v7e-m/fpv4-sp/hard/libc_nano.a(lib_a-memchr.o)
                0x0000000008000200                memchr
 .text          0x00000000080002a0       0x30 /Applications/STM32CubeIDE.app/Contents/Eclipse/plugins/com.st.stm32cube.ide.mcu.externaltools.gnu-tools-for-stm32.7-2018-q2-update.macos64_1.5.0.202011040924/tools/bin/../lib/gcc/arm-none-eabi/7.3.1/thumb/v7e-m/fpv4-sp/hard/libgcc.a(_aeabi_uldivmod.o)
                0x00000000080002a0                __aeabi_uldivmod
 .text          0x00000000080002d0      0x2cc /Applications/STM32CubeIDE.app/Contents/Eclipse/plugins/com.st.stm32cube.ide.mcu.externaltools.gnu-tools-for-stm32.7-2018-q2-update.macos64_1.5.0.202011040924/tools/bin/../lib/gcc/arm-none-eabi/7.3.1/thumb/v7e-m/fpv4-sp/hard/libgcc.a(_udivmoddi4.o)
                0x00000000080002d0                __udivmoddi4
 .text          0x000000000800059c        0x4 /Applications/STM32CubeIDE.app/Contents/Eclipse/plugins/com.st.stm32cube.ide.mcu.externaltools.gnu-tools-for-stm32.7-2018-q2-update.macos64_1.5.0.202011040924/tools/bin/../lib/gcc/arm-none-eabi/7.3.1/thumb/v7e-m/fpv4-sp/hard/libgcc.a(_dvmd_tls.o)
                0x000000000800059c                __aeabi_ldiv0
                0x000000000800059c                __aeabi_idiv0
 *(.text*)
 .text.HTS221_H_Init
                0x00000000080005a0       0x58 Core/Src/hts221.o
                0x00000000080005a0                HTS221_H_Init
 .text.HTS221_H_ReadID
                0x00000000080005f8       0x2c Core/Src/hts221.o
                0x00000000080005f8                HTS221_H_ReadID
 .text.HTS221_H_ReadHumidity
                0x0000000008000624      0x138 Core/Src/hts221.o
                0x0000000008000624                HTS221_H_ReadHumidity
 .text.HTS221_T_Init
                0x000000000800075c       0x5a Core/Src/hts221.o
                0x000000000800075c                HTS221_T_Init
 .text.HTS221_T_ReadTemp
                0x00000000080007b6      0x10e Core/Src/hts221.o
                0x00000000080007b6                HTS221_T_ReadTemp
 .text.LPS22HB_P_Init
                0x00000000080008c4       0x1a Core/Src/lps22hb.o
                0x00000000080008c4                LPS22HB_P_Init
 .text.LPS22HB_P_ReadID
                0x00000000080008de       0x2c Core/Src/lps22hb.o
                0x00000000080008de                LPS22HB_P_ReadID
 *fill*         0x000000000800090a        0x2 
 .text.LPS22HB_P_ReadPressure
                0x000000000800090c       0xc0 Core/Src/lps22hb.o
                0x000000000800090c                LPS22HB_P_ReadPressure
 .text.LPS22HB_Init
                0x00000000080009cc       0x7e Core/Src/lps22hb.o
 .text.LSM6DSL_AccInit
                0x0000000008000a4a       0x72 Core/Src/lsm6dsl.o
                0x0000000008000a4a                LSM6DSL_AccInit
 .text.LSM6DSL_AccDeInit
                0x0000000008000abc       0x32 Core/Src/lsm6dsl.o
                0x0000000008000abc                LSM6DSL_AccDeInit
 .text.LSM6DSL_AccReadID
                0x0000000008000aee       0x16 Core/Src/lsm6dsl.o
                0x0000000008000aee                LSM6DSL_AccReadID
 .text.LSM6DSL_AccLowPower
                0x0000000008000b04       0x44 Core/Src/lsm6dsl.o
                0x0000000008000b04                LSM6DSL_AccLowPower
 .text.LSM6DSL_AccReadXYZ
                0x0000000008000b48      0x134 Core/Src/lsm6dsl.o
                0x0000000008000b48                LSM6DSL_AccReadXYZ
 .text.HAL_GPIO_EXTI_Callback
                0x0000000008000c7c      0x150 Core/Src/main.o
                0x0000000008000c7c                HAL_GPIO_EXTI_Callback
 .text.main     0x0000000008000dcc       0x70 Core/Src/main.o
                0x0000000008000dcc                main
 .text.SystemClock_Config
                0x0000000008000e3c       0xf2 Core/Src/main.o
                0x0000000008000e3c                SystemClock_Config
 *fill*         0x0000000008000f2e        0x2 
 .text.MX_I2C2_Init
                0x0000000008000f30       0x80 Core/Src/main.o
 .text.MX_USART1_UART_Init
                0x0000000008000fb0       0x98 Core/Src/main.o
 .text.MX_GPIO_Init
                0x0000000008001048       0xb4 Core/Src/main.o
 .text.HAL_TIM_PeriodElapsedCallback
                0x00000000080010fc       0x24 Core/Src/main.o
                0x00000000080010fc                HAL_TIM_PeriodElapsedCallback
 .text.Error_Handler
                0x0000000008001120        0x8 Core/Src/main.o
                0x0000000008001120                Error_Handler
 .text.I2Cx_MspInit
                0x0000000008001128       0xb0 Core/Src/stm32l4s5i_iot01.o
 .text.I2Cx_Init
                0x00000000080011d8       0x5c Core/Src/stm32l4s5i_iot01.o
 .text.I2Cx_ReadMultiple
                0x0000000008001234       0x5a Core/Src/stm32l4s5i_iot01.o
 .text.I2Cx_WriteMultiple
                0x000000000800128e       0x5a Core/Src/stm32l4s5i_iot01.o
 .text.I2Cx_Error
                0x00000000080012e8       0x20 Core/Src/stm32l4s5i_iot01.o
 .text.SENSOR_IO_Init
                0x0000000008001308       0x14 Core/Src/stm32l4s5i_iot01.o
                0x0000000008001308                SENSOR_IO_Init
 .text.SENSOR_IO_Write
                0x000000000800131c       0x34 Core/Src/stm32l4s5i_iot01.o
                0x000000000800131c                SENSOR_IO_Write
 .text.SENSOR_IO_Read
                0x0000000008001350       0x3c Core/Src/stm32l4s5i_iot01.o
                0x0000000008001350                SENSOR_IO_Read
 .text.SENSOR_IO_ReadMultiple
                0x000000000800138c       0x3c Core/Src/stm32l4s5i_iot01.o
                0x000000000800138c                SENSOR_IO_ReadMultiple
 .text.BSP_ACCELERO_Init
                0x00000000080013c8       0x7c Core/Src/stm32l4s5i_iot01_accelero.o
                0x00000000080013c8                BSP_ACCELERO_Init
 .text.BSP_ACCELERO_AccGetXYZ
                0x0000000008001444       0x30 Core/Src/stm32l4s5i_iot01_accelero.o
                0x0000000008001444                BSP_ACCELERO_AccGetXYZ
 .text.BSP_HSENSOR_Init
                0x0000000008001474       0x40 Core/Src/stm32l4s5i_iot01_hsensor.o
                0x0000000008001474                BSP_HSENSOR_Init
 .text.BSP_HSENSOR_ReadHumidity
                0x00000000080014b4       0x1c Core/Src/stm32l4s5i_iot01_hsensor.o
                0x00000000080014b4                BSP_HSENSOR_ReadHumidity
 .text.BSP_PSENSOR_Init
                0x00000000080014d0       0x40 Core/Src/stm32l4s5i_iot01_psensor.o
                0x00000000080014d0                BSP_PSENSOR_Init
 .text.BSP_PSENSOR_ReadPressure
                0x0000000008001510       0x1c Core/Src/stm32l4s5i_iot01_psensor.o
                0x0000000008001510                BSP_PSENSOR_ReadPressure
 .text.BSP_TSENSOR_Init
                0x000000000800152c       0x38 Core/Src/stm32l4s5i_iot01_tsensor.o
                0x000000000800152c                BSP_TSENSOR_Init
 .text.BSP_TSENSOR_ReadTemp
                0x0000000008001564       0x1c Core/Src/stm32l4s5i_iot01_tsensor.o
                0x0000000008001564                BSP_TSENSOR_ReadTemp
 .text.HAL_MspInit
                0x0000000008001580       0x48 Core/Src/stm32l4xx_hal_msp.o
                0x0000000008001580                HAL_MspInit
 .text.HAL_I2C_MspInit
                0x00000000080015c8       0x88 Core/Src/stm32l4xx_hal_msp.o
                0x00000000080015c8                HAL_I2C_MspInit
 .text.HAL_I2C_MspDeInit
                0x0000000008001650       0x48 Core/Src/stm32l4xx_hal_msp.o
                0x0000000008001650                HAL_I2C_MspDeInit
 .text.HAL_UART_MspInit
                0x0000000008001698       0x88 Core/Src/stm32l4xx_hal_msp.o
                0x0000000008001698                HAL_UART_MspInit
 .text.HAL_InitTick
                0x0000000008001720       0xac Core/Src/stm32l4xx_hal_timebase_tim.o
                0x0000000008001720                HAL_InitTick
 .text.NMI_Handler
                0x00000000080017cc        0x6 Core/Src/stm32l4xx_it.o
                0x00000000080017cc                NMI_Handler
 .text.HardFault_Handler
                0x00000000080017d2        0x6 Core/Src/stm32l4xx_it.o
                0x00000000080017d2                HardFault_Handler
 .text.MemManage_Handler
                0x00000000080017d8        0x6 Core/Src/stm32l4xx_it.o
                0x00000000080017d8                MemManage_Handler
 .text.BusFault_Handler
                0x00000000080017de        0x6 Core/Src/stm32l4xx_it.o
                0x00000000080017de                BusFault_Handler
 .text.UsageFault_Handler
                0x00000000080017e4        0x6 Core/Src/stm32l4xx_it.o
                0x00000000080017e4                UsageFault_Handler
 .text.SVC_Handler
                0x00000000080017ea        0xe Core/Src/stm32l4xx_it.o
                0x00000000080017ea                SVC_Handler
 .text.DebugMon_Handler
                0x00000000080017f8        0xe Core/Src/stm32l4xx_it.o
                0x00000000080017f8                DebugMon_Handler
 .text.PendSV_Handler
                0x0000000008001806        0xe Core/Src/stm32l4xx_it.o
                0x0000000008001806                PendSV_Handler
 .text.SysTick_Handler
                0x0000000008001814        0xe Core/Src/stm32l4xx_it.o
                0x0000000008001814                SysTick_Handler
 .text.EXTI15_10_IRQHandler
                0x0000000008001822       0x10 Core/Src/stm32l4xx_it.o
                0x0000000008001822                EXTI15_10_IRQHandler
 *fill*         0x0000000008001832        0x2 
 .text.TIM6_DAC_IRQHandler
                0x0000000008001834       0x14 Core/Src/stm32l4xx_it.o
                0x0000000008001834                TIM6_DAC_IRQHandler
 .text._sbrk    0x0000000008001848       0x6c Core/Src/sysmem.o
                0x0000000008001848                _sbrk
 .text.SystemInit
                0x00000000080018b4       0x6c Core/Src/system_stm32l4xx.o
                0x00000000080018b4                SystemInit
 .text.Reset_Handler
                0x0000000008001920       0x50 Core/Startup/startup_stm32l4s5vitx.o
                0x0000000008001920                Reset_Handler
 .text.Default_Handler
                0x0000000008001970        0x2 Core/Startup/startup_stm32l4s5vitx.o
                0x0000000008001970                TIM1_BRK_TIM15_IRQHandler
                0x0000000008001970                EXTI2_IRQHandler
                0x0000000008001970                TIM8_TRG_COM_IRQHandler
                0x0000000008001970                TIM8_CC_IRQHandler
                0x0000000008001970                TIM1_CC_IRQHandler
                0x0000000008001970                TSC_IRQHandler
                0x0000000008001970                TAMP_STAMP_IRQHandler
                0x0000000008001970                EXTI3_IRQHandler
                0x0000000008001970                LPTIM2_IRQHandler
                0x0000000008001970                DFSDM1_FLT1_IRQHandler
                0x0000000008001970                GFXMMU_IRQHandler
                0x0000000008001970                I2C3_ER_IRQHandler
                0x0000000008001970                DFSDM1_FLT2_IRQHandler
                0x0000000008001970                EXTI0_IRQHandler
                0x0000000008001970                I2C2_EV_IRQHandler
                0x0000000008001970                CAN1_RX0_IRQHandler
                0x0000000008001970                FPU_IRQHandler
                0x0000000008001970                TIM1_UP_TIM16_IRQHandler
                0x0000000008001970                LTDC_ER_IRQHandler
                0x0000000008001970                SPI1_IRQHandler
                0x0000000008001970                OCTOSPI1_IRQHandler
                0x0000000008001970                DCMI_IRQHandler
                0x0000000008001970                TIM8_UP_IRQHandler
                0x0000000008001970                OCTOSPI2_IRQHandler
                0x0000000008001970                DMA2_Channel2_IRQHandler
                0x0000000008001970                DMA1_Channel4_IRQHandler
                0x0000000008001970                SAI2_IRQHandler
                0x0000000008001970                ADC1_IRQHandler
                0x0000000008001970                DFSDM1_FLT3_IRQHandler
                0x0000000008001970                USART3_IRQHandler
                0x0000000008001970                DMA1_Channel7_IRQHandler
                0x0000000008001970                CAN1_RX1_IRQHandler
                0x0000000008001970                UART5_IRQHandler
                0x0000000008001970                TIM4_IRQHandler
                0x0000000008001970                DMA2_Channel1_IRQHandler
                0x0000000008001970                I2C1_EV_IRQHandler
                0x0000000008001970                DMAMUX1_OVR_IRQHandler
                0x0000000008001970                DMA1_Channel6_IRQHandler
                0x0000000008001970                UART4_IRQHandler
                0x0000000008001970                DMA2_Channel4_IRQHandler
                0x0000000008001970                TIM3_IRQHandler
                0x0000000008001970                RCC_IRQHandler
                0x0000000008001970                DMA1_Channel1_IRQHandler
                0x0000000008001970                Default_Handler
                0x0000000008001970                DMA2_Channel7_IRQHandler
                0x0000000008001970                TIM7_IRQHandler
                0x0000000008001970                SDMMC1_IRQHandler
                0x0000000008001970                TIM5_IRQHandler
                0x0000000008001970                I2C3_EV_IRQHandler
                0x0000000008001970                EXTI9_5_IRQHandler
                0x0000000008001970                RTC_WKUP_IRQHandler
                0x0000000008001970                LTDC_IRQHandler
                0x0000000008001970                PVD_PVM_IRQHandler
                0x0000000008001970                SPI2_IRQHandler
                0x0000000008001970                CAN1_TX_IRQHandler
                0x0000000008001970                DMA2_Channel5_IRQHandler
                0x0000000008001970                DMA1_Channel5_IRQHandler
                0x0000000008001970                EXTI4_IRQHandler
                0x0000000008001970                RNG_IRQHandler
                0x0000000008001970                TIM1_TRG_COM_TIM17_IRQHandler
                0x0000000008001970                DMA1_Channel3_IRQHandler
                0x0000000008001970                COMP_IRQHandler
                0x0000000008001970                HASH_CRS_IRQHandler
                0x0000000008001970                WWDG_IRQHandler
                0x0000000008001970                I2C4_EV_IRQHandler
                0x0000000008001970                LPUART1_IRQHandler
                0x0000000008001970                DMA2_Channel6_IRQHandler
                0x0000000008001970                TIM2_IRQHandler
                0x0000000008001970                DMA2D_IRQHandler
                0x0000000008001970                EXTI1_IRQHandler
                0x0000000008001970                AES_IRQHandler
                0x0000000008001970                USART2_IRQHandler
                0x0000000008001970                DFSDM1_FLT0_IRQHandler
                0x0000000008001970                I2C2_ER_IRQHandler
                0x0000000008001970                DMA1_Channel2_IRQHandler
                0x0000000008001970                TIM8_BRK_IRQHandler
                0x0000000008001970                CAN1_SCE_IRQHandler
                0x0000000008001970                FLASH_IRQHandler
                0x0000000008001970                USART1_IRQHandler
                0x0000000008001970                OTG_FS_IRQHandler
                0x0000000008001970                SPI3_IRQHandler
                0x0000000008001970                I2C1_ER_IRQHandler
                0x0000000008001970                FMC_IRQHandler
                0x0000000008001970                LPTIM1_IRQHandler
                0x0000000008001970                I2C4_ER_IRQHandler
                0x0000000008001970                SAI1_IRQHandler
                0x0000000008001970                DMA2_Channel3_IRQHandler
                0x0000000008001970                RTC_Alarm_IRQHandler
 .text.HAL_Init
                0x0000000008001972       0x30 Drivers/STM32L4xx_HAL_Driver/Src/stm32l4xx_hal.o
                0x0000000008001972                HAL_Init
 *fill*         0x00000000080019a2        0x2 
 .text.HAL_IncTick
                0x00000000080019a4       0x28 Drivers/STM32L4xx_HAL_Driver/Src/stm32l4xx_hal.o
                0x00000000080019a4                HAL_IncTick
 .text.HAL_GetTick
                0x00000000080019cc       0x18 Drivers/STM32L4xx_HAL_Driver/Src/stm32l4xx_hal.o
                0x00000000080019cc                HAL_GetTick
 .text.HAL_Delay
                0x00000000080019e4       0x44 Drivers/STM32L4xx_HAL_Driver/Src/stm32l4xx_hal.o
                0x00000000080019e4                HAL_Delay
 .text.__NVIC_SetPriorityGrouping
                0x0000000008001a28       0x48 Drivers/STM32L4xx_HAL_Driver/Src/stm32l4xx_hal_cortex.o
 .text.__NVIC_GetPriorityGrouping
                0x0000000008001a70       0x1c Drivers/STM32L4xx_HAL_Driver/Src/stm32l4xx_hal_cortex.o
 .text.__NVIC_EnableIRQ
                0x0000000008001a8c       0x3c Drivers/STM32L4xx_HAL_Driver/Src/stm32l4xx_hal_cortex.o
 .text.__NVIC_SetPriority
                0x0000000008001ac8       0x54 Drivers/STM32L4xx_HAL_Driver/Src/stm32l4xx_hal_cortex.o
 .text.NVIC_EncodePriority
                0x0000000008001b1c       0x66 Drivers/STM32L4xx_HAL_Driver/Src/stm32l4xx_hal_cortex.o
 .text.HAL_NVIC_SetPriorityGrouping
                0x0000000008001b82       0x16 Drivers/STM32L4xx_HAL_Driver/Src/stm32l4xx_hal_cortex.o
                0x0000000008001b82                HAL_NVIC_SetPriorityGrouping
 .text.HAL_NVIC_SetPriority
                0x0000000008001b98       0x38 Drivers/STM32L4xx_HAL_Driver/Src/stm32l4xx_hal_cortex.o
                0x0000000008001b98                HAL_NVIC_SetPriority
 .text.HAL_NVIC_EnableIRQ
                0x0000000008001bd0       0x1c Drivers/STM32L4xx_HAL_Driver/Src/stm32l4xx_hal_cortex.o
                0x0000000008001bd0                HAL_NVIC_EnableIRQ
 .text.HAL_GPIO_Init
                0x0000000008001bec      0x324 Drivers/STM32L4xx_HAL_Driver/Src/stm32l4xx_hal_gpio.o
                0x0000000008001bec                HAL_GPIO_Init
 .text.HAL_GPIO_DeInit
                0x0000000008001f10      0x1e4 Drivers/STM32L4xx_HAL_Driver/Src/stm32l4xx_hal_gpio.o
                0x0000000008001f10                HAL_GPIO_DeInit
 .text.HAL_GPIO_WritePin
                0x00000000080020f4       0x30 Drivers/STM32L4xx_HAL_Driver/Src/stm32l4xx_hal_gpio.o
                0x00000000080020f4                HAL_GPIO_WritePin
 .text.HAL_GPIO_TogglePin
                0x0000000008002124       0x34 Drivers/STM32L4xx_HAL_Driver/Src/stm32l4xx_hal_gpio.o
                0x0000000008002124                HAL_GPIO_TogglePin
 .text.HAL_GPIO_EXTI_IRQHandler
                0x0000000008002158       0x30 Drivers/STM32L4xx_HAL_Driver/Src/stm32l4xx_hal_gpio.o
                0x0000000008002158                HAL_GPIO_EXTI_IRQHandler
 .text.HAL_I2C_Init
                0x0000000008002188      0x11e Drivers/STM32L4xx_HAL_Driver/Src/stm32l4xx_hal_i2c.o
                0x0000000008002188                HAL_I2C_Init
 .text.HAL_I2C_DeInit
                0x00000000080022a6       0x5e Drivers/STM32L4xx_HAL_Driver/Src/stm32l4xx_hal_i2c.o
                0x00000000080022a6                HAL_I2C_DeInit
 .text.HAL_I2C_Mem_Write
                0x0000000008002304      0x228 Drivers/STM32L4xx_HAL_Driver/Src/stm32l4xx_hal_i2c.o
                0x0000000008002304                HAL_I2C_Mem_Write
 .text.HAL_I2C_Mem_Read
                0x000000000800252c      0x234 Drivers/STM32L4xx_HAL_Driver/Src/stm32l4xx_hal_i2c.o
                0x000000000800252c                HAL_I2C_Mem_Read
 .text.I2C_RequestMemoryWrite
                0x0000000008002760       0xa8 Drivers/STM32L4xx_HAL_Driver/Src/stm32l4xx_hal_i2c.o
 .text.I2C_RequestMemoryRead
                0x0000000008002808       0xa8 Drivers/STM32L4xx_HAL_Driver/Src/stm32l4xx_hal_i2c.o
 .text.I2C_Flush_TXDR
                0x00000000080028b0       0x48 Drivers/STM32L4xx_HAL_Driver/Src/stm32l4xx_hal_i2c.o
 .text.I2C_WaitOnFlagUntilTimeout
                0x00000000080028f8       0x80 Drivers/STM32L4xx_HAL_Driver/Src/stm32l4xx_hal_i2c.o
 .text.I2C_WaitOnTXISFlagUntilTimeout
                0x0000000008002978       0x80 Drivers/STM32L4xx_HAL_Driver/Src/stm32l4xx_hal_i2c.o
 .text.I2C_WaitOnSTOPFlagUntilTimeout
                0x00000000080029f8       0x78 Drivers/STM32L4xx_HAL_Driver/Src/stm32l4xx_hal_i2c.o
 .text.I2C_IsAcknowledgeFailed
                0x0000000008002a70       0xcc Drivers/STM32L4xx_HAL_Driver/Src/stm32l4xx_hal_i2c.o
 .text.I2C_TransferConfig
                0x0000000008002b3c       0x5c Drivers/STM32L4xx_HAL_Driver/Src/stm32l4xx_hal_i2c.o
 .text.HAL_I2CEx_ConfigAnalogFilter
                0x0000000008002b98       0x96 Drivers/STM32L4xx_HAL_Driver/Src/stm32l4xx_hal_i2c_ex.o
                0x0000000008002b98                HAL_I2CEx_ConfigAnalogFilter
 .text.HAL_I2CEx_ConfigDigitalFilter
                0x0000000008002c2e       0x98 Drivers/STM32L4xx_HAL_Driver/Src/stm32l4xx_hal_i2c_ex.o
                0x0000000008002c2e                HAL_I2CEx_ConfigDigitalFilter
 *fill*         0x0000000008002cc6        0x2 
 .text.HAL_PWREx_GetVoltageRange
                0x0000000008002cc8       0x40 Drivers/STM32L4xx_HAL_Driver/Src/stm32l4xx_hal_pwr_ex.o
                0x0000000008002cc8                HAL_PWREx_GetVoltageRange
 .text.HAL_PWREx_ControlVoltageScaling
                0x0000000008002d08      0x148 Drivers/STM32L4xx_HAL_Driver/Src/stm32l4xx_hal_pwr_ex.o
                0x0000000008002d08                HAL_PWREx_ControlVoltageScaling
 .text.HAL_RCC_OscConfig
                0x0000000008002e50      0x84c Drivers/STM32L4xx_HAL_Driver/Src/stm32l4xx_hal_rcc.o
                0x0000000008002e50                HAL_RCC_OscConfig
 .text.HAL_RCC_ClockConfig
                0x000000000800369c      0x258 Drivers/STM32L4xx_HAL_Driver/Src/stm32l4xx_hal_rcc.o
                0x000000000800369c                HAL_RCC_ClockConfig
 .text.HAL_RCC_GetSysClockFreq
                0x00000000080038f4      0x114 Drivers/STM32L4xx_HAL_Driver/Src/stm32l4xx_hal_rcc.o
                0x00000000080038f4                HAL_RCC_GetSysClockFreq
 .text.HAL_RCC_GetHCLKFreq
                0x0000000008003a08       0x18 Drivers/STM32L4xx_HAL_Driver/Src/stm32l4xx_hal_rcc.o
                0x0000000008003a08                HAL_RCC_GetHCLKFreq
 .text.HAL_RCC_GetPCLK1Freq
                0x0000000008003a20       0x2c Drivers/STM32L4xx_HAL_Driver/Src/stm32l4xx_hal_rcc.o
                0x0000000008003a20                HAL_RCC_GetPCLK1Freq
 .text.HAL_RCC_GetPCLK2Freq
                0x0000000008003a4c       0x2c Drivers/STM32L4xx_HAL_Driver/Src/stm32l4xx_hal_rcc.o
                0x0000000008003a4c                HAL_RCC_GetPCLK2Freq
 .text.HAL_RCC_GetClockConfig
                0x0000000008003a78       0x64 Drivers/STM32L4xx_HAL_Driver/Src/stm32l4xx_hal_rcc.o
                0x0000000008003a78                HAL_RCC_GetClockConfig
 .text.RCC_SetFlashLatencyFromMSIRange
                0x0000000008003adc       0xb4 Drivers/STM32L4xx_HAL_Driver/Src/stm32l4xx_hal_rcc.o
 .text.RCC_GetSysClockFreqFromPLLSource
                0x0000000008003b90       0xd0 Drivers/STM32L4xx_HAL_Driver/Src/stm32l4xx_hal_rcc.o
 .text.HAL_RCCEx_PeriphCLKConfig
                0x0000000008003c60      0x650 Drivers/STM32L4xx_HAL_Driver/Src/stm32l4xx_hal_rcc_ex.o
                0x0000000008003c60                HAL_RCCEx_PeriphCLKConfig
 .text.RCCEx_PLLSAI1_Config
                0x00000000080042b0      0x1e0 Drivers/STM32L4xx_HAL_Driver/Src/stm32l4xx_hal_rcc_ex.o
 .text.RCCEx_PLLSAI2_Config
                0x0000000008004490      0x1e0 Drivers/STM32L4xx_HAL_Driver/Src/stm32l4xx_hal_rcc_ex.o
 .text.HAL_TIM_Base_Init
                0x0000000008004670       0xae Drivers/STM32L4xx_HAL_Driver/Src/stm32l4xx_hal_tim.o
                0x0000000008004670                HAL_TIM_Base_Init
 .text.HAL_TIM_Base_MspInit
                0x000000000800471e       0x14 Drivers/STM32L4xx_HAL_Driver/Src/stm32l4xx_hal_tim.o
                0x000000000800471e                HAL_TIM_Base_MspInit
 *fill*         0x0000000008004732        0x2 
 .text.HAL_TIM_Base_Start_IT
                0x0000000008004734       0xe0 Drivers/STM32L4xx_HAL_Driver/Src/stm32l4xx_hal_tim.o
                0x0000000008004734                HAL_TIM_Base_Start_IT
 .text.HAL_TIM_IRQHandler
                0x0000000008004814      0x23e Drivers/STM32L4xx_HAL_Driver/Src/stm32l4xx_hal_tim.o
                0x0000000008004814                HAL_TIM_IRQHandler
 .text.HAL_TIM_OC_DelayElapsedCallback
                0x0000000008004a52       0x14 Drivers/STM32L4xx_HAL_Driver/Src/stm32l4xx_hal_tim.o
                0x0000000008004a52                HAL_TIM_OC_DelayElapsedCallback
 .text.HAL_TIM_IC_CaptureCallback
                0x0000000008004a66       0x14 Drivers/STM32L4xx_HAL_Driver/Src/stm32l4xx_hal_tim.o
                0x0000000008004a66                HAL_TIM_IC_CaptureCallback
 .text.HAL_TIM_PWM_PulseFinishedCallback
                0x0000000008004a7a       0x14 Drivers/STM32L4xx_HAL_Driver/Src/stm32l4xx_hal_tim.o
                0x0000000008004a7a                HAL_TIM_PWM_PulseFinishedCallback
 .text.HAL_TIM_TriggerCallback
                0x0000000008004a8e       0x14 Drivers/STM32L4xx_HAL_Driver/Src/stm32l4xx_hal_tim.o
                0x0000000008004a8e                HAL_TIM_TriggerCallback
 *fill*         0x0000000008004aa2        0x2 
 .text.TIM_Base_SetConfig
                0x0000000008004aa4      0x134 Drivers/STM32L4xx_HAL_Driver/Src/stm32l4xx_hal_tim.o
                0x0000000008004aa4                TIM_Base_SetConfig
 .text.HAL_TIMEx_CommutCallback
                0x0000000008004bd8       0x14 Drivers/STM32L4xx_HAL_Driver/Src/stm32l4xx_hal_tim_ex.o
                0x0000000008004bd8                HAL_TIMEx_CommutCallback
 .text.HAL_TIMEx_BreakCallback
                0x0000000008004bec       0x14 Drivers/STM32L4xx_HAL_Driver/Src/stm32l4xx_hal_tim_ex.o
                0x0000000008004bec                HAL_TIMEx_BreakCallback
 .text.HAL_TIMEx_Break2Callback
                0x0000000008004c00       0x14 Drivers/STM32L4xx_HAL_Driver/Src/stm32l4xx_hal_tim_ex.o
                0x0000000008004c00                HAL_TIMEx_Break2Callback
 .text.HAL_UART_Init
                0x0000000008004c14       0xa0 Drivers/STM32L4xx_HAL_Driver/Src/stm32l4xx_hal_uart.o
                0x0000000008004c14                HAL_UART_Init
 .text.HAL_UART_Transmit
                0x0000000008004cb4      0x12e Drivers/STM32L4xx_HAL_Driver/Src/stm32l4xx_hal_uart.o
                0x0000000008004cb4                HAL_UART_Transmit
 *fill*         0x0000000008004de2        0x2 
 .text.UART_SetConfig
                0x0000000008004de4      0x5a4 Drivers/STM32L4xx_HAL_Driver/Src/stm32l4xx_hal_uart.o
                0x0000000008004de4                UART_SetConfig
 .text.UART_AdvFeatureConfig
                0x0000000008005388      0x144 Drivers/STM32L4xx_HAL_Driver/Src/stm32l4xx_hal_uart.o
                0x0000000008005388                UART_AdvFeatureConfig
 .text.UART_CheckIdleState
                0x00000000080054cc       0x90 Drivers/STM32L4xx_HAL_Driver/Src/stm32l4xx_hal_uart.o
                0x00000000080054cc                UART_CheckIdleState
 .text.UART_WaitOnFlagUntilTimeout
                0x000000000800555c      0x100 Drivers/STM32L4xx_HAL_Driver/Src/stm32l4xx_hal_uart.o
                0x000000000800555c                UART_WaitOnFlagUntilTimeout
 .text.HAL_UARTEx_DisableFifoMode
                0x000000000800565c       0x72 Drivers/STM32L4xx_HAL_Driver/Src/stm32l4xx_hal_uart_ex.o
                0x000000000800565c                HAL_UARTEx_DisableFifoMode
 .text.HAL_UARTEx_SetTxFifoThreshold
                0x00000000080056ce       0x7c Drivers/STM32L4xx_HAL_Driver/Src/stm32l4xx_hal_uart_ex.o
                0x00000000080056ce                HAL_UARTEx_SetTxFifoThreshold
 .text.HAL_UARTEx_SetRxFifoThreshold
                0x000000000800574a       0x7c Drivers/STM32L4xx_HAL_Driver/Src/stm32l4xx_hal_uart_ex.o
                0x000000000800574a                HAL_UARTEx_SetRxFifoThreshold
 *fill*         0x00000000080057c6        0x2 
 .text.UARTEx_SetNbDataToProcess
                0x00000000080057c8       0xd0 Drivers/STM32L4xx_HAL_Driver/Src/stm32l4xx_hal_uart_ex.o
 .text.__errno  0x0000000008005898        0xc /Applications/STM32CubeIDE.app/Contents/Eclipse/plugins/com.st.stm32cube.ide.mcu.externaltools.gnu-tools-for-stm32.7-2018-q2-update.macos64_1.5.0.202011040924/tools/bin/../lib/gcc/arm-none-eabi/7.3.1/../../../../arm-none-eabi/lib/thumb/v7e-m/fpv4-sp/hard/libc_nano.a(lib_a-errno.o)
                0x0000000008005898                __errno
 .text.__libc_init_array
                0x00000000080058a4       0x48 /Applications/STM32CubeIDE.app/Contents/Eclipse/plugins/com.st.stm32cube.ide.mcu.externaltools.gnu-tools-for-stm32.7-2018-q2-update.macos64_1.5.0.202011040924/tools/bin/../lib/gcc/arm-none-eabi/7.3.1/../../../../arm-none-eabi/lib/thumb/v7e-m/fpv4-sp/hard/libc_nano.a(lib_a-init.o)
                0x00000000080058a4                __libc_init_array
 .text.memset   0x00000000080058ec       0x10 /Applications/STM32CubeIDE.app/Contents/Eclipse/plugins/com.st.stm32cube.ide.mcu.externaltools.gnu-tools-for-stm32.7-2018-q2-update.macos64_1.5.0.202011040924/tools/bin/../lib/gcc/arm-none-eabi/7.3.1/../../../../arm-none-eabi/lib/thumb/v7e-m/fpv4-sp/hard/libc_nano.a(lib_a-memset.o)
                0x00000000080058ec                memset
 .text.sprintf  0x00000000080058fc       0x40 /Applications/STM32CubeIDE.app/Contents/Eclipse/plugins/com.st.stm32cube.ide.mcu.externaltools.gnu-tools-for-stm32.7-2018-q2-update.macos64_1.5.0.202011040924/tools/bin/../lib/gcc/arm-none-eabi/7.3.1/../../../../arm-none-eabi/lib/thumb/v7e-m/fpv4-sp/hard/libc_nano.a(lib_a-sprintf.o)
                0x00000000080058fc                sprintf
                0x00000000080058fc                siprintf
 .text.__ssputs_r
                0x000000000800593c       0xb4 /Applications/STM32CubeIDE.app/Contents/Eclipse/plugins/com.st.stm32cube.ide.mcu.externaltools.gnu-tools-for-stm32.7-2018-q2-update.macos64_1.5.0.202011040924/tools/bin/../lib/gcc/arm-none-eabi/7.3.1/../../../../arm-none-eabi/lib/thumb/v7e-m/fpv4-sp/hard/libc_nano.a(lib_a-nano-svfprintf.o)
                0x000000000800593c                __ssputs_r
 .text._svfprintf_r
                0x00000000080059f0      0x1f0 /Applications/STM32CubeIDE.app/Contents/Eclipse/plugins/com.st.stm32cube.ide.mcu.externaltools.gnu-tools-for-stm32.7-2018-q2-update.macos64_1.5.0.202011040924/tools/bin/../lib/gcc/arm-none-eabi/7.3.1/../../../../arm-none-eabi/lib/thumb/v7e-m/fpv4-sp/hard/libc_nano.a(lib_a-nano-svfprintf.o)
                0x00000000080059f0                _svfprintf_r
                0x00000000080059f0                _svfiprintf_r
 .text._printf_common
                0x0000000008005be0       0xea /Applications/STM32CubeIDE.app/Contents/Eclipse/plugins/com.st.stm32cube.ide.mcu.externaltools.gnu-tools-for-stm32.7-2018-q2-update.macos64_1.5.0.202011040924/tools/bin/../lib/gcc/arm-none-eabi/7.3.1/../../../../arm-none-eabi/lib/thumb/v7e-m/fpv4-sp/hard/libc_nano.a(lib_a-nano-vfprintf_i.o)
                0x0000000008005be0                _printf_common
 *fill*         0x0000000008005cca        0x2 
 .text._printf_i
                0x0000000008005ccc      0x224 /Applications/STM32CubeIDE.app/Contents/Eclipse/plugins/com.st.stm32cube.ide.mcu.externaltools.gnu-tools-for-stm32.7-2018-q2-update.macos64_1.5.0.202011040924/tools/bin/../lib/gcc/arm-none-eabi/7.3.1/../../../../arm-none-eabi/lib/thumb/v7e-m/fpv4-sp/hard/libc_nano.a(lib_a-nano-vfprintf_i.o)
                0x0000000008005ccc                _printf_i
 .text.memcpy   0x0000000008005ef0       0x16 /Applications/STM32CubeIDE.app/Contents/Eclipse/plugins/com.st.stm32cube.ide.mcu.externaltools.gnu-tools-for-stm32.7-2018-q2-update.macos64_1.5.0.202011040924/tools/bin/../lib/gcc/arm-none-eabi/7.3.1/../../../../arm-none-eabi/lib/thumb/v7e-m/fpv4-sp/hard/libc_nano.a(lib_a-memcpy-stub.o)
                0x0000000008005ef0                memcpy
 .text.memmove  0x0000000008005f06       0x32 /Applications/STM32CubeIDE.app/Contents/Eclipse/plugins/com.st.stm32cube.ide.mcu.externaltools.gnu-tools-for-stm32.7-2018-q2-update.macos64_1.5.0.202011040924/tools/bin/../lib/gcc/arm-none-eabi/7.3.1/../../../../arm-none-eabi/lib/thumb/v7e-m/fpv4-sp/hard/libc_nano.a(lib_a-memmove.o)
                0x0000000008005f06                memmove
 .text._free_r  0x0000000008005f38       0x9c /Applications/STM32CubeIDE.app/Contents/Eclipse/plugins/com.st.stm32cube.ide.mcu.externaltools.gnu-tools-for-stm32.7-2018-q2-update.macos64_1.5.0.202011040924/tools/bin/../lib/gcc/arm-none-eabi/7.3.1/../../../../arm-none-eabi/lib/thumb/v7e-m/fpv4-sp/hard/libc_nano.a(lib_a-nano-freer.o)
                0x0000000008005f38                _free_r
 .text._malloc_r
                0x0000000008005fd4       0xb4 /Applications/STM32CubeIDE.app/Contents/Eclipse/plugins/com.st.stm32cube.ide.mcu.externaltools.gnu-tools-for-stm32.7-2018-q2-update.macos64_1.5.0.202011040924/tools/bin/../lib/gcc/arm-none-eabi/7.3.1/../../../../arm-none-eabi/lib/thumb/v7e-m/fpv4-sp/hard/libc_nano.a(lib_a-nano-mallocr.o)
                0x0000000008005fd4                _malloc_r
 .text._realloc_r
                0x0000000008006088       0x4c /Applications/STM32CubeIDE.app/Contents/Eclipse/plugins/com.st.stm32cube.ide.mcu.externaltools.gnu-tools-for-stm32.7-2018-q2-update.macos64_1.5.0.202011040924/tools/bin/../lib/gcc/arm-none-eabi/7.3.1/../../../../arm-none-eabi/lib/thumb/v7e-m/fpv4-sp/hard/libc_nano.a(lib_a-nano-reallocr.o)
                0x0000000008006088                _realloc_r
 .text._sbrk_r  0x00000000080060d4       0x20 /Applications/STM32CubeIDE.app/Contents/Eclipse/plugins/com.st.stm32cube.ide.mcu.externaltools.gnu-tools-for-stm32.7-2018-q2-update.macos64_1.5.0.202011040924/tools/bin/../lib/gcc/arm-none-eabi/7.3.1/../../../../arm-none-eabi/lib/thumb/v7e-m/fpv4-sp/hard/libc_nano.a(lib_a-sbrkr.o)
                0x00000000080060d4                _sbrk_r
 .text.__malloc_lock
                0x00000000080060f4        0x2 /Applications/STM32CubeIDE.app/Contents/Eclipse/plugins/com.st.stm32cube.ide.mcu.externaltools.gnu-tools-for-stm32.7-2018-q2-update.macos64_1.5.0.202011040924/tools/bin/../lib/gcc/arm-none-eabi/7.3.1/../../../../arm-none-eabi/lib/thumb/v7e-m/fpv4-sp/hard/libc_nano.a(lib_a-mlock.o)
                0x00000000080060f4                __malloc_lock
 .text.__malloc_unlock
                0x00000000080060f6        0x2 /Applications/STM32CubeIDE.app/Contents/Eclipse/plugins/com.st.stm32cube.ide.mcu.externaltools.gnu-tools-for-stm32.7-2018-q2-update.macos64_1.5.0.202011040924/tools/bin/../lib/gcc/arm-none-eabi/7.3.1/../../../../arm-none-eabi/lib/thumb/v7e-m/fpv4-sp/hard/libc_nano.a(lib_a-mlock.o)
                0x00000000080060f6                __malloc_unlock
 .text._malloc_usable_size_r
                0x00000000080060f8       0x10 /Applications/STM32CubeIDE.app/Contents/Eclipse/plugins/com.st.stm32cube.ide.mcu.externaltools.gnu-tools-for-stm32.7-2018-q2-update.macos64_1.5.0.202011040924/tools/bin/../lib/gcc/arm-none-eabi/7.3.1/../../../../arm-none-eabi/lib/thumb/v7e-m/fpv4-sp/hard/libc_nano.a(lib_a-nano-msizer.o)
                0x00000000080060f8                _malloc_usable_size_r
 *(.glue_7)
 .glue_7        0x0000000008006108        0x0 linker stubs
 *(.glue_7t)
 .glue_7t       0x0000000008006108        0x0 linker stubs
 *(.eh_frame)
 .eh_frame      0x0000000008006108        0x0 /Applications/STM32CubeIDE.app/Contents/Eclipse/plugins/com.st.stm32cube.ide.mcu.externaltools.gnu-tools-for-stm32.7-2018-q2-update.macos64_1.5.0.202011040924/tools/bin/../lib/gcc/arm-none-eabi/7.3.1/thumb/v7e-m/fpv4-sp/hard/crtbegin.o
 *(.init)
 .init          0x0000000008006108        0x4 /Applications/STM32CubeIDE.app/Contents/Eclipse/plugins/com.st.stm32cube.ide.mcu.externaltools.gnu-tools-for-stm32.7-2018-q2-update.macos64_1.5.0.202011040924/tools/bin/../lib/gcc/arm-none-eabi/7.3.1/thumb/v7e-m/fpv4-sp/hard/crti.o
                0x0000000008006108                _init
 .init          0x000000000800610c        0x8 /Applications/STM32CubeIDE.app/Contents/Eclipse/plugins/com.st.stm32cube.ide.mcu.externaltools.gnu-tools-for-stm32.7-2018-q2-update.macos64_1.5.0.202011040924/tools/bin/../lib/gcc/arm-none-eabi/7.3.1/thumb/v7e-m/fpv4-sp/hard/crtn.o
 *(.fini)
 .fini          0x0000000008006114        0x4 /Applications/STM32CubeIDE.app/Contents/Eclipse/plugins/com.st.stm32cube.ide.mcu.externaltools.gnu-tools-for-stm32.7-2018-q2-update.macos64_1.5.0.202011040924/tools/bin/../lib/gcc/arm-none-eabi/7.3.1/thumb/v7e-m/fpv4-sp/hard/crti.o
                0x0000000008006114                _fini
 .fini          0x0000000008006118        0x8 /Applications/STM32CubeIDE.app/Contents/Eclipse/plugins/com.st.stm32cube.ide.mcu.externaltools.gnu-tools-for-stm32.7-2018-q2-update.macos64_1.5.0.202011040924/tools/bin/../lib/gcc/arm-none-eabi/7.3.1/thumb/v7e-m/fpv4-sp/hard/crtn.o
                0x0000000008006120                . = ALIGN (0x4)
                0x0000000008006120                _etext = .

.vfp11_veneer   0x0000000008006120        0x0
 .vfp11_veneer  0x0000000008006120        0x0 linker stubs

.v4_bx          0x0000000008006120        0x0
 .v4_bx         0x0000000008006120        0x0 linker stubs

.iplt           0x0000000008006120        0x0
 .iplt          0x0000000008006120        0x0 /Applications/STM32CubeIDE.app/Contents/Eclipse/plugins/com.st.stm32cube.ide.mcu.externaltools.gnu-tools-for-stm32.7-2018-q2-update.macos64_1.5.0.202011040924/tools/bin/../lib/gcc/arm-none-eabi/7.3.1/thumb/v7e-m/fpv4-sp/hard/crtbegin.o

.rodata         0x0000000008006120      0x110
                0x0000000008006120                . = ALIGN (0x4)
 *(.rodata)
 .rodata        0x0000000008006120       0x6c Core/Src/main.o
 .rodata        0x000000000800618c       0x10 Drivers/STM32L4xx_HAL_Driver/Src/stm32l4xx_hal_uart_ex.o
 *(.rodata*)
 .rodata.AHBPrescTable
                0x000000000800619c       0x10 Core/Src/system_stm32l4xx.o
                0x000000000800619c                AHBPrescTable
 .rodata.APBPrescTable
                0x00000000080061ac        0x8 Core/Src/system_stm32l4xx.o
                0x00000000080061ac                APBPrescTable
 .rodata.MSIRangeTable
                0x00000000080061b4       0x30 Core/Src/system_stm32l4xx.o
                0x00000000080061b4                MSIRangeTable
 .rodata.UARTPrescTable
                0x00000000080061e4       0x18 Drivers/STM32L4xx_HAL_Driver/Src/stm32l4xx_hal_uart.o
                0x00000000080061e4                UARTPrescTable
 .rodata._svfprintf_r.str1.1
                0x00000000080061fc       0x11 /Applications/STM32CubeIDE.app/Contents/Eclipse/plugins/com.st.stm32cube.ide.mcu.externaltools.gnu-tools-for-stm32.7-2018-q2-update.macos64_1.5.0.202011040924/tools/bin/../lib/gcc/arm-none-eabi/7.3.1/../../../../arm-none-eabi/lib/thumb/v7e-m/fpv4-sp/hard/libc_nano.a(lib_a-nano-svfprintf.o)
 .rodata._printf_i.str1.1
                0x000000000800620d       0x22 /Applications/STM32CubeIDE.app/Contents/Eclipse/plugins/com.st.stm32cube.ide.mcu.externaltools.gnu-tools-for-stm32.7-2018-q2-update.macos64_1.5.0.202011040924/tools/bin/../lib/gcc/arm-none-eabi/7.3.1/../../../../arm-none-eabi/lib/thumb/v7e-m/fpv4-sp/hard/libc_nano.a(lib_a-nano-vfprintf_i.o)
                0x0000000008006230                . = ALIGN (0x4)
 *fill*         0x000000000800622f        0x1 

.ARM.extab      0x0000000008006230        0x0
                0x0000000008006230                . = ALIGN (0x4)
 *(.ARM.extab* .gnu.linkonce.armextab.*)
                0x0000000008006230                . = ALIGN (0x4)

.ARM            0x0000000008006230        0x8
                0x0000000008006230                . = ALIGN (0x4)
                0x0000000008006230                __exidx_start = .
 *(.ARM.exidx*)
 .ARM.exidx     0x0000000008006230        0x8 /Applications/STM32CubeIDE.app/Contents/Eclipse/plugins/com.st.stm32cube.ide.mcu.externaltools.gnu-tools-for-stm32.7-2018-q2-update.macos64_1.5.0.202011040924/tools/bin/../lib/gcc/arm-none-eabi/7.3.1/thumb/v7e-m/fpv4-sp/hard/libgcc.a(_udivmoddi4.o)
                0x0000000008006238                __exidx_end = .
                0x0000000008006238                . = ALIGN (0x4)

.rel.dyn        0x0000000008006238        0x0
 .rel.iplt      0x0000000008006238        0x0 /Applications/STM32CubeIDE.app/Contents/Eclipse/plugins/com.st.stm32cube.ide.mcu.externaltools.gnu-tools-for-stm32.7-2018-q2-update.macos64_1.5.0.202011040924/tools/bin/../lib/gcc/arm-none-eabi/7.3.1/thumb/v7e-m/fpv4-sp/hard/crtbegin.o

.preinit_array  0x0000000008006238        0x0
                0x0000000008006238                . = ALIGN (0x4)
                0x0000000008006238                PROVIDE (__preinit_array_start = .)
 *(.preinit_array*)
                0x0000000008006238                PROVIDE (__preinit_array_end = .)
                0x0000000008006238                . = ALIGN (0x4)

.init_array     0x0000000008006238        0x4
                0x0000000008006238                . = ALIGN (0x4)
                0x0000000008006238                PROVIDE (__init_array_start = .)
 *(SORT_BY_NAME(.init_array.*))
 *(.init_array*)
 .init_array    0x0000000008006238        0x4 /Applications/STM32CubeIDE.app/Contents/Eclipse/plugins/com.st.stm32cube.ide.mcu.externaltools.gnu-tools-for-stm32.7-2018-q2-update.macos64_1.5.0.202011040924/tools/bin/../lib/gcc/arm-none-eabi/7.3.1/thumb/v7e-m/fpv4-sp/hard/crtbegin.o
                0x000000000800623c                PROVIDE (__init_array_end = .)
                0x000000000800623c                . = ALIGN (0x4)

.fini_array     0x000000000800623c        0x4
                0x000000000800623c                . = ALIGN (0x4)
                [!provide]                        PROVIDE (__fini_array_start = .)
 *(SORT_BY_NAME(.fini_array.*))
 *(.fini_array*)
 .fini_array    0x000000000800623c        0x4 /Applications/STM32CubeIDE.app/Contents/Eclipse/plugins/com.st.stm32cube.ide.mcu.externaltools.gnu-tools-for-stm32.7-2018-q2-update.macos64_1.5.0.202011040924/tools/bin/../lib/gcc/arm-none-eabi/7.3.1/thumb/v7e-m/fpv4-sp/hard/crtbegin.o
                [!provide]                        PROVIDE (__fini_array_end = .)
                0x0000000008006240                . = ALIGN (0x4)
                0x0000000008006240                _sidata = LOADADDR (.data)

.data           0x0000000020000000       0xcc load address 0x0000000008006240
                0x0000000020000000                . = ALIGN (0x4)
                0x0000000020000000                _sdata = .
 *(.data)
 *(.data*)
 .data.HTS221_H_Drv
                0x0000000020000000        0xc Core/Src/hts221.o
                0x0000000020000000                HTS221_H_Drv
 .data.HTS221_T_Drv
                0x000000002000000c       0x10 Core/Src/hts221.o
                0x000000002000000c                HTS221_T_Drv
 .data.LPS22HB_P_Drv
                0x000000002000001c        0xc Core/Src/lps22hb.o
                0x000000002000001c                LPS22HB_P_Drv
 .data.Lsm6dslAccDrv
                0x0000000020000028       0x34 Core/Src/lsm6dsl.o
                0x0000000020000028                Lsm6dslAccDrv
 .data.SystemCoreClock
                0x000000002000005c        0x4 Core/Src/system_stm32l4xx.o
                0x000000002000005c                SystemCoreClock
 .data.uwTickPrio
                0x0000000020000060        0x4 Drivers/STM32L4xx_HAL_Driver/Src/stm32l4xx_hal.o
                0x0000000020000060                uwTickPrio
 .data.uwTickFreq
                0x0000000020000064        0x1 Drivers/STM32L4xx_HAL_Driver/Src/stm32l4xx_hal.o
                0x0000000020000064                uwTickFreq
 *fill*         0x0000000020000065        0x3 
 .data._impure_ptr
                0x0000000020000068        0x4 /Applications/STM32CubeIDE.app/Contents/Eclipse/plugins/com.st.stm32cube.ide.mcu.externaltools.gnu-tools-for-stm32.7-2018-q2-update.macos64_1.5.0.202011040924/tools/bin/../lib/gcc/arm-none-eabi/7.3.1/../../../../arm-none-eabi/lib/thumb/v7e-m/fpv4-sp/hard/libc_nano.a(lib_a-impure.o)
                0x0000000020000068                _impure_ptr
 .data.impure_data
                0x000000002000006c       0x60 /Applications/STM32CubeIDE.app/Contents/Eclipse/plugins/com.st.stm32cube.ide.mcu.externaltools.gnu-tools-for-stm32.7-2018-q2-update.macos64_1.5.0.202011040924/tools/bin/../lib/gcc/arm-none-eabi/7.3.1/../../../../arm-none-eabi/lib/thumb/v7e-m/fpv4-sp/hard/libc_nano.a(lib_a-impure.o)
 *(.RamFunc)
 *(.RamFunc*)
                0x00000000200000cc                . = ALIGN (0x4)
                0x00000000200000cc                _edata = .

.igot.plt       0x00000000200000cc        0x0 load address 0x000000000800630c
 .igot.plt      0x00000000200000cc        0x0 /Applications/STM32CubeIDE.app/Contents/Eclipse/plugins/com.st.stm32cube.ide.mcu.externaltools.gnu-tools-for-stm32.7-2018-q2-update.macos64_1.5.0.202011040924/tools/bin/../lib/gcc/arm-none-eabi/7.3.1/thumb/v7e-m/fpv4-sp/hard/crtbegin.o
                0x00000000200000cc                . = ALIGN (0x4)

.bss            0x00000000200000cc      0x454 load address 0x000000000800630c
                0x00000000200000cc                _sbss = .
                0x00000000200000cc                __bss_start__ = _sbss
 *(.bss)
 .bss           0x00000000200000cc       0x1c /Applications/STM32CubeIDE.app/Contents/Eclipse/plugins/com.st.stm32cube.ide.mcu.externaltools.gnu-tools-for-stm32.7-2018-q2-update.macos64_1.5.0.202011040924/tools/bin/../lib/gcc/arm-none-eabi/7.3.1/thumb/v7e-m/fpv4-sp/hard/crtbegin.o
 *(.bss*)
 .bss.state     0x00000000200000e8        0x1 Core/Src/main.o
                0x00000000200000e8                state
 *fill*         0x00000000200000e9        0x3 
 .bss.AccelerometerDrv
                0x00000000200000ec        0x4 Core/Src/stm32l4s5i_iot01_accelero.o
 .bss.Hsensor_drv
                0x00000000200000f0        0x4 Core/Src/stm32l4s5i_iot01_hsensor.o
 .bss.Psensor_drv
                0x00000000200000f4        0x4 Core/Src/stm32l4s5i_iot01_psensor.o
 .bss.tsensor_drv
                0x00000000200000f8        0x4 Core/Src/stm32l4s5i_iot01_tsensor.o
 .bss.__sbrk_heap_end
                0x00000000200000fc        0x4 Core/Src/sysmem.o
 .bss.__malloc_free_list
                0x0000000020000100        0x4 /Applications/STM32CubeIDE.app/Contents/Eclipse/plugins/com.st.stm32cube.ide.mcu.externaltools.gnu-tools-for-stm32.7-2018-q2-update.macos64_1.5.0.202011040924/tools/bin/../lib/gcc/arm-none-eabi/7.3.1/../../../../arm-none-eabi/lib/thumb/v7e-m/fpv4-sp/hard/libc_nano.a(lib_a-nano-mallocr.o)
                0x0000000020000100                __malloc_free_list
 .bss.__malloc_sbrk_start
                0x0000000020000104        0x4 /Applications/STM32CubeIDE.app/Contents/Eclipse/plugins/com.st.stm32cube.ide.mcu.externaltools.gnu-tools-for-stm32.7-2018-q2-update.macos64_1.5.0.202011040924/tools/bin/../lib/gcc/arm-none-eabi/7.3.1/../../../../arm-none-eabi/lib/thumb/v7e-m/fpv4-sp/hard/libc_nano.a(lib_a-nano-mallocr.o)
                0x0000000020000104                __malloc_sbrk_start
 *(COMMON)
 COMMON         0x0000000020000108      0x2ea Core/Src/main.o
                0x0000000020000108                gyro_buffer
                0x000000002000016c                hi2c2
                0x00000000200001b8                accelero_buffer
                0x000000002000021c                hSensor_buffer
                0x0000000020000280                tSensor_buffer
                0x00000000200002e4                tValue
                0x00000000200002e8                gyro
                0x00000000200002f4                huart1
                0x0000000020000380                pressure_buff
                0x00000000200003e4                hValue
                0x00000000200003e8                psensor
                0x00000000200003ec                accelero
 *fill*         0x00000000200003f2        0x2 
 COMMON         0x00000000200003f4       0xd8 Core/Src/stm32l4s5i_iot01.o
                0x00000000200003f4                hDiscoUart
                0x0000000020000480                hI2cHandler
 COMMON         0x00000000200004cc       0x4c Core/Src/stm32l4xx_hal_timebase_tim.o
                0x00000000200004cc                htim6
 COMMON         0x0000000020000518        0x4 Drivers/STM32L4xx_HAL_Driver/Src/stm32l4xx_hal.o
                0x0000000020000518                uwTick
 COMMON         0x000000002000051c        0x4 /Applications/STM32CubeIDE.app/Contents/Eclipse/plugins/com.st.stm32cube.ide.mcu.externaltools.gnu-tools-for-stm32.7-2018-q2-update.macos64_1.5.0.202011040924/tools/bin/../lib/gcc/arm-none-eabi/7.3.1/../../../../arm-none-eabi/lib/thumb/v7e-m/fpv4-sp/hard/libc_nano.a(lib_a-reent.o)
                0x000000002000051c                errno
                0x0000000020000520                . = ALIGN (0x4)
                0x0000000020000520                _ebss = .
                0x0000000020000520                __bss_end__ = _ebss

._user_heap_stack
                0x0000000020000520      0x600 load address 0x000000000800630c
                0x0000000020000520                . = ALIGN (0x8)
                [!provide]                        PROVIDE (end = .)
                0x0000000020000520                PROVIDE (_end = .)
                0x0000000020000720                . = (. + _Min_Heap_Size)
 *fill*         0x0000000020000520      0x200 
                0x0000000020000b20                . = (. + _Min_Stack_Size)
 *fill*         0x0000000020000720      0x400 
                0x0000000020000b20                . = ALIGN (0x8)

/DISCARD/
 libc.a(*)
 libm.a(*)
 libgcc.a(*)

.ARM.attributes
                0x0000000000000000       0x30
 *(.ARM.attributes)
 .ARM.attributes
                0x0000000000000000       0x22 /Applications/STM32CubeIDE.app/Contents/Eclipse/plugins/com.st.stm32cube.ide.mcu.externaltools.gnu-tools-for-stm32.7-2018-q2-update.macos64_1.5.0.202011040924/tools/bin/../lib/gcc/arm-none-eabi/7.3.1/thumb/v7e-m/fpv4-sp/hard/crti.o
 .ARM.attributes
                0x0000000000000022       0x34 /Applications/STM32CubeIDE.app/Contents/Eclipse/plugins/com.st.stm32cube.ide.mcu.externaltools.gnu-tools-for-stm32.7-2018-q2-update.macos64_1.5.0.202011040924/tools/bin/../lib/gcc/arm-none-eabi/7.3.1/thumb/v7e-m/fpv4-sp/hard/crtbegin.o
 .ARM.attributes
                0x0000000000000056       0x39 Core/Src/hts221.o
 .ARM.attributes
                0x000000000000008f       0x39 Core/Src/lps22hb.o
 .ARM.attributes
                0x00000000000000c8       0x39 Core/Src/lsm6dsl.o
 .ARM.attributes
                0x0000000000000101       0x39 Core/Src/main.o
 .ARM.attributes
                0x000000000000013a       0x39 Core/Src/stm32l4s5i_iot01.o
 .ARM.attributes
                0x0000000000000173       0x39 Core/Src/stm32l4s5i_iot01_accelero.o
 .ARM.attributes
                0x00000000000001ac       0x39 Core/Src/stm32l4s5i_iot01_hsensor.o
 .ARM.attributes
                0x00000000000001e5       0x39 Core/Src/stm32l4s5i_iot01_psensor.o
 .ARM.attributes
                0x000000000000021e       0x39 Core/Src/stm32l4s5i_iot01_tsensor.o
 .ARM.attributes
                0x0000000000000257       0x39 Core/Src/stm32l4xx_hal_msp.o
 .ARM.attributes
                0x0000000000000290       0x39 Core/Src/stm32l4xx_hal_timebase_tim.o
 .ARM.attributes
                0x00000000000002c9       0x39 Core/Src/stm32l4xx_it.o
 .ARM.attributes
                0x0000000000000302       0x39 Core/Src/sysmem.o
 .ARM.attributes
                0x000000000000033b       0x39 Core/Src/system_stm32l4xx.o
 .ARM.attributes
                0x0000000000000374       0x21 Core/Startup/startup_stm32l4s5vitx.o
 .ARM.attributes
                0x0000000000000395       0x39 Drivers/STM32L4xx_HAL_Driver/Src/stm32l4xx_hal.o
 .ARM.attributes
                0x00000000000003ce       0x39 Drivers/STM32L4xx_HAL_Driver/Src/stm32l4xx_hal_cortex.o
 .ARM.attributes
                0x0000000000000407       0x39 Drivers/STM32L4xx_HAL_Driver/Src/stm32l4xx_hal_gpio.o
 .ARM.attributes
                0x0000000000000440       0x39 Drivers/STM32L4xx_HAL_Driver/Src/stm32l4xx_hal_i2c.o
 .ARM.attributes
                0x0000000000000479       0x39 Drivers/STM32L4xx_HAL_Driver/Src/stm32l4xx_hal_i2c_ex.o
 .ARM.attributes
                0x00000000000004b2       0x39 Drivers/STM32L4xx_HAL_Driver/Src/stm32l4xx_hal_pwr_ex.o
 .ARM.attributes
                0x00000000000004eb       0x39 Drivers/STM32L4xx_HAL_Driver/Src/stm32l4xx_hal_rcc.o
 .ARM.attributes
                0x0000000000000524       0x39 Drivers/STM32L4xx_HAL_Driver/Src/stm32l4xx_hal_rcc_ex.o
 .ARM.attributes
                0x000000000000055d       0x39 Drivers/STM32L4xx_HAL_Driver/Src/stm32l4xx_hal_tim.o
 .ARM.attributes
                0x0000000000000596       0x39 Drivers/STM32L4xx_HAL_Driver/Src/stm32l4xx_hal_tim_ex.o
 .ARM.attributes
                0x00000000000005cf       0x39 Drivers/STM32L4xx_HAL_Driver/Src/stm32l4xx_hal_uart.o
 .ARM.attributes
                0x0000000000000608       0x39 Drivers/STM32L4xx_HAL_Driver/Src/stm32l4xx_hal_uart_ex.o
 .ARM.attributes
                0x0000000000000641       0x34 /Applications/STM32CubeIDE.app/Contents/Eclipse/plugins/com.st.stm32cube.ide.mcu.externaltools.gnu-tools-for-stm32.7-2018-q2-update.macos64_1.5.0.202011040924/tools/bin/../lib/gcc/arm-none-eabi/7.3.1/../../../../arm-none-eabi/lib/thumb/v7e-m/fpv4-sp/hard/libc_nano.a(lib_a-errno.o)
 .ARM.attributes
                0x0000000000000675       0x34 /Applications/STM32CubeIDE.app/Contents/Eclipse/plugins/com.st.stm32cube.ide.mcu.externaltools.gnu-tools-for-stm32.7-2018-q2-update.macos64_1.5.0.202011040924/tools/bin/../lib/gcc/arm-none-eabi/7.3.1/../../../../arm-none-eabi/lib/thumb/v7e-m/fpv4-sp/hard/libc_nano.a(lib_a-impure.o)
 .ARM.attributes
                0x00000000000006a9       0x34 /Applications/STM32CubeIDE.app/Contents/Eclipse/plugins/com.st.stm32cube.ide.mcu.externaltools.gnu-tools-for-stm32.7-2018-q2-update.macos64_1.5.0.202011040924/tools/bin/../lib/gcc/arm-none-eabi/7.3.1/../../../../arm-none-eabi/lib/thumb/v7e-m/fpv4-sp/hard/libc_nano.a(lib_a-init.o)
 .ARM.attributes
                0x00000000000006dd       0x34 /Applications/STM32CubeIDE.app/Contents/Eclipse/plugins/com.st.stm32cube.ide.mcu.externaltools.gnu-tools-for-stm32.7-2018-q2-update.macos64_1.5.0.202011040924/tools/bin/../lib/gcc/arm-none-eabi/7.3.1/../../../../arm-none-eabi/lib/thumb/v7e-m/fpv4-sp/hard/libc_nano.a(lib_a-memset.o)
 .ARM.attributes
                0x0000000000000711       0x34 /Applications/STM32CubeIDE.app/Contents/Eclipse/plugins/com.st.stm32cube.ide.mcu.externaltools.gnu-tools-for-stm32.7-2018-q2-update.macos64_1.5.0.202011040924/tools/bin/../lib/gcc/arm-none-eabi/7.3.1/../../../../arm-none-eabi/lib/thumb/v7e-m/fpv4-sp/hard/libc_nano.a(lib_a-sprintf.o)
 .ARM.attributes
                0x0000000000000745       0x34 /Applications/STM32CubeIDE.app/Contents/Eclipse/plugins/com.st.stm32cube.ide.mcu.externaltools.gnu-tools-for-stm32.7-2018-q2-update.macos64_1.5.0.202011040924/tools/bin/../lib/gcc/arm-none-eabi/7.3.1/../../../../arm-none-eabi/lib/thumb/v7e-m/fpv4-sp/hard/libc_nano.a(lib_a-nano-svfprintf.o)
 .ARM.attributes
                0x0000000000000779       0x34 /Applications/STM32CubeIDE.app/Contents/Eclipse/plugins/com.st.stm32cube.ide.mcu.externaltools.gnu-tools-for-stm32.7-2018-q2-update.macos64_1.5.0.202011040924/tools/bin/../lib/gcc/arm-none-eabi/7.3.1/../../../../arm-none-eabi/lib/thumb/v7e-m/fpv4-sp/hard/libc_nano.a(lib_a-nano-vfprintf_i.o)
 .ARM.attributes
                0x00000000000007ad       0x20 /Applications/STM32CubeIDE.app/Contents/Eclipse/plugins/com.st.stm32cube.ide.mcu.externaltools.gnu-tools-for-stm32.7-2018-q2-update.macos64_1.5.0.202011040924/tools/bin/../lib/gcc/arm-none-eabi/7.3.1/../../../../arm-none-eabi/lib/thumb/v7e-m/fpv4-sp/hard/libc_nano.a(lib_a-memchr.o)
 .ARM.attributes
                0x00000000000007cd       0x34 /Applications/STM32CubeIDE.app/Contents/Eclipse/plugins/com.st.stm32cube.ide.mcu.externaltools.gnu-tools-for-stm32.7-2018-q2-update.macos64_1.5.0.202011040924/tools/bin/../lib/gcc/arm-none-eabi/7.3.1/../../../../arm-none-eabi/lib/thumb/v7e-m/fpv4-sp/hard/libc_nano.a(lib_a-memcpy-stub.o)
 .ARM.attributes
                0x0000000000000801       0x34 /Applications/STM32CubeIDE.app/Contents/Eclipse/plugins/com.st.stm32cube.ide.mcu.externaltools.gnu-tools-for-stm32.7-2018-q2-update.macos64_1.5.0.202011040924/tools/bin/../lib/gcc/arm-none-eabi/7.3.1/../../../../arm-none-eabi/lib/thumb/v7e-m/fpv4-sp/hard/libc_nano.a(lib_a-memmove.o)
 .ARM.attributes
                0x0000000000000835       0x34 /Applications/STM32CubeIDE.app/Contents/Eclipse/plugins/com.st.stm32cube.ide.mcu.externaltools.gnu-tools-for-stm32.7-2018-q2-update.macos64_1.5.0.202011040924/tools/bin/../lib/gcc/arm-none-eabi/7.3.1/../../../../arm-none-eabi/lib/thumb/v7e-m/fpv4-sp/hard/libc_nano.a(lib_a-nano-freer.o)
 .ARM.attributes
                0x0000000000000869       0x34 /Applications/STM32CubeIDE.app/Contents/Eclipse/plugins/com.st.stm32cube.ide.mcu.externaltools.gnu-tools-for-stm32.7-2018-q2-update.macos64_1.5.0.202011040924/tools/bin/../lib/gcc/arm-none-eabi/7.3.1/../../../../arm-none-eabi/lib/thumb/v7e-m/fpv4-sp/hard/libc_nano.a(lib_a-nano-mallocr.o)
 .ARM.attributes
                0x000000000000089d       0x34 /Applications/STM32CubeIDE.app/Contents/Eclipse/plugins/com.st.stm32cube.ide.mcu.externaltools.gnu-tools-for-stm32.7-2018-q2-update.macos64_1.5.0.202011040924/tools/bin/../lib/gcc/arm-none-eabi/7.3.1/../../../../arm-none-eabi/lib/thumb/v7e-m/fpv4-sp/hard/libc_nano.a(lib_a-nano-reallocr.o)
 .ARM.attributes
                0x00000000000008d1       0x34 /Applications/STM32CubeIDE.app/Contents/Eclipse/plugins/com.st.stm32cube.ide.mcu.externaltools.gnu-tools-for-stm32.7-2018-q2-update.macos64_1.5.0.202011040924/tools/bin/../lib/gcc/arm-none-eabi/7.3.1/../../../../arm-none-eabi/lib/thumb/v7e-m/fpv4-sp/hard/libc_nano.a(lib_a-sbrkr.o)
 .ARM.attributes
                0x0000000000000905       0x34 /Applications/STM32CubeIDE.app/Contents/Eclipse/plugins/com.st.stm32cube.ide.mcu.externaltools.gnu-tools-for-stm32.7-2018-q2-update.macos64_1.5.0.202011040924/tools/bin/../lib/gcc/arm-none-eabi/7.3.1/../../../../arm-none-eabi/lib/thumb/v7e-m/fpv4-sp/hard/libc_nano.a(lib_a-mlock.o)
 .ARM.attributes
                0x0000000000000939       0x34 /Applications/STM32CubeIDE.app/Contents/Eclipse/plugins/com.st.stm32cube.ide.mcu.externaltools.gnu-tools-for-stm32.7-2018-q2-update.macos64_1.5.0.202011040924/tools/bin/../lib/gcc/arm-none-eabi/7.3.1/../../../../arm-none-eabi/lib/thumb/v7e-m/fpv4-sp/hard/libc_nano.a(lib_a-nano-msizer.o)
 .ARM.attributes
                0x000000000000096d       0x34 /Applications/STM32CubeIDE.app/Contents/Eclipse/plugins/com.st.stm32cube.ide.mcu.externaltools.gnu-tools-for-stm32.7-2018-q2-update.macos64_1.5.0.202011040924/tools/bin/../lib/gcc/arm-none-eabi/7.3.1/../../../../arm-none-eabi/lib/thumb/v7e-m/fpv4-sp/hard/libc_nano.a(lib_a-reent.o)
 .ARM.attributes
                0x00000000000009a1       0x22 /Applications/STM32CubeIDE.app/Contents/Eclipse/plugins/com.st.stm32cube.ide.mcu.externaltools.gnu-tools-for-stm32.7-2018-q2-update.macos64_1.5.0.202011040924/tools/bin/../lib/gcc/arm-none-eabi/7.3.1/thumb/v7e-m/fpv4-sp/hard/libgcc.a(_aeabi_uldivmod.o)
 .ARM.attributes
                0x00000000000009c3       0x34 /Applications/STM32CubeIDE.app/Contents/Eclipse/plugins/com.st.stm32cube.ide.mcu.externaltools.gnu-tools-for-stm32.7-2018-q2-update.macos64_1.5.0.202011040924/tools/bin/../lib/gcc/arm-none-eabi/7.3.1/thumb/v7e-m/fpv4-sp/hard/libgcc.a(_udivmoddi4.o)
 .ARM.attributes
                0x00000000000009f7       0x22 /Applications/STM32CubeIDE.app/Contents/Eclipse/plugins/com.st.stm32cube.ide.mcu.externaltools.gnu-tools-for-stm32.7-2018-q2-update.macos64_1.5.0.202011040924/tools/bin/../lib/gcc/arm-none-eabi/7.3.1/thumb/v7e-m/fpv4-sp/hard/libgcc.a(_dvmd_tls.o)
 .ARM.attributes
                0x0000000000000a19       0x22 /Applications/STM32CubeIDE.app/Contents/Eclipse/plugins/com.st.stm32cube.ide.mcu.externaltools.gnu-tools-for-stm32.7-2018-q2-update.macos64_1.5.0.202011040924/tools/bin/../lib/gcc/arm-none-eabi/7.3.1/thumb/v7e-m/fpv4-sp/hard/crtn.o
OUTPUT(ECSE444_Lab4.elf elf32-littlearm)

.debug_info     0x0000000000000000    0x18eae
 .debug_info    0x0000000000000000      0x462 Core/Src/hts221.o
 .debug_info    0x0000000000000462      0x40c Core/Src/lps22hb.o
 .debug_info    0x000000000000086e      0x540 Core/Src/lsm6dsl.o
 .debug_info    0x0000000000000dae     0x26b6 Core/Src/main.o
 .debug_info    0x0000000000003464     0x1be1 Core/Src/stm32l4s5i_iot01.o
 .debug_info    0x0000000000005045      0x677 Core/Src/stm32l4s5i_iot01_accelero.o
 .debug_info    0x00000000000056bc      0x4e9 Core/Src/stm32l4s5i_iot01_hsensor.o
 .debug_info    0x0000000000005ba5      0x4e9 Core/Src/stm32l4s5i_iot01_psensor.o
 .debug_info    0x000000000000608e      0x4d4 Core/Src/stm32l4s5i_iot01_tsensor.o
 .debug_info    0x0000000000006562     0x1099 Core/Src/stm32l4xx_hal_msp.o
 .debug_info    0x00000000000075fb      0xf05 Core/Src/stm32l4xx_hal_timebase_tim.o
 .debug_info    0x0000000000008500      0xa24 Core/Src/stm32l4xx_it.o
 .debug_info    0x0000000000008f24      0x985 Core/Src/sysmem.o
 .debug_info    0x00000000000098a9      0x797 Core/Src/system_stm32l4xx.o
 .debug_info    0x000000000000a040       0x22 Core/Startup/startup_stm32l4s5vitx.o
 .debug_info    0x000000000000a062      0xcbb Drivers/STM32L4xx_HAL_Driver/Src/stm32l4xx_hal.o
 .debug_info    0x000000000000ad1d      0xfc7 Drivers/STM32L4xx_HAL_Driver/Src/stm32l4xx_hal_cortex.o
 .debug_info    0x000000000000bce4      0xa1c Drivers/STM32L4xx_HAL_Driver/Src/stm32l4xx_hal_gpio.o
 .debug_info    0x000000000000c700     0x2239 Drivers/STM32L4xx_HAL_Driver/Src/stm32l4xx_hal_i2c.o
 .debug_info    0x000000000000e939      0xcdf Drivers/STM32L4xx_HAL_Driver/Src/stm32l4xx_hal_i2c_ex.o
 .debug_info    0x000000000000f618      0xbfd Drivers/STM32L4xx_HAL_Driver/Src/stm32l4xx_hal_pwr_ex.o
 .debug_info    0x0000000000010215      0xe70 Drivers/STM32L4xx_HAL_Driver/Src/stm32l4xx_hal_rcc.o
 .debug_info    0x0000000000011085     0x1293 Drivers/STM32L4xx_HAL_Driver/Src/stm32l4xx_hal_rcc_ex.o
 .debug_info    0x0000000000012318     0x2b8d Drivers/STM32L4xx_HAL_Driver/Src/stm32l4xx_hal_tim.o
 .debug_info    0x0000000000014ea5     0x17aa Drivers/STM32L4xx_HAL_Driver/Src/stm32l4xx_hal_tim_ex.o
 .debug_info    0x000000000001664f     0x1b35 Drivers/STM32L4xx_HAL_Driver/Src/stm32l4xx_hal_uart.o
 .debug_info    0x0000000000018184      0xd2a Drivers/STM32L4xx_HAL_Driver/Src/stm32l4xx_hal_uart_ex.o

.debug_abbrev   0x0000000000000000     0x2f38
 .debug_abbrev  0x0000000000000000      0x125 Core/Src/hts221.o
 .debug_abbrev  0x0000000000000125      0x13d Core/Src/lps22hb.o
 .debug_abbrev  0x0000000000000262      0x194 Core/Src/lsm6dsl.o
 .debug_abbrev  0x00000000000003f6      0x2d8 Core/Src/main.o
 .debug_abbrev  0x00000000000006ce      0x298 Core/Src/stm32l4s5i_iot01.o
 .debug_abbrev  0x0000000000000966      0x15f Core/Src/stm32l4s5i_iot01_accelero.o
 .debug_abbrev  0x0000000000000ac5      0x128 Core/Src/stm32l4s5i_iot01_hsensor.o
 .debug_abbrev  0x0000000000000bed      0x128 Core/Src/stm32l4s5i_iot01_psensor.o
 .debug_abbrev  0x0000000000000d15      0x128 Core/Src/stm32l4s5i_iot01_tsensor.o
 .debug_abbrev  0x0000000000000e3d      0x197 Core/Src/stm32l4xx_hal_msp.o
 .debug_abbrev  0x0000000000000fd4      0x19d Core/Src/stm32l4xx_hal_timebase_tim.o
 .debug_abbrev  0x0000000000001171      0x15a Core/Src/stm32l4xx_it.o
 .debug_abbrev  0x00000000000012cb      0x19b Core/Src/sysmem.o
 .debug_abbrev  0x0000000000001466      0x150 Core/Src/system_stm32l4xx.o
 .debug_abbrev  0x00000000000015b6       0x12 Core/Startup/startup_stm32l4s5vitx.o
 .debug_abbrev  0x00000000000015c8      0x1fb Drivers/STM32L4xx_HAL_Driver/Src/stm32l4xx_hal.o
 .debug_abbrev  0x00000000000017c3      0x2fa Drivers/STM32L4xx_HAL_Driver/Src/stm32l4xx_hal_cortex.o
 .debug_abbrev  0x0000000000001abd      0x1c0 Drivers/STM32L4xx_HAL_Driver/Src/stm32l4xx_hal_gpio.o
 .debug_abbrev  0x0000000000001c7d      0x22a Drivers/STM32L4xx_HAL_Driver/Src/stm32l4xx_hal_i2c.o
 .debug_abbrev  0x0000000000001ea7      0x1b9 Drivers/STM32L4xx_HAL_Driver/Src/stm32l4xx_hal_i2c_ex.o
 .debug_abbrev  0x0000000000002060      0x1cb Drivers/STM32L4xx_HAL_Driver/Src/stm32l4xx_hal_pwr_ex.o
 .debug_abbrev  0x000000000000222b      0x27b Drivers/STM32L4xx_HAL_Driver/Src/stm32l4xx_hal_rcc.o
 .debug_abbrev  0x00000000000024a6      0x238 Drivers/STM32L4xx_HAL_Driver/Src/stm32l4xx_hal_rcc_ex.o
 .debug_abbrev  0x00000000000026de      0x230 Drivers/STM32L4xx_HAL_Driver/Src/stm32l4xx_hal_tim.o
 .debug_abbrev  0x000000000000290e      0x236 Drivers/STM32L4xx_HAL_Driver/Src/stm32l4xx_hal_tim_ex.o
 .debug_abbrev  0x0000000000002b44      0x212 Drivers/STM32L4xx_HAL_Driver/Src/stm32l4xx_hal_uart.o
 .debug_abbrev  0x0000000000002d56      0x1e2 Drivers/STM32L4xx_HAL_Driver/Src/stm32l4xx_hal_uart_ex.o

.debug_aranges  0x0000000000000000     0x1518
 .debug_aranges
                0x0000000000000000       0x40 Core/Src/hts221.o
 .debug_aranges
                0x0000000000000040       0x48 Core/Src/lps22hb.o
 .debug_aranges
                0x0000000000000088       0x68 Core/Src/lsm6dsl.o
 .debug_aranges
                0x00000000000000f0       0x58 Core/Src/main.o
 .debug_aranges
                0x0000000000000148      0x120 Core/Src/stm32l4s5i_iot01.o
 .debug_aranges
                0x0000000000000268       0x38 Core/Src/stm32l4s5i_iot01_accelero.o
 .debug_aranges
                0x00000000000002a0       0x30 Core/Src/stm32l4s5i_iot01_hsensor.o
 .debug_aranges
                0x00000000000002d0       0x30 Core/Src/stm32l4s5i_iot01_psensor.o
 .debug_aranges
                0x0000000000000300       0x28 Core/Src/stm32l4s5i_iot01_tsensor.o
 .debug_aranges
                0x0000000000000328       0x40 Core/Src/stm32l4xx_hal_msp.o
 .debug_aranges
                0x0000000000000368       0x30 Core/Src/stm32l4xx_hal_timebase_tim.o
 .debug_aranges
                0x0000000000000398       0x70 Core/Src/stm32l4xx_it.o
 .debug_aranges
                0x0000000000000408       0x20 Core/Src/sysmem.o
 .debug_aranges
                0x0000000000000428       0x28 Core/Src/system_stm32l4xx.o
 .debug_aranges
                0x0000000000000450       0x28 Core/Startup/startup_stm32l4s5vitx.o
 .debug_aranges
                0x0000000000000478      0x130 Drivers/STM32L4xx_HAL_Driver/Src/stm32l4xx_hal.o
 .debug_aranges
                0x00000000000005a8      0x118 Drivers/STM32L4xx_HAL_Driver/Src/stm32l4xx_hal_cortex.o
 .debug_aranges
                0x00000000000006c0       0x58 Drivers/STM32L4xx_HAL_Driver/Src/stm32l4xx_hal_gpio.o
 .debug_aranges
                0x0000000000000718      0x290 Drivers/STM32L4xx_HAL_Driver/Src/stm32l4xx_hal_i2c.o
 .debug_aranges
                0x00000000000009a8       0x48 Drivers/STM32L4xx_HAL_Driver/Src/stm32l4xx_hal_i2c_ex.o
 .debug_aranges
                0x00000000000009f0      0x170 Drivers/STM32L4xx_HAL_Driver/Src/stm32l4xx_hal_pwr_ex.o
 .debug_aranges
                0x0000000000000b60       0x90 Drivers/STM32L4xx_HAL_Driver/Src/stm32l4xx_hal_rcc.o
 .debug_aranges
                0x0000000000000bf0      0x110 Drivers/STM32L4xx_HAL_Driver/Src/stm32l4xx_hal_rcc_ex.o
 .debug_aranges
                0x0000000000000d00      0x3e0 Drivers/STM32L4xx_HAL_Driver/Src/stm32l4xx_hal_tim.o
 .debug_aranges
                0x00000000000010e0      0x180 Drivers/STM32L4xx_HAL_Driver/Src/stm32l4xx_hal_tim_ex.o
 .debug_aranges
                0x0000000000001260      0x230 Drivers/STM32L4xx_HAL_Driver/Src/stm32l4xx_hal_uart.o
 .debug_aranges
                0x0000000000001490       0x88 Drivers/STM32L4xx_HAL_Driver/Src/stm32l4xx_hal_uart_ex.o

.debug_ranges   0x0000000000000000     0x1370
 .debug_ranges  0x0000000000000000       0x30 Core/Src/hts221.o
 .debug_ranges  0x0000000000000030       0x38 Core/Src/lps22hb.o
 .debug_ranges  0x0000000000000068       0x58 Core/Src/lsm6dsl.o
 .debug_ranges  0x00000000000000c0       0x48 Core/Src/main.o
 .debug_ranges  0x0000000000000108      0x110 Core/Src/stm32l4s5i_iot01.o
 .debug_ranges  0x0000000000000218       0x28 Core/Src/stm32l4s5i_iot01_accelero.o
 .debug_ranges  0x0000000000000240       0x20 Core/Src/stm32l4s5i_iot01_hsensor.o
 .debug_ranges  0x0000000000000260       0x20 Core/Src/stm32l4s5i_iot01_psensor.o
 .debug_ranges  0x0000000000000280       0x18 Core/Src/stm32l4s5i_iot01_tsensor.o
 .debug_ranges  0x0000000000000298       0x30 Core/Src/stm32l4xx_hal_msp.o
 .debug_ranges  0x00000000000002c8       0x20 Core/Src/stm32l4xx_hal_timebase_tim.o
 .debug_ranges  0x00000000000002e8       0x60 Core/Src/stm32l4xx_it.o
 .debug_ranges  0x0000000000000348       0x10 Core/Src/sysmem.o
 .debug_ranges  0x0000000000000358       0x18 Core/Src/system_stm32l4xx.o
 .debug_ranges  0x0000000000000370       0x20 Core/Startup/startup_stm32l4s5vitx.o
 .debug_ranges  0x0000000000000390      0x120 Drivers/STM32L4xx_HAL_Driver/Src/stm32l4xx_hal.o
 .debug_ranges  0x00000000000004b0      0x108 Drivers/STM32L4xx_HAL_Driver/Src/stm32l4xx_hal_cortex.o
 .debug_ranges  0x00000000000005b8       0x48 Drivers/STM32L4xx_HAL_Driver/Src/stm32l4xx_hal_gpio.o
 .debug_ranges  0x0000000000000600      0x280 Drivers/STM32L4xx_HAL_Driver/Src/stm32l4xx_hal_i2c.o
 .debug_ranges  0x0000000000000880       0x38 Drivers/STM32L4xx_HAL_Driver/Src/stm32l4xx_hal_i2c_ex.o
 .debug_ranges  0x00000000000008b8      0x160 Drivers/STM32L4xx_HAL_Driver/Src/stm32l4xx_hal_pwr_ex.o
 .debug_ranges  0x0000000000000a18       0x80 Drivers/STM32L4xx_HAL_Driver/Src/stm32l4xx_hal_rcc.o
 .debug_ranges  0x0000000000000a98      0x100 Drivers/STM32L4xx_HAL_Driver/Src/stm32l4xx_hal_rcc_ex.o
 .debug_ranges  0x0000000000000b98      0x3d0 Drivers/STM32L4xx_HAL_Driver/Src/stm32l4xx_hal_tim.o
 .debug_ranges  0x0000000000000f68      0x170 Drivers/STM32L4xx_HAL_Driver/Src/stm32l4xx_hal_tim_ex.o
 .debug_ranges  0x00000000000010d8      0x220 Drivers/STM32L4xx_HAL_Driver/Src/stm32l4xx_hal_uart.o
 .debug_ranges  0x00000000000012f8       0x78 Drivers/STM32L4xx_HAL_Driver/Src/stm32l4xx_hal_uart_ex.o

.debug_macro    0x0000000000000000    0x2ce55
 .debug_macro   0x0000000000000000       0x86 Core/Src/hts221.o
 .debug_macro   0x0000000000000086      0xa5a Core/Src/hts221.o
 .debug_macro   0x0000000000000ae0       0x22 Core/Src/hts221.o
 .debug_macro   0x0000000000000b02       0x8e Core/Src/hts221.o
 .debug_macro   0x0000000000000b90       0x51 Core/Src/hts221.o
 .debug_macro   0x0000000000000be1       0xef Core/Src/hts221.o
 .debug_macro   0x0000000000000cd0       0x6a Core/Src/hts221.o
 .debug_macro   0x0000000000000d3a      0x1df Core/Src/hts221.o
 .debug_macro   0x0000000000000f19      0x15f Core/Src/hts221.o
 .debug_macro   0x0000000000001078       0x86 Core/Src/lps22hb.o
 .debug_macro   0x00000000000010fe      0x287 Core/Src/lps22hb.o
 .debug_macro   0x0000000000001385       0x86 Core/Src/lsm6dsl.o
 .debug_macro   0x000000000000140b      0x428 Core/Src/lsm6dsl.o
 .debug_macro   0x0000000000001833      0x3fc Core/Src/main.o
 .debug_macro   0x0000000000001c2f      0x1ad Core/Src/main.o
 .debug_macro   0x0000000000001ddc       0x2e Core/Src/main.o
 .debug_macro   0x0000000000001e0a       0x28 Core/Src/main.o
 .debug_macro   0x0000000000001e32       0x1c Core/Src/main.o
 .debug_macro   0x0000000000001e4e       0x22 Core/Src/main.o
 .debug_macro   0x0000000000001e70      0x101 Core/Src/main.o
 .debug_macro   0x0000000000001f71     0x1011 Core/Src/main.o
 .debug_macro   0x0000000000002f82      0x11f Core/Src/main.o
 .debug_macro   0x00000000000030a1    0x1d28c Core/Src/main.o
 .debug_macro   0x000000000002032d       0x43 Core/Src/main.o
 .debug_macro   0x0000000000020370     0x3897 Core/Src/main.o
 .debug_macro   0x0000000000023c07      0x174 Core/Src/main.o
 .debug_macro   0x0000000000023d7b       0x5c Core/Src/main.o
 .debug_macro   0x0000000000023dd7     0x18d1 Core/Src/main.o
 .debug_macro   0x00000000000256a8      0x7d5 Core/Src/main.o
 .debug_macro   0x0000000000025e7d      0x13d Core/Src/main.o
 .debug_macro   0x0000000000025fba      0x225 Core/Src/main.o
 .debug_macro   0x00000000000261df      0x486 Core/Src/main.o
 .debug_macro   0x0000000000026665      0x1cf Core/Src/main.o
 .debug_macro   0x0000000000026834       0x43 Core/Src/main.o
 .debug_macro   0x0000000000026877      0x23d Core/Src/main.o
 .debug_macro   0x0000000000026ab4      0x241 Core/Src/main.o
 .debug_macro   0x0000000000026cf5      0x416 Core/Src/main.o
 .debug_macro   0x000000000002710b       0x1c Core/Src/main.o
 .debug_macro   0x0000000000027127       0xf2 Core/Src/main.o
 .debug_macro   0x0000000000027219      0x22c Core/Src/main.o
 .debug_macro   0x0000000000027445       0x61 Core/Src/main.o
 .debug_macro   0x00000000000274a6       0xa5 Core/Src/main.o
 .debug_macro   0x000000000002754b      0x122 Core/Src/main.o
 .debug_macro   0x000000000002766d      0x3f7 Core/Src/main.o
 .debug_macro   0x0000000000027a64      0xa75 Core/Src/main.o
 .debug_macro   0x00000000000284d9      0x197 Core/Src/main.o
 .debug_macro   0x0000000000028670      0x662 Core/Src/main.o
 .debug_macro   0x0000000000028cd2       0xa6 Core/Src/main.o
 .debug_macro   0x0000000000028d78      0x433 Core/Src/main.o
 .debug_macro   0x00000000000291ab       0x10 Core/Src/main.o
 .debug_macro   0x00000000000291bb      0x1d5 Core/Src/main.o
 .debug_macro   0x0000000000029390       0x46 Core/Src/main.o
 .debug_macro   0x00000000000293d6       0x18 Core/Src/main.o
 .debug_macro   0x00000000000293ee       0x3c Core/Src/main.o
 .debug_macro   0x000000000002942a       0x34 Core/Src/main.o
 .debug_macro   0x000000000002945e       0x16 Core/Src/main.o
 .debug_macro   0x0000000000029474       0x35 Core/Src/main.o
 .debug_macro   0x00000000000294a9      0x32a Core/Src/main.o
 .debug_macro   0x00000000000297d3       0x10 Core/Src/main.o
 .debug_macro   0x00000000000297e3       0x52 Core/Src/main.o
 .debug_macro   0x0000000000029835       0x1f Core/Src/main.o
 .debug_macro   0x0000000000029854       0x43 Core/Src/main.o
 .debug_macro   0x0000000000029897       0x20 Core/Src/main.o
 .debug_macro   0x00000000000298b7      0x1a3 Core/Src/main.o
 .debug_macro   0x0000000000029a5a       0x10 Core/Src/main.o
 .debug_macro   0x0000000000029a6a       0x1c Core/Src/main.o
 .debug_macro   0x0000000000029a86       0x52 Core/Src/main.o
 .debug_macro   0x0000000000029ad8       0x40 Core/Src/main.o
 .debug_macro   0x0000000000029b18       0x10 Core/Src/main.o
 .debug_macro   0x0000000000029b28       0x40 Core/Src/main.o
 .debug_macro   0x0000000000029b68       0xd7 Core/Src/main.o
 .debug_macro   0x0000000000029c3f       0x1c Core/Src/main.o
 .debug_macro   0x0000000000029c5b       0x3d Core/Src/main.o
 .debug_macro   0x0000000000029c98       0x16 Core/Src/main.o
 .debug_macro   0x0000000000029cae      0x145 Core/Src/main.o
 .debug_macro   0x0000000000029df3      0x214 Core/Src/stm32l4s5i_iot01.o
 .debug_macro   0x000000000002a007      0x1cf Core/Src/stm32l4s5i_iot01.o
 .debug_macro   0x000000000002a1d6      0x223 Core/Src/stm32l4s5i_iot01_accelero.o
 .debug_macro   0x000000000002a3f9      0x223 Core/Src/stm32l4s5i_iot01_hsensor.o
 .debug_macro   0x000000000002a61c      0x223 Core/Src/stm32l4s5i_iot01_psensor.o
 .debug_macro   0x000000000002a83f      0x223 Core/Src/stm32l4s5i_iot01_tsensor.o
 .debug_macro   0x000000000002aa62      0x1f6 Core/Src/stm32l4xx_hal_msp.o
 .debug_macro   0x000000000002ac58      0x1e7 Core/Src/stm32l4xx_hal_timebase_tim.o
 .debug_macro   0x000000000002ae3f      0x200 Core/Src/stm32l4xx_it.o
 .debug_macro   0x000000000002b03f       0xee Core/Src/sysmem.o
 .debug_macro   0x000000000002b12d      0x23b Core/Src/sysmem.o
 .debug_macro   0x000000000002b368      0x1ed Core/Src/system_stm32l4xx.o
 .debug_macro   0x000000000002b555      0x235 Drivers/STM32L4xx_HAL_Driver/Src/stm32l4xx_hal.o
 .debug_macro   0x000000000002b78a      0x1e7 Drivers/STM32L4xx_HAL_Driver/Src/stm32l4xx_hal_cortex.o
 .debug_macro   0x000000000002b971      0x226 Drivers/STM32L4xx_HAL_Driver/Src/stm32l4xx_hal_gpio.o
 .debug_macro   0x000000000002bb97      0x2ac Drivers/STM32L4xx_HAL_Driver/Src/stm32l4xx_hal_i2c.o
 .debug_macro   0x000000000002be43      0x1e7 Drivers/STM32L4xx_HAL_Driver/Src/stm32l4xx_hal_i2c_ex.o
 .debug_macro   0x000000000002c02a      0x211 Drivers/STM32L4xx_HAL_Driver/Src/stm32l4xx_hal_pwr_ex.o
 .debug_macro   0x000000000002c23b      0x229 Drivers/STM32L4xx_HAL_Driver/Src/stm32l4xx_hal_rcc.o
 .debug_macro   0x000000000002c464      0x21d Drivers/STM32L4xx_HAL_Driver/Src/stm32l4xx_hal_rcc_ex.o
 .debug_macro   0x000000000002c681      0x1e8 Drivers/STM32L4xx_HAL_Driver/Src/stm32l4xx_hal_tim.o
 .debug_macro   0x000000000002c869      0x1e7 Drivers/STM32L4xx_HAL_Driver/Src/stm32l4xx_hal_tim_ex.o
 .debug_macro   0x000000000002ca50      0x212 Drivers/STM32L4xx_HAL_Driver/Src/stm32l4xx_hal_uart.o
 .debug_macro   0x000000000002cc62      0x1f3 Drivers/STM32L4xx_HAL_Driver/Src/stm32l4xx_hal_uart_ex.o

.debug_line     0x0000000000000000    0x127a1
 .debug_line    0x0000000000000000      0x470 Core/Src/hts221.o
 .debug_line    0x0000000000000470      0x48d Core/Src/lps22hb.o
 .debug_line    0x00000000000008fd      0x51a Core/Src/lsm6dsl.o
 .debug_line    0x0000000000000e17      0xb1b Core/Src/main.o
 .debug_line    0x0000000000001932      0xa34 Core/Src/stm32l4s5i_iot01.o
 .debug_line    0x0000000000002366      0x7dd Core/Src/stm32l4s5i_iot01_accelero.o
 .debug_line    0x0000000000002b43      0x7bb Core/Src/stm32l4s5i_iot01_hsensor.o
 .debug_line    0x00000000000032fe      0x7bc Core/Src/stm32l4s5i_iot01_psensor.o
 .debug_line    0x0000000000003aba      0x7a9 Core/Src/stm32l4s5i_iot01_tsensor.o
 .debug_line    0x0000000000004263      0x79c Core/Src/stm32l4xx_hal_msp.o
 .debug_line    0x00000000000049ff      0x771 Core/Src/stm32l4xx_hal_timebase_tim.o
 .debug_line    0x0000000000005170      0x808 Core/Src/stm32l4xx_it.o
 .debug_line    0x0000000000005978      0x503 Core/Src/sysmem.o
 .debug_line    0x0000000000005e7b      0x768 Core/Src/system_stm32l4xx.o
 .debug_line    0x00000000000065e3       0x87 Core/Startup/startup_stm32l4s5vitx.o
 .debug_line    0x000000000000666a      0x9de Drivers/STM32L4xx_HAL_Driver/Src/stm32l4xx_hal.o
 .debug_line    0x0000000000007048      0xa66 Drivers/STM32L4xx_HAL_Driver/Src/stm32l4xx_hal_cortex.o
 .debug_line    0x0000000000007aae      0x909 Drivers/STM32L4xx_HAL_Driver/Src/stm32l4xx_hal_gpio.o
 .debug_line    0x00000000000083b7     0x1b20 Drivers/STM32L4xx_HAL_Driver/Src/stm32l4xx_hal_i2c.o
 .debug_line    0x0000000000009ed7      0x881 Drivers/STM32L4xx_HAL_Driver/Src/stm32l4xx_hal_i2c_ex.o
 .debug_line    0x000000000000a758      0xb58 Drivers/STM32L4xx_HAL_Driver/Src/stm32l4xx_hal_pwr_ex.o
 .debug_line    0x000000000000b2b0      0xa96 Drivers/STM32L4xx_HAL_Driver/Src/stm32l4xx_hal_rcc.o
 .debug_line    0x000000000000bd46      0xee1 Drivers/STM32L4xx_HAL_Driver/Src/stm32l4xx_hal_rcc_ex.o
 .debug_line    0x000000000000cc27     0x27fe Drivers/STM32L4xx_HAL_Driver/Src/stm32l4xx_hal_tim.o
 .debug_line    0x000000000000f425     0x15ce Drivers/STM32L4xx_HAL_Driver/Src/stm32l4xx_hal_tim_ex.o
 .debug_line    0x00000000000109f3     0x1402 Drivers/STM32L4xx_HAL_Driver/Src/stm32l4xx_hal_uart.o
 .debug_line    0x0000000000011df5      0x9ac Drivers/STM32L4xx_HAL_Driver/Src/stm32l4xx_hal_uart_ex.o

.debug_str      0x0000000000000000   0x110f87
 .debug_str     0x0000000000000000     0x42de Core/Src/hts221.o
                                       0x449d (size before relaxing)
 .debug_str     0x00000000000042de      0xd4c Core/Src/lps22hb.o
                                       0x4a87 (size before relaxing)
 .debug_str     0x000000000000502a     0x1821 Core/Src/lsm6dsl.o
                                       0x5485 (size before relaxing)
 .debug_str     0x000000000000684b   0x104f1e Core/Src/main.o
                                     0x10bb0e (size before relaxing)
 .debug_str     0x000000000010b769      0x53a Core/Src/stm32l4s5i_iot01.o
                                     0x104af7 (size before relaxing)
 .debug_str     0x000000000010bca3      0x17a Core/Src/stm32l4s5i_iot01_accelero.o
                                     0x104feb (size before relaxing)
 .debug_str     0x000000000010be1d       0x89 Core/Src/stm32l4s5i_iot01_hsensor.o
                                     0x103f08 (size before relaxing)
 .debug_str     0x000000000010bea6       0x89 Core/Src/stm32l4s5i_iot01_psensor.o
                                     0x10452a (size before relaxing)
 .debug_str     0x000000000010bf2f       0x72 Core/Src/stm32l4s5i_iot01_tsensor.o
                                     0x103ef1 (size before relaxing)
 .debug_str     0x000000000010bfa1       0x77 Core/Src/stm32l4xx_hal_msp.o
                                     0x1033ba (size before relaxing)
 .debug_str     0x000000000010c018       0x98 Core/Src/stm32l4xx_hal_timebase_tim.o
                                     0x10371f (size before relaxing)
 .debug_str     0x000000000010c0b0       0xd2 Core/Src/stm32l4xx_it.o
                                     0x10308e (size before relaxing)
 .debug_str     0x000000000010c182      0x4e9 Core/Src/sysmem.o
                                       0x5f66 (size before relaxing)
 .debug_str     0x000000000010c66b       0xcd Core/Src/system_stm32l4xx.o
                                     0x102bdd (size before relaxing)
 .debug_str     0x000000000010c738       0x36 Core/Startup/startup_stm32l4s5vitx.o
                                         0x73 (size before relaxing)
 .debug_str     0x000000000010c76e      0x571 Drivers/STM32L4xx_HAL_Driver/Src/stm32l4xx_hal.o
                                     0x10370c (size before relaxing)
 .debug_str     0x000000000010ccdf      0x37f Drivers/STM32L4xx_HAL_Driver/Src/stm32l4xx_hal_cortex.o
                                     0x103457 (size before relaxing)
 .debug_str     0x000000000010d05e      0x216 Drivers/STM32L4xx_HAL_Driver/Src/stm32l4xx_hal_gpio.o
                                     0x102e49 (size before relaxing)
 .debug_str     0x000000000010d274      0xd28 Drivers/STM32L4xx_HAL_Driver/Src/stm32l4xx_hal_i2c.o
                                     0x103db6 (size before relaxing)
 .debug_str     0x000000000010df9c       0xb8 Drivers/STM32L4xx_HAL_Driver/Src/stm32l4xx_hal_i2c_ex.o
                                     0x1031d3 (size before relaxing)
 .debug_str     0x000000000010e054      0x581 Drivers/STM32L4xx_HAL_Driver/Src/stm32l4xx_hal_pwr_ex.o
                                     0x1031ab (size before relaxing)
 .debug_str     0x000000000010e5d5      0x3c6 Drivers/STM32L4xx_HAL_Driver/Src/stm32l4xx_hal_rcc.o
                                     0x1031b8 (size before relaxing)
 .debug_str     0x000000000010e99b      0x59a Drivers/STM32L4xx_HAL_Driver/Src/stm32l4xx_hal_rcc_ex.o
                                     0x103591 (size before relaxing)
 .debug_str     0x000000000010ef35      0xe4a Drivers/STM32L4xx_HAL_Driver/Src/stm32l4xx_hal_tim.o
                                     0x103f2d (size before relaxing)
 .debug_str     0x000000000010fd7f      0x684 Drivers/STM32L4xx_HAL_Driver/Src/stm32l4xx_hal_tim_ex.o
                                     0x103821 (size before relaxing)
 .debug_str     0x0000000000110403      0x8fe Drivers/STM32L4xx_HAL_Driver/Src/stm32l4xx_hal_uart.o
                                     0x10398a (size before relaxing)
 .debug_str     0x0000000000110d01      0x286 Drivers/STM32L4xx_HAL_Driver/Src/stm32l4xx_hal_uart_ex.o
                                     0x10319f (size before relaxing)

.comment        0x0000000000000000       0x7b
 .comment       0x0000000000000000       0x7b Core/Src/hts221.o
                                         0x7c (size before relaxing)
 .comment       0x000000000000007b       0x7c Core/Src/lps22hb.o
 .comment       0x000000000000007b       0x7c Core/Src/lsm6dsl.o
 .comment       0x000000000000007b       0x7c Core/Src/main.o
 .comment       0x000000000000007b       0x7c Core/Src/stm32l4s5i_iot01.o
 .comment       0x000000000000007b       0x7c Core/Src/stm32l4s5i_iot01_accelero.o
 .comment       0x000000000000007b       0x7c Core/Src/stm32l4s5i_iot01_hsensor.o
 .comment       0x000000000000007b       0x7c Core/Src/stm32l4s5i_iot01_psensor.o
 .comment       0x000000000000007b       0x7c Core/Src/stm32l4s5i_iot01_tsensor.o
 .comment       0x000000000000007b       0x7c Core/Src/stm32l4xx_hal_msp.o
 .comment       0x000000000000007b       0x7c Core/Src/stm32l4xx_hal_timebase_tim.o
 .comment       0x000000000000007b       0x7c Core/Src/stm32l4xx_it.o
 .comment       0x000000000000007b       0x7c Core/Src/sysmem.o
 .comment       0x000000000000007b       0x7c Core/Src/system_stm32l4xx.o
 .comment       0x000000000000007b       0x7c Drivers/STM32L4xx_HAL_Driver/Src/stm32l4xx_hal.o
 .comment       0x000000000000007b       0x7c Drivers/STM32L4xx_HAL_Driver/Src/stm32l4xx_hal_cortex.o
 .comment       0x000000000000007b       0x7c Drivers/STM32L4xx_HAL_Driver/Src/stm32l4xx_hal_gpio.o
 .comment       0x000000000000007b       0x7c Drivers/STM32L4xx_HAL_Driver/Src/stm32l4xx_hal_i2c.o
 .comment       0x000000000000007b       0x7c Drivers/STM32L4xx_HAL_Driver/Src/stm32l4xx_hal_i2c_ex.o
 .comment       0x000000000000007b       0x7c Drivers/STM32L4xx_HAL_Driver/Src/stm32l4xx_hal_pwr_ex.o
 .comment       0x000000000000007b       0x7c Drivers/STM32L4xx_HAL_Driver/Src/stm32l4xx_hal_rcc.o
 .comment       0x000000000000007b       0x7c Drivers/STM32L4xx_HAL_Driver/Src/stm32l4xx_hal_rcc_ex.o
 .comment       0x000000000000007b       0x7c Drivers/STM32L4xx_HAL_Driver/Src/stm32l4xx_hal_tim.o
 .comment       0x000000000000007b       0x7c Drivers/STM32L4xx_HAL_Driver/Src/stm32l4xx_hal_tim_ex.o
 .comment       0x000000000000007b       0x7c Drivers/STM32L4xx_HAL_Driver/Src/stm32l4xx_hal_uart.o
 .comment       0x000000000000007b       0x7c Drivers/STM32L4xx_HAL_Driver/Src/stm32l4xx_hal_uart_ex.o

.debug_frame    0x0000000000000000     0x5a28
 .debug_frame   0x0000000000000000       0xc4 Core/Src/hts221.o
 .debug_frame   0x00000000000000c4       0xf0 Core/Src/lps22hb.o
 .debug_frame   0x00000000000001b4      0x168 Core/Src/lsm6dsl.o
 .debug_frame   0x000000000000031c      0x114 Core/Src/main.o
 .debug_frame   0x0000000000000430      0x490 Core/Src/stm32l4s5i_iot01.o
 .debug_frame   0x00000000000008c0       0x98 Core/Src/stm32l4s5i_iot01_accelero.o
 .debug_frame   0x0000000000000958       0x6c Core/Src/stm32l4s5i_iot01_hsensor.o
 .debug_frame   0x00000000000009c4       0x6c Core/Src/stm32l4s5i_iot01_psensor.o
 .debug_frame   0x0000000000000a30       0x50 Core/Src/stm32l4s5i_iot01_tsensor.o
 .debug_frame   0x0000000000000a80       0xc8 Core/Src/stm32l4xx_hal_msp.o
 .debug_frame   0x0000000000000b48       0x74 Core/Src/stm32l4xx_hal_timebase_tim.o
 .debug_frame   0x0000000000000bbc      0x140 Core/Src/stm32l4xx_it.o
 .debug_frame   0x0000000000000cfc       0x34 Core/Src/sysmem.o
 .debug_frame   0x0000000000000d30       0x58 Core/Src/system_stm32l4xx.o
 .debug_frame   0x0000000000000d88      0x498 Drivers/STM32L4xx_HAL_Driver/Src/stm32l4xx_hal.o