Archive member included to satisfy reference by file (symbol)

/Users/Amogh/STM32CubeIDE/workspace_1.5.1/ECSE444_Lab1/Core/Lib/libarm_cortexM4lf_math.a(arm_std_f32.o)
                              Core/Src/main.o (arm_std_f32)
/Users/Amogh/STM32CubeIDE/workspace_1.5.1/ECSE444_Lab1/Core/Lib/libarm_cortexM4lf_math.a(arm_mean_f32.o)
                              Core/Src/main.o (arm_mean_f32)
/Users/Amogh/STM32CubeIDE/workspace_1.5.1/ECSE444_Lab1/Core/Lib/libarm_cortexM4lf_math.a(arm_correlate_f32.o)
                              Core/Src/main.o (arm_correlate_f32)
/Users/Amogh/STM32CubeIDE/workspace_1.5.1/ECSE444_Lab1/Core/Lib/libarm_cortexM4lf_math.a(arm_conv_f32.o)
                              Core/Src/main.o (arm_conv_f32)
/Users/Amogh/STM32CubeIDE/workspace_1.5.1/ECSE444_Lab1/Core/Lib/libarm_cortexM4lf_math.a(arm_sub_f32.o)
                              Core/Src/main.o (arm_sub_f32)
/Users/Amogh/STM32CubeIDE/workspace_1.5.1/ECSE444_Lab1/Core/Lib/libarm_cortexM4lf_math.a(arm_mult_f32.o)
                              Core/Src/main.o (arm_mult_f32)
/Users/Amogh/STM32CubeIDE/workspace_1.5.1/ECSE444_Lab1/Core/Lib/libarm_cortexM4lf_math.a(arm_add_f32.o)
                              Core/Src/main.o (arm_add_f32)
/Applications/STM32CubeIDE.app/Contents/Eclipse/plugins/com.st.stm32cube.ide.mcu.externaltools.gnu-tools-for-stm32.7-2018-q2-update.macos64_1.5.0.202011040924/tools/bin/../lib/gcc/arm-none-eabi/7.3.1/../../../../arm-none-eabi/lib/thumb/v7e-m/fpv4-sp/hard/libc_nano.a(lib_a-errno.o)
                              Core/Src/syscalls.o (__errno)
/Applications/STM32CubeIDE.app/Contents/Eclipse/plugins/com.st.stm32cube.ide.mcu.externaltools.gnu-tools-for-stm32.7-2018-q2-update.macos64_1.5.0.202011040924/tools/bin/../lib/gcc/arm-none-eabi/7.3.1/../../../../arm-none-eabi/lib/thumb/v7e-m/fpv4-sp/hard/libc_nano.a(lib_a-exit.o)
                              /Applications/STM32CubeIDE.app/Contents/Eclipse/plugins/com.st.stm32cube.ide.mcu.externaltools.gnu-tools-for-stm32.7-2018-q2-update.macos64_1.5.0.202011040924/tools/bin/../lib/gcc/arm-none-eabi/7.3.1/../../../../arm-none-eabi/lib/thumb/v7e-m/fpv4-sp/hard/crt0.o (exit)
/Applications/STM32CubeIDE.app/Contents/Eclipse/plugins/com.st.stm32cube.ide.mcu.externaltools.gnu-tools-for-stm32.7-2018-q2-update.macos64_1.5.0.202011040924/tools/bin/../lib/gcc/arm-none-eabi/7.3.1/../../../../arm-none-eabi/lib/thumb/v7e-m/fpv4-sp/hard/libc_nano.a(lib_a-impure.o)
                              /Applications/STM32CubeIDE.app/Contents/Eclipse/plugins/com.st.stm32cube.ide.mcu.externaltools.gnu-tools-for-stm32.7-2018-q2-update.macos64_1.5.0.202011040924/tools/bin/../lib/gcc/arm-none-eabi/7.3.1/../../../../arm-none-eabi/lib/thumb/v7e-m/fpv4-sp/hard/libc_nano.a(lib_a-exit.o) (_global_impure_ptr)
/Applications/STM32CubeIDE.app/Contents/Eclipse/plugins/com.st.stm32cube.ide.mcu.externaltools.gnu-tools-for-stm32.7-2018-q2-update.macos64_1.5.0.202011040924/tools/bin/../lib/gcc/arm-none-eabi/7.3.1/../../../../arm-none-eabi/lib/thumb/v7e-m/fpv4-sp/hard/libc_nano.a(lib_a-init.o)
                              /Applications/STM32CubeIDE.app/Contents/Eclipse/plugins/com.st.stm32cube.ide.mcu.externaltools.gnu-tools-for-stm32.7-2018-q2-update.macos64_1.5.0.202011040924/tools/bin/../lib/gcc/arm-none-eabi/7.3.1/../../../../arm-none-eabi/lib/thumb/v7e-m/fpv4-sp/hard/crt0.o (__libc_init_array)
/Applications/STM32CubeIDE.app/Contents/Eclipse/plugins/com.st.stm32cube.ide.mcu.externaltools.gnu-tools-for-stm32.7-2018-q2-update.macos64_1.5.0.202011040924/tools/bin/../lib/gcc/arm-none-eabi/7.3.1/../../../../arm-none-eabi/lib/thumb/v7e-m/fpv4-sp/hard/libc_nano.a(lib_a-memset.o)
                              /Applications/STM32CubeIDE.app/Contents/Eclipse/plugins/com.st.stm32cube.ide.mcu.externaltools.gnu-tools-for-stm32.7-2018-q2-update.macos64_1.5.0.202011040924/tools/bin/../lib/gcc/arm-none-eabi/7.3.1/../../../../arm-none-eabi/lib/thumb/v7e-m/fpv4-sp/hard/crt0.o (memset)
/Applications/STM32CubeIDE.app/Contents/Eclipse/plugins/com.st.stm32cube.ide.mcu.externaltools.gnu-tools-for-stm32.7-2018-q2-update.macos64_1.5.0.202011040924/tools/bin/../lib/gcc/arm-none-eabi/7.3.1/../../../../arm-none-eabi/lib/thumb/v7e-m/fpv4-sp/hard/libm.a(lib_a-w_sqrt.o)
                              Core/Src/main.o (sqrt)
/Applications/STM32CubeIDE.app/Contents/Eclipse/plugins/com.st.stm32cube.ide.mcu.externaltools.gnu-tools-for-stm32.7-2018-q2-update.macos64_1.5.0.202011040924/tools/bin/../lib/gcc/arm-none-eabi/7.3.1/../../../../arm-none-eabi/lib/thumb/v7e-m/fpv4-sp/hard/libm.a(lib_a-wf_sqrt.o)
                              /Users/Amogh/STM32CubeIDE/workspace_1.5.1/ECSE444_Lab1/Core/Lib/libarm_cortexM4lf_math.a(arm_std_f32.o) (sqrtf)
/Applications/STM32CubeIDE.app/Contents/Eclipse/plugins/com.st.stm32cube.ide.mcu.externaltools.gnu-tools-for-stm32.7-2018-q2-update.macos64_1.5.0.202011040924/tools/bin/../lib/gcc/arm-none-eabi/7.3.1/../../../../arm-none-eabi/lib/thumb/v7e-m/fpv4-sp/hard/libm.a(lib_a-e_sqrt.o)
[...]
Memory Configuration

Name             Origin             Length             Attributes
RAM              0x0000000020000000 0x00000000000a0000 xrw
FLASH            0x0000000008000000 0x0000000000200000 xr
*default*        0x0000000000000000 0xffffffffffffffff

Linker script and memory map

LOAD /Applications/STM32CubeIDE.app/Contents/Eclipse/plugins/com.st.stm32cube.ide.mcu.externaltools.gnu-tools-for-stm32.7-2018-q2-update.macos64_1.5.0.202011040924/tools/bin/../lib/gcc/arm-none-eabi/7.3.1/thumb/v7e-m/fpv4-sp/hard/crti.o
LOAD /Applications/STM32CubeIDE.app/Contents/Eclipse/plugins/com.st.stm32cube.ide.mcu.externaltools.gnu-tools-for-stm32.7-2018-q2-update.macos64_1.5.0.202011040924/tools/bin/../lib/gcc/arm-none-eabi/7.3.1/thumb/v7e-m/fpv4-sp/hard/crtbegin.o
LOAD /Applications/STM32CubeIDE.app/Contents/Eclipse/plugins/com.st.stm32cube.ide.mcu.externaltools.gnu-tools-for-stm32.7-2018-q2-update.macos64_1.5.0.202011040924/tools/bin/../lib/gcc/arm-none-eabi/7.3.1/../../../../arm-none-eabi/lib/thumb/v7e-m/fpv4-sp/hard/crt0.o
LOAD Core/Src/kalman.o
LOAD Core/Src/main.o
LOAD Core/Src/stm32l4xx_hal_msp.o
LOAD Core/Src/stm32l4xx_it.o
LOAD Core/Src/syscalls.o
LOAD Core/Src/sysmem.o
LOAD Core/Src/system_stm32l4xx.o
LOAD Core/Startup/startup_stm32l4s5vitx.o
LOAD Drivers/STM32L4xx_HAL_Driver/Src/stm32l4xx_hal.o
LOAD Drivers/STM32L4xx_HAL_Driver/Src/stm32l4xx_hal_cortex.o
LOAD Drivers/STM32L4xx_HAL_Driver/Src/stm32l4xx_hal_dma.o
LOAD Drivers/STM32L4xx_HAL_Driver/Src/stm32l4xx_hal_dma_ex.o
LOAD Drivers/STM32L4xx_HAL_Driver/Src/stm32l4xx_hal_exti.o
LOAD Drivers/STM32L4xx_HAL_Driver/Src/stm32l4xx_hal_flash.o
LOAD Drivers/STM32L4xx_HAL_Driver/Src/stm32l4xx_hal_flash_ex.o
LOAD Drivers/STM32L4xx_HAL_Driver/Src/stm32l4xx_hal_flash_ramfunc.o
LOAD Drivers/STM32L4xx_HAL_Driver/Src/stm32l4xx_hal_gpio.o
LOAD Drivers/STM32L4xx_HAL_Driver/Src/stm32l4xx_hal_i2c.o
LOAD Drivers/STM32L4xx_HAL_Driver/Src/stm32l4xx_hal_i2c_ex.o
LOAD Drivers/STM32L4xx_HAL_Driver/Src/stm32l4xx_hal_pwr.o
LOAD Drivers/STM32L4xx_HAL_Driver/Src/stm32l4xx_hal_pwr_ex.o
LOAD Drivers/STM32L4xx_HAL_Driver/Src/stm32l4xx_hal_rcc.o
LOAD Drivers/STM32L4xx_HAL_Driver/Src/stm32l4xx_hal_rcc_ex.o
LOAD Drivers/STM32L4xx_HAL_Driver/Src/stm32l4xx_hal_tim.o
LOAD Drivers/STM32L4xx_HAL_Driver/Src/stm32l4xx_hal_tim_ex.o
LOAD /Users/Amogh/STM32CubeIDE/workspace_1.5.1/ECSE444_Lab1/Core/Lib/libarm_cortexM4lf_math.a
START GROUP
LOAD /Applications/STM32CubeIDE.app/Contents/Eclipse/plugins/com.st.stm32cube.ide.mcu.externaltools.gnu-tools-for-stm32.7-2018-q2-update.macos64_1.5.0.202011040924/tools/bin/../lib/gcc/arm-none-eabi/7.3.1/../../../../arm-none-eabi/lib/thumb/v7e-m/fpv4-sp/hard/libc_nano.a
LOAD /Applications/STM32CubeIDE.app/Contents/Eclipse/plugins/com.st.stm32cube.ide.mcu.externaltools.gnu-tools-for-stm32.7-2018-q2-update.macos64_1.5.0.202011040924/tools/bin/../lib/gcc/arm-none-eabi/7.3.1/../../../../arm-none-eabi/lib/thumb/v7e-m/fpv4-sp/hard/libm.a
END GROUP
START GROUP
LOAD /Applications/STM32CubeIDE.app/Contents/Eclipse/plugins/com.st.stm32cube.ide.mcu.externaltools.gnu-tools-for-stm32.7-2018-q2-update.macos64_1.5.0.202011040924/tools/bin/../lib/gcc/arm-none-eabi/7.3.1/thumb/v7e-m/fpv4-sp/hard/libgcc.a
LOAD /Applications/STM32CubeIDE.app/Contents/Eclipse/plugins/com.st.stm32cube.ide.mcu.externaltools.gnu-tools-for-stm32.7-2018-q2-update.macos64_1.5.0.202011040924/tools/bin/../lib/gcc/arm-none-eabi/7.3.1/../../../../arm-none-eabi/lib/thumb/v7e-m/fpv4-sp/hard/libc_nano.a
END GROUP
START GROUP
LOAD /Applications/STM32CubeIDE.app/Contents/Eclipse/plugins/com.st.stm32cube.ide.mcu.externaltools.gnu-tools-for-stm32.7-2018-q2-update.macos64_1.5.0.202011040924/tools/bin/../lib/gcc/arm-none-eabi/7.3.1/thumb/v7e-m/fpv4-sp/hard/libgcc.a
LOAD /Applications/STM32CubeIDE.app/Contents/Eclipse/plugins/com.st.stm32cube.ide.mcu.externaltools.gnu-tools-for-stm32.7-2018-q2-update.macos64_1.5.0.202011040924/tools/bin/../lib/gcc/arm-none-eabi/7.3.1/../../../../arm-none-eabi/lib/thumb/v7e-m/fpv4-sp/hard/libc_nano.a
LOAD /Applications/STM32CubeIDE.app/Contents/Eclipse/plugins/com.st.stm32cube.ide.mcu.externaltools.gnu-tools-for-stm32.7-2018-q2-update.macos64_1.5.0.202011040924/tools/bin/../lib/gcc/arm-none-eabi/7.3.1/../../../../arm-none-eabi/lib/thumb/v7e-m/fpv4-sp/hard/libnosys.a
END GROUP
START GROUP
LOAD /Applications/STM32CubeIDE.app/Contents/Eclipse/plugins/com.st.stm32cube.ide.mcu.externaltools.gnu-tools-for-stm32.7-2018-q2-update.macos64_1.5.0.202011040924/tools/bin/../lib/gcc/arm-none-eabi/7.3.1/thumb/v7e-m/fpv4-sp/hard/libgcc.a
LOAD /Applications/STM32CubeIDE.app/Contents/Eclipse/plugins/com.st.stm32cube.ide.mcu.externaltools.gnu-tools-for-stm32.7-2018-q2-update.macos64_1.5.0.202011040924/tools/bin/../lib/gcc/arm-none-eabi/7.3.1/../../../../arm-none-eabi/lib/thumb/v7e-m/fpv4-sp/hard/libc_nano.a
LOAD /Applications/STM32CubeIDE.app/Contents/Eclipse/plugins/com.st.stm32cube.ide.mcu.externaltools.gnu-tools-for-stm32.7-2018-q2-update.macos64_1.5.0.202011040924/tools/bin/../lib/gcc/arm-none-eabi/7.3.1/../../../../arm-none-eabi/lib/thumb/v7e-m/fpv4-sp/hard/libnosys.a
END GROUP
LOAD /Applications/STM32CubeIDE.app/Contents/Eclipse/plugins/com.st.stm32cube.ide.mcu.externaltools.gnu-tools-for-stm32.7-2018-q2-update.macos64_1.5.0.202011040924/tools/bin/../lib/gcc/arm-none-eabi/7.3.1/thumb/v7e-m/fpv4-sp/hard/crtend.o
LOAD /Applications/STM32CubeIDE.app/Contents/Eclipse/plugins/com.st.stm32cube.ide.mcu.externaltools.gnu-tools-for-stm32.7-2018-q2-update.macos64_1.5.0.202011040924/tools/bin/../lib/gcc/arm-none-eabi/7.3.1/thumb/v7e-m/fpv4-sp/hard/crtn.o
                0x00000000200a0000                _estack = (ORIGIN (RAM) + LENGTH (RAM))
                0x0000000000000200                _Min_Heap_Size = 0x200
                0x0000000000000400                _Min_Stack_Size = 0x400

.isr_vector     0x0000000008000000      0x1bc
                0x0000000008000000                . = ALIGN (0x4)
 *(.isr_vector)
 .isr_vector    0x0000000008000000      0x1bc Core/Startup/startup_stm32l4s5vitx.o
                0x0000000008000000                g_pfnVectors
                0x00000000080001bc                . = ALIGN (0x4)

.text           0x00000000080001bc     0x40d4
                0x00000000080001bc                . = ALIGN (0x4)
 *(.text)
 .text          0x00000000080001bc       0x40 /Applications/STM32CubeIDE.app/Contents/Eclipse/plugins/com.st.stm32cube.ide.mcu.externaltools.gnu-tools-for-stm32.7-2018-q2-update.macos64_1.5.0.202011040924/tools/bin/../lib/gcc/arm-none-eabi/7.3.1/thumb/v7e-m/fpv4-sp/hard/crtbegin.o
 .text          0x00000000080001fc       0x76 Core/Src/kalman.o
                0x00000000080001fc                kalman
 *fill*         0x0000000008000272        0x2 
 .text          0x0000000008000274      0x378 /Applications/STM32CubeIDE.app/Contents/Eclipse/plugins/com.st.stm32cube.ide.mcu.externaltools.gnu-tools-for-stm32.7-2018-q2-update.macos64_1.5.0.202011040924/tools/bin/../lib/gcc/arm-none-eabi/7.3.1/thumb/v7e-m/fpv4-sp/hard/libgcc.a(_arm_addsubdf3.o)
                0x0000000008000274                __aeabi_drsub
                0x000000000800027c                __subdf3
                0x000000000800027c                __aeabi_dsub
                0x0000000008000280                __aeabi_dadd
                0x0000000008000280                __adddf3
                0x00000000080004f8                __aeabi_ui2d
                0x00000000080004f8                __floatunsidf
                0x0000000008000518                __floatsidf
                0x0000000008000518                __aeabi_i2d
                0x000000000800053c                __extendsfdf2
                0x000000000800053c                __aeabi_f2d
                0x0000000008000580                __aeabi_ul2d
                0x0000000008000580                __floatundidf
                0x0000000008000590                __aeabi_l2d
                0x0000000008000590                __floatdidf
 .text          0x00000000080005ec      0x424 /Applications/STM32CubeIDE.app/Contents/Eclipse/plugins/com.st.stm32cube.ide.mcu.externaltools.gnu-tools-for-stm32.7-2018-q2-update.macos64_1.5.0.202011040924/tools/bin/../lib/gcc/arm-none-eabi/7.3.1/thumb/v7e-m/fpv4-sp/hard/libgcc.a(_arm_muldivdf3.o)
                0x00000000080005ec                __aeabi_dmul
                0x00000000080005ec                __muldf3
                0x0000000008000840                __aeabi_ddiv
                0x0000000008000840                __divdf3
 .text          0x0000000008000a10      0x110 /Applications/STM32CubeIDE.app/Contents/Eclipse/plugins/com.st.stm32cube.ide.mcu.externaltools.gnu-tools-for-stm32.7-2018-q2-update.macos64_1.5.0.202011040924/tools/bin/../lib/gcc/arm-none-eabi/7.3.1/thumb/v7e-m/fpv4-sp/hard/libgcc.a(_arm_cmpdf2.o)
                0x0000000008000a10                __gedf2
                0x0000000008000a10                __gtdf2
                0x0000000008000a18                __ledf2
                0x0000000008000a18                __ltdf2
                0x0000000008000a20                __cmpdf2
                0x0000000008000a20                __eqdf2
                0x0000000008000a20                __nedf2
                0x0000000008000a9c                __aeabi_cdrcmple
                0x0000000008000aac                __aeabi_cdcmple
                0x0000000008000aac                __aeabi_cdcmpeq
                0x0000000008000abc                __aeabi_dcmpeq
                0x0000000008000ad0                __aeabi_dcmplt
                0x0000000008000ae4                __aeabi_dcmple
                0x0000000008000af8                __aeabi_dcmpge
                0x0000000008000b0c                __aeabi_dcmpgt
 .text          0x0000000008000b20       0x2c /Applications/STM32CubeIDE.app/Contents/Eclipse/plugins/com.st.stm32cube.ide.mcu.externaltools.gnu-tools-for-stm32.7-2018-q2-update.macos64_1.5.0.202011040924/tools/bin/../lib/gcc/arm-none-eabi/7.3.1/thumb/v7e-m/fpv4-sp/hard/libgcc.a(_arm_unorddf2.o)
                0x0000000008000b20                __aeabi_dcmpun
                0x0000000008000b20                __unorddf2
 .text          0x0000000008000b4c       0xa0 /Applications/STM32CubeIDE.app/Contents/Eclipse/plugins/com.st.stm32cube.ide.mcu.externaltools.gnu-tools-for-stm32.7-2018-q2-update.macos64_1.5.0.202011040924/tools/bin/../lib/gcc/arm-none-eabi/7.3.1/thumb/v7e-m/fpv4-sp/hard/libgcc.a(_arm_truncdfsf2.o)
                0x0000000008000b4c                __aeabi_d2f
                0x0000000008000b4c                __truncdfsf2
 *(.text*)
 .text.kalman_c
                0x0000000008000bec       0xc2 Core/Src/main.o
                0x0000000008000bec                kalman_c
 .text.sub_c    0x0000000008000cae       0x56 Core/Src/main.o
                0x0000000008000cae                sub_c
 .text.avg_c    0x0000000008000d04       0x62 Core/Src/main.o
                0x0000000008000d04                avg_c
 .text.stdev_c  0x0000000008000d66       0xcc Core/Src/main.o
                0x0000000008000d66                stdev_c
 .text.conv_c   0x0000000008000e32       0xaa Core/Src/main.o
                0x0000000008000e32                conv_c
 .text.corr_c   0x0000000008000edc       0xb2 Core/Src/main.o
                0x0000000008000edc                corr_c
 .text.kalman_cmsis
                0x0000000008000f8e       0xfa Core/Src/main.o
                0x0000000008000f8e                kalman_cmsis
 .text.main     0x0000000008001088      0x648 Core/Src/main.o
                0x0000000008001088                main
 .text.SystemClock_Config
                0x00000000080016d0       0xa2 Core/Src/main.o
                0x00000000080016d0                SystemClock_Config
 *fill*         0x0000000008001772        0x2 
 .text.MX_TIM2_Init
                0x0000000008001774       0x9c Core/Src/main.o
 .text.MX_GPIO_Init
                0x0000000008001810       0x48 Core/Src/main.o
 .text.Error_Handler
                0x0000000008001858        0x8 Core/Src/main.o
                0x0000000008001858                Error_Handler
 .text.HAL_MspInit
                0x0000000008001860       0x48 Core/Src/stm32l4xx_hal_msp.o
                0x0000000008001860                HAL_MspInit
 .text.HAL_TIM_Base_MspInit
                0x00000000080018a8       0x3c Core/Src/stm32l4xx_hal_msp.o
                0x00000000080018a8                HAL_TIM_Base_MspInit
 .text.NMI_Handler
                0x00000000080018e4        0x6 Core/Src/stm32l4xx_it.o
                0x00000000080018e4                NMI_Handler
 .text.HardFault_Handler
                0x00000000080018ea        0x6 Core/Src/stm32l4xx_it.o
                0x00000000080018ea                HardFault_Handler
 .text.MemManage_Handler
                0x00000000080018f0        0x6 Core/Src/stm32l4xx_it.o
                0x00000000080018f0                MemManage_Handler
 .text.BusFault_Handler
                0x00000000080018f6        0x6 Core/Src/stm32l4xx_it.o
                0x00000000080018f6                BusFault_Handler
 .text.UsageFault_Handler
                0x00000000080018fc        0x6 Core/Src/stm32l4xx_it.o
                0x00000000080018fc                UsageFault_Handler
 .text.SVC_Handler
                0x0000000008001902        0xe Core/Src/stm32l4xx_it.o
                0x0000000008001902                SVC_Handler
 .text.DebugMon_Handler
                0x0000000008001910        0xe Core/Src/stm32l4xx_it.o
                0x0000000008001910                DebugMon_Handler
 .text.PendSV_Handler
                0x000000000800191e        0xe Core/Src/stm32l4xx_it.o
                0x000000000800191e                PendSV_Handler
 .text.SysTick_Handler
                0x000000000800192c        0xc Core/Src/stm32l4xx_it.o
                0x000000000800192c                SysTick_Handler
 .text.SystemInit
                0x0000000008001938       0x6c Core/Src/system_stm32l4xx.o
                0x0000000008001938                SystemInit
 .text.Reset_Handler
                0x00000000080019a4       0x50 Core/Startup/startup_stm32l4s5vitx.o
                0x00000000080019a4                Reset_Handler
 .text.Default_Handler
                0x00000000080019f4        0x2 Core/Startup/startup_stm32l4s5vitx.o
                0x00000000080019f4                TIM1_BRK_TIM15_IRQHandler
                0x00000000080019f4                EXTI2_IRQHandler
                0x00000000080019f4                TIM8_TRG_COM_IRQHandler
                0x00000000080019f4                TIM8_CC_IRQHandler
                0x00000000080019f4                TIM1_CC_IRQHandler
                0x00000000080019f4                TSC_IRQHandler
                0x00000000080019f4                TAMP_STAMP_IRQHandler
                0x00000000080019f4                EXTI3_IRQHandler
                0x00000000080019f4                LPTIM2_IRQHandler
                0x00000000080019f4                DFSDM1_FLT1_IRQHandler
                0x00000000080019f4                GFXMMU_IRQHandler
                0x00000000080019f4                I2C3_ER_IRQHandler
                0x00000000080019f4                DFSDM1_FLT2_IRQHandler
                0x00000000080019f4                EXTI0_IRQHandler
                0x00000000080019f4                I2C2_EV_IRQHandler
                0x00000000080019f4                CAN1_RX0_IRQHandler
                0x00000000080019f4                FPU_IRQHandler
                0x00000000080019f4                TIM1_UP_TIM16_IRQHandler
                0x00000000080019f4                LTDC_ER_IRQHandler
                0x00000000080019f4                SPI1_IRQHandler
                0x00000000080019f4                OCTOSPI1_IRQHandler
                0x00000000080019f4                TIM6_DAC_IRQHandler
                0x00000000080019f4                DCMI_IRQHandler
                0x00000000080019f4                TIM8_UP_IRQHandler
                0x00000000080019f4                OCTOSPI2_IRQHandler
                0x00000000080019f4                DMA2_Channel2_IRQHandler
                0x00000000080019f4                DMA1_Channel4_IRQHandler
                0x00000000080019f4                SAI2_IRQHandler
                0x00000000080019f4                ADC1_IRQHandler
                0x00000000080019f4                DFSDM1_FLT3_IRQHandler
                0x00000000080019f4                USART3_IRQHandler
                0x00000000080019f4                DMA1_Channel7_IRQHandler
                0x00000000080019f4                CAN1_RX1_IRQHandler
                0x00000000080019f4                UART5_IRQHandler
                0x00000000080019f4                TIM4_IRQHandler
                0x00000000080019f4                DMA2_Channel1_IRQHandler
                0x00000000080019f4                I2C1_EV_IRQHandler
                0x00000000080019f4                DMAMUX1_OVR_IRQHandler
                0x00000000080019f4                DMA1_Channel6_IRQHandler
                0x00000000080019f4                UART4_IRQHandler
                0x00000000080019f4                DMA2_Channel4_IRQHandler
                0x00000000080019f4                TIM3_IRQHandler
                0x00000000080019f4                RCC_IRQHandler
                0x00000000080019f4                DMA1_Channel1_IRQHandler
                0x00000000080019f4                Default_Handler
                0x00000000080019f4                DMA2_Channel7_IRQHandler
                0x00000000080019f4                EXTI15_10_IRQHandler
                0x00000000080019f4                TIM7_IRQHandler
                0x00000000080019f4                SDMMC1_IRQHandler
                0x00000000080019f4                TIM5_IRQHandler
                0x00000000080019f4                I2C3_EV_IRQHandler
                0x00000000080019f4                EXTI9_5_IRQHandler
                0x00000000080019f4                RTC_WKUP_IRQHandler
                0x00000000080019f4                LTDC_IRQHandler
                0x00000000080019f4                PVD_PVM_IRQHandler
                0x00000000080019f4                SPI2_IRQHandler
                0x00000000080019f4                CAN1_TX_IRQHandler
                0x00000000080019f4                DMA2_Channel5_IRQHandler
                0x00000000080019f4                DMA1_Channel5_IRQHandler
                0x00000000080019f4                EXTI4_IRQHandler
                0x00000000080019f4                RNG_IRQHandler
                0x00000000080019f4                TIM1_TRG_COM_TIM17_IRQHandler
                0x00000000080019f4                DMA1_Channel3_IRQHandler
                0x00000000080019f4                COMP_IRQHandler
                0x00000000080019f4                HASH_CRS_IRQHandler
                0x00000000080019f4                WWDG_IRQHandler
                0x00000000080019f4                I2C4_EV_IRQHandler
                0x00000000080019f4                LPUART1_IRQHandler
                0x00000000080019f4                DMA2_Channel6_IRQHandler
                0x00000000080019f4                TIM2_IRQHandler
                0x00000000080019f4                DMA2D_IRQHandler
                0x00000000080019f4                EXTI1_IRQHandler
                0x00000000080019f4                AES_IRQHandler
                0x00000000080019f4                USART2_IRQHandler
                0x00000000080019f4                DFSDM1_FLT0_IRQHandler
                0x00000000080019f4                I2C2_ER_IRQHandler
                0x00000000080019f4                DMA1_Channel2_IRQHandler
                0x00000000080019f4                TIM8_BRK_IRQHandler
                0x00000000080019f4                CAN1_SCE_IRQHandler
                0x00000000080019f4                FLASH_IRQHandler
                0x00000000080019f4                USART1_IRQHandler
                0x00000000080019f4                OTG_FS_IRQHandler
                0x00000000080019f4                SPI3_IRQHandler
                0x00000000080019f4                I2C1_ER_IRQHandler
                0x00000000080019f4                FMC_IRQHandler
                0x00000000080019f4                LPTIM1_IRQHandler
                0x00000000080019f4                I2C4_ER_IRQHandler
                0x00000000080019f4                SAI1_IRQHandler
                0x00000000080019f4                DMA2_Channel3_IRQHandler
                0x00000000080019f4                RTC_Alarm_IRQHandler
 .text.HAL_Init
                0x00000000080019f6       0x30 Drivers/STM32L4xx_HAL_Driver/Src/stm32l4xx_hal.o
                0x00000000080019f6                HAL_Init
 *fill*         0x0000000008001a26        0x2 
 .text.HAL_InitTick
                0x0000000008001a28       0x78 Drivers/STM32L4xx_HAL_Driver/Src/stm32l4xx_hal.o
                0x0000000008001a28                HAL_InitTick
 .text.HAL_IncTick
                0x0000000008001aa0       0x28 Drivers/STM32L4xx_HAL_Driver/Src/stm32l4xx_hal.o
                0x0000000008001aa0                HAL_IncTick
 .text.HAL_GetTick
                0x0000000008001ac8       0x18 Drivers/STM32L4xx_HAL_Driver/Src/stm32l4xx_hal.o
                0x0000000008001ac8                HAL_GetTick
 .text.__NVIC_SetPriorityGrouping
                0x0000000008001ae0       0x48 Drivers/STM32L4xx_HAL_Driver/Src/stm32l4xx_hal_cortex.o
 .text.__NVIC_GetPriorityGrouping
                0x0000000008001b28       0x1c Drivers/STM32L4xx_HAL_Driver/Src/stm32l4xx_hal_cortex.o
 .text.__NVIC_SetPriority
                0x0000000008001b44       0x54 Drivers/STM32L4xx_HAL_Driver/Src/stm32l4xx_hal_cortex.o
 .text.NVIC_EncodePriority
                0x0000000008001b98       0x66 Drivers/STM32L4xx_HAL_Driver/Src/stm32l4xx_hal_cortex.o
 *fill*         0x0000000008001bfe        0x2 
 .text.SysTick_Config
                0x0000000008001c00       0x44 Drivers/STM32L4xx_HAL_Driver/Src/stm32l4xx_hal_cortex.o
 .text.HAL_NVIC_SetPriorityGrouping
                0x0000000008001c44       0x16 Drivers/STM32L4xx_HAL_Driver/Src/stm32l4xx_hal_cortex.o
                0x0000000008001c44                HAL_NVIC_SetPriorityGrouping
 .text.HAL_NVIC_SetPriority
                0x0000000008001c5a       0x38 Drivers/STM32L4xx_HAL_Driver/Src/stm32l4xx_hal_cortex.o
                0x0000000008001c5a                HAL_NVIC_SetPriority
 .text.HAL_SYSTICK_Config
                0x0000000008001c92       0x18 Drivers/STM32L4xx_HAL_Driver/Src/stm32l4xx_hal_cortex.o
                0x0000000008001c92                HAL_SYSTICK_Config
 *fill*         0x0000000008001caa        0x2 
 .text.HAL_PWREx_GetVoltageRange
                0x0000000008001cac       0x40 Drivers/STM32L4xx_HAL_Driver/Src/stm32l4xx_hal_pwr_ex.o
                0x0000000008001cac                HAL_PWREx_GetVoltageRange
 .text.HAL_PWREx_ControlVoltageScaling
                0x0000000008001cec      0x148 Drivers/STM32L4xx_HAL_Driver/Src/stm32l4xx_hal_pwr_ex.o
                0x0000000008001cec                HAL_PWREx_ControlVoltageScaling
 .text.HAL_RCC_OscConfig
                0x0000000008001e34      0x84c Drivers/STM32L4xx_HAL_Driver/Src/stm32l4xx_hal_rcc.o
                0x0000000008001e34                HAL_RCC_OscConfig
 .text.HAL_RCC_ClockConfig
                0x0000000008002680      0x258 Drivers/STM32L4xx_HAL_Driver/Src/stm32l4xx_hal_rcc.o
                0x0000000008002680                HAL_RCC_ClockConfig
 .text.HAL_RCC_GetSysClockFreq
                0x00000000080028d8      0x114 Drivers/STM32L4xx_HAL_Driver/Src/stm32l4xx_hal_rcc.o
                0x00000000080028d8                HAL_RCC_GetSysClockFreq
 .text.RCC_SetFlashLatencyFromMSIRange
                0x00000000080029ec       0xb4 Drivers/STM32L4xx_HAL_Driver/Src/stm32l4xx_hal_rcc.o
 .text.RCC_GetSysClockFreqFromPLLSource
                0x0000000008002aa0       0xd0 Drivers/STM32L4xx_HAL_Driver/Src/stm32l4xx_hal_rcc.o
 .text.HAL_TIM_Base_Init
                0x0000000008002b70       0xae Drivers/STM32L4xx_HAL_Driver/Src/stm32l4xx_hal_tim.o
                0x0000000008002b70                HAL_TIM_Base_Init
 .text.HAL_TIM_ConfigClockSource
                0x0000000008002c1e      0x172 Drivers/STM32L4xx_HAL_Driver/Src/stm32l4xx_hal_tim.o
                0x0000000008002c1e                HAL_TIM_ConfigClockSource
 .text.TIM_Base_SetConfig
                0x0000000008002d90      0x134 Drivers/STM32L4xx_HAL_Driver/Src/stm32l4xx_hal_tim.o
                0x0000000008002d90                TIM_Base_SetConfig
 .text.TIM_TI1_ConfigInputStage
                0x0000000008002ec4       0x5e Drivers/STM32L4xx_HAL_Driver/Src/stm32l4xx_hal_tim.o
 .text.TIM_TI2_ConfigInputStage
                0x0000000008002f22       0x60 Drivers/STM32L4xx_HAL_Driver/Src/stm32l4xx_hal_tim.o
 .text.TIM_ITRx_SetConfig
                0x0000000008002f82       0x36 Drivers/STM32L4xx_HAL_Driver/Src/stm32l4xx_hal_tim.o
 .text.TIM_ETR_SetConfig
                0x0000000008002fb8       0x40 Drivers/STM32L4xx_HAL_Driver/Src/stm32l4xx_hal_tim.o
                0x0000000008002fb8                TIM_ETR_SetConfig
 .text.HAL_TIMEx_MasterConfigSynchronization
                0x0000000008002ff8      0x110 Drivers/STM32L4xx_HAL_Driver/Src/stm32l4xx_hal_tim_ex.o
                0x0000000008002ff8                HAL_TIMEx_MasterConfigSynchronization
 .text.arm_std_f32
                0x0000000008003108      0x114 /Users/Amogh/STM32CubeIDE/workspace_1.5.1/ECSE444_Lab1/Core/Lib/libarm_cortexM4lf_math.a(arm_std_f32.o)
                0x0000000008003108                arm_std_f32
 .text.arm_mean_f32
                0x000000000800321c       0x7c /Users/Amogh/STM32CubeIDE/workspace_1.5.1/ECSE444_Lab1/Core/Lib/libarm_cortexM4lf_math.a(arm_mean_f32.o)
                0x000000000800321c                arm_mean_f32
 .text.arm_correlate_f32
                0x0000000008003298      0x56c /Users/Amogh/STM32CubeIDE/workspace_1.5.1/ECSE444_Lab1/Core/Lib/libarm_cortexM4lf_math.a(arm_correlate_f32.o)
                0x0000000008003298                arm_correlate_f32
 .text.arm_conv_f32
                0x0000000008003804      0x534 /Users/Amogh/STM32CubeIDE/workspace_1.5.1/ECSE444_Lab1/Core/Lib/libarm_cortexM4lf_math.a(arm_conv_f32.o)
                0x0000000008003804                arm_conv_f32
 .text.arm_sub_f32
                0x0000000008003d38       0xb4 /Users/Amogh/STM32CubeIDE/workspace_1.5.1/ECSE444_Lab1/Core/Lib/libarm_cortexM4lf_math.a(arm_sub_f32.o)
                0x0000000008003d38                arm_sub_f32
 .text.arm_mult_f32
                0x0000000008003dec       0xb4 /Users/Amogh/STM32CubeIDE/workspace_1.5.1/ECSE444_Lab1/Core/Lib/libarm_cortexM4lf_math.a(arm_mult_f32.o)
                0x0000000008003dec                arm_mult_f32
 .text.arm_add_f32
                0x0000000008003ea0       0xb4 /Users/Amogh/STM32CubeIDE/workspace_1.5.1/ECSE444_Lab1/Core/Lib/libarm_cortexM4lf_math.a(arm_add_f32.o)
                0x0000000008003ea0                arm_add_f32
 .text.__errno  0x0000000008003f54        0xc /Applications/STM32CubeIDE.app/Contents/Eclipse/plugins/com.st.stm32cube.ide.mcu.externaltools.gnu-tools-for-stm32.7-2018-q2-update.macos64_1.5.0.202011040924/tools/bin/../lib/gcc/arm-none-eabi/7.3.1/../../../../arm-none-eabi/lib/thumb/v7e-m/fpv4-sp/hard/libc_nano.a(lib_a-errno.o)
                0x0000000008003f54                __errno
 .text.__libc_init_array
                0x0000000008003f60       0x48 /Applications/STM32CubeIDE.app/Contents/Eclipse/plugins/com.st.stm32cube.ide.mcu.externaltools.gnu-tools-for-stm32.7-2018-q2-update.macos64_1.5.0.202011040924/tools/bin/../lib/gcc/arm-none-eabi/7.3.1/../../../../arm-none-eabi/lib/thumb/v7e-m/fpv4-sp/hard/libc_nano.a(lib_a-init.o)
                0x0000000008003f60                __libc_init_array
 .text.memset   0x0000000008003fa8       0x10 /Applications/STM32CubeIDE.app/Contents/Eclipse/plugins/com.st.stm32cube.ide.mcu.externaltools.gnu-tools-for-stm32.7-2018-q2-update.macos64_1.5.0.202011040924/tools/bin/../lib/gcc/arm-none-eabi/7.3.1/../../../../arm-none-eabi/lib/thumb/v7e-m/fpv4-sp/hard/libc_nano.a(lib_a-memset.o)
                0x0000000008003fa8                memset
 .text.sqrt     0x0000000008003fb8       0xb4 /Applications/STM32CubeIDE.app/Contents/Eclipse/plugins/com.st.stm32cube.ide.mcu.externaltools.gnu-tools-for-stm32.7-2018-q2-update.macos64_1.5.0.202011040924/tools/bin/../lib/gcc/arm-none-eabi/7.3.1/../../../../arm-none-eabi/lib/thumb/v7e-m/fpv4-sp/hard/libm.a(lib_a-w_sqrt.o)
                0x0000000008003fb8                sqrt
 .text.sqrtf    0x000000000800406c       0xa0 /Applications/STM32CubeIDE.app/Contents/Eclipse/plugins/com.st.stm32cube.ide.mcu.externaltools.gnu-tools-for-stm32.7-2018-q2-update.macos64_1.5.0.202011040924/tools/bin/../lib/gcc/arm-none-eabi/7.3.1/../../../../arm-none-eabi/lib/thumb/v7e-m/fpv4-sp/hard/libm.a(lib_a-wf_sqrt.o)
                0x000000000800406c                sqrtf
 .text.__ieee754_sqrt
                0x000000000800410c      0x160 /Applications/STM32CubeIDE.app/Contents/Eclipse/plugins/com.st.stm32cube.ide.mcu.externaltools.gnu-tools-for-stm32.7-2018-q2-update.macos64_1.5.0.202011040924/tools/bin/../lib/gcc/arm-none-eabi/7.3.1/../../../../arm-none-eabi/lib/thumb/v7e-m/fpv4-sp/hard/libm.a(lib_a-e_sqrt.o)
                0x000000000800410c                __ieee754_sqrt
 .text.__ieee754_sqrtf
                0x000000000800426c        0x6 /Applications/STM32CubeIDE.app/Contents/Eclipse/plugins/com.st.stm32cube.ide.mcu.externaltools.gnu-tools-for-stm32.7-2018-q2-update.macos64_1.5.0.202011040924/tools/bin/../lib/gcc/arm-none-eabi/7.3.1/../../../../arm-none-eabi/lib/thumb/v7e-m/fpv4-sp/hard/libm.a(lib_a-ef_sqrt.o)
                0x000000000800426c                __ieee754_sqrtf
 .text.matherr  0x0000000008004272        0x4 /Applications/STM32CubeIDE.app/Contents/Eclipse/plugins/com.st.stm32cube.ide.mcu.externaltools.gnu-tools-for-stm32.7-2018-q2-update.macos64_1.5.0.202011040924/tools/bin/../lib/gcc/arm-none-eabi/7.3.1/../../../../arm-none-eabi/lib/thumb/v7e-m/fpv4-sp/hard/libm.a(lib_a-s_matherr.o)
                0x0000000008004272                matherr
 *(.glue_7)
 .glue_7        0x0000000008004276        0x0 linker stubs
 *(.glue_7t)
 .glue_7t       0x0000000008004276        0x0 linker stubs
 *(.eh_frame)
 *fill*         0x0000000008004276        0x2 
 .eh_frame      0x0000000008004278        0x0 /Applications/STM32CubeIDE.app/Contents/Eclipse/plugins/com.st.stm32cube.ide.mcu.externaltools.gnu-tools-for-stm32.7-2018-q2-update.macos64_1.5.0.202011040924/tools/bin/../lib/gcc/arm-none-eabi/7.3.1/thumb/v7e-m/fpv4-sp/hard/crtbegin.o
 *(.init)
 .init          0x0000000008004278        0x4 /Applications/STM32CubeIDE.app/Contents/Eclipse/plugins/com.st.stm32cube.ide.mcu.externaltools.gnu-tools-for-stm32.7-2018-q2-update.macos64_1.5.0.202011040924/tools/bin/../lib/gcc/arm-none-eabi/7.3.1/thumb/v7e-m/fpv4-sp/hard/crti.o
                0x0000000008004278                _init
 .init          0x000000000800427c        0x8 /Applications/STM32CubeIDE.app/Contents/Eclipse/plugins/com.st.stm32cube.ide.mcu.externaltools.gnu-tools-for-stm32.7-2018-q2-update.macos64_1.5.0.202011040924/tools/bin/../lib/gcc/arm-none-eabi/7.3.1/thumb/v7e-m/fpv4-sp/hard/crtn.o
 *(.fini)
 .fini          0x0000000008004284        0x4 /Applications/STM32CubeIDE.app/Contents/Eclipse/plugins/com.st.stm32cube.ide.mcu.externaltools.gnu-tools-for-stm32.7-2018-q2-update.macos64_1.5.0.202011040924/tools/bin/../lib/gcc/arm-none-eabi/7.3.1/thumb/v7e-m/fpv4-sp/hard/crti.o
                0x0000000008004284                _fini
 .fini          0x0000000008004288        0x8 /Applications/STM32CubeIDE.app/Contents/Eclipse/plugins/com.st.stm32cube.ide.mcu.externaltools.gnu-tools-for-stm32.7-2018-q2-update.macos64_1.5.0.202011040924/tools/bin/../lib/gcc/arm-none-eabi/7.3.1/thumb/v7e-m/fpv4-sp/hard/crtn.o
                0x0000000008004290                . = ALIGN (0x4)
                0x0000000008004290                _etext = .

.vfp11_veneer   0x0000000008004290        0x0
 .vfp11_veneer  0x0000000008004290        0x0 linker stubs

.v4_bx          0x0000000008004290        0x0
 .v4_bx         0x0000000008004290        0x0 linker stubs

.iplt           0x0000000008004290        0x0
 .iplt          0x0000000008004290        0x0 /Applications/STM32CubeIDE.app/Contents/Eclipse/plugins/com.st.stm32cube.ide.mcu.externaltools.gnu-tools-for-stm32.7-2018-q2-update.macos64_1.5.0.202011040924/tools/bin/../lib/gcc/arm-none-eabi/7.3.1/thumb/v7e-m/fpv4-sp/hard/crtbegin.o

.rodata         0x0000000008004290       0x4c
                0x0000000008004290                . = ALIGN (0x4)
 *(.rodata)
 *(.rodata*)
 .rodata.AHBPrescTable
                0x0000000008004290       0x10 Core/Src/system_stm32l4xx.o
                0x0000000008004290                AHBPrescTable
 .rodata.MSIRangeTable
                0x00000000080042a0       0x30 Core/Src/system_stm32l4xx.o
                0x00000000080042a0                MSIRangeTable
 .rodata.sqrt.str1.1
                0x00000000080042d0        0x5 /Applications/STM32CubeIDE.app/Contents/Eclipse/plugins/com.st.stm32cube.ide.mcu.externaltools.gnu-tools-for-stm32.7-2018-q2-update.macos64_1.5.0.202011040924/tools/bin/../lib/gcc/arm-none-eabi/7.3.1/../../../../arm-none-eabi/lib/thumb/v7e-m/fpv4-sp/hard/libm.a(lib_a-w_sqrt.o)
 .rodata.sqrtf.str1.1
                0x00000000080042d5        0x6 /Applications/STM32CubeIDE.app/Contents/Eclipse/plugins/com.st.stm32cube.ide.mcu.externaltools.gnu-tools-for-stm32.7-2018-q2-update.macos64_1.5.0.202011040924/tools/bin/../lib/gcc/arm-none-eabi/7.3.1/../../../../arm-none-eabi/lib/thumb/v7e-m/fpv4-sp/hard/libm.a(lib_a-wf_sqrt.o)
                0x00000000080042dc                . = ALIGN (0x4)
 *fill*         0x00000000080042db        0x1 

.rel.dyn        0x00000000080042dc        0x0
 .rel.iplt      0x00000000080042dc        0x0 /Applications/STM32CubeIDE.app/Contents/Eclipse/plugins/com.st.stm32cube.ide.mcu.externaltools.gnu-tools-for-stm32.7-2018-q2-update.macos64_1.5.0.202011040924/tools/bin/../lib/gcc/arm-none-eabi/7.3.1/thumb/v7e-m/fpv4-sp/hard/crtbegin.o

.ARM.extab      0x00000000080042dc        0x0
                0x00000000080042dc                . = ALIGN (0x4)
 *(.ARM.extab* .gnu.linkonce.armextab.*)
                0x00000000080042dc                . = ALIGN (0x4)

.ARM            0x00000000080042dc        0x0
                0x00000000080042dc                . = ALIGN (0x4)
                0x00000000080042dc                __exidx_start = .
 *(.ARM.exidx*)
                0x00000000080042dc                __exidx_end = .
                0x00000000080042dc                . = ALIGN (0x4)

.preinit_array  0x00000000080042dc        0x0
                0x00000000080042dc                . = ALIGN (0x4)
                0x00000000080042dc                PROVIDE (__preinit_array_start = .)
 *(.preinit_array*)
                0x00000000080042dc                PROVIDE (__preinit_array_end = .)
                0x00000000080042dc                . = ALIGN (0x4)

.init_array     0x00000000080042dc        0x4
                0x00000000080042dc                . = ALIGN (0x4)
                0x00000000080042dc                PROVIDE (__init_array_start = .)
 *(SORT_BY_NAME(.init_array.*))
 *(.init_array*)
 .init_array    0x00000000080042dc        0x4 /Applications/STM32CubeIDE.app/Contents/Eclipse/plugins/com.st.stm32cube.ide.mcu.externaltools.gnu-tools-for-stm32.7-2018-q2-update.macos64_1.5.0.202011040924/tools/bin/../lib/gcc/arm-none-eabi/7.3.1/thumb/v7e-m/fpv4-sp/hard/crtbegin.o
                0x00000000080042e0                PROVIDE (__init_array_end = .)
                0x00000000080042e0                . = ALIGN (0x4)

.fini_array     0x00000000080042e0        0x4
                0x00000000080042e0                . = ALIGN (0x4)
                [!provide]                        PROVIDE (__fini_array_start = .)
 *(SORT_BY_NAME(.fini_array.*))
 *(.fini_array*)
 .fini_array    0x00000000080042e0        0x4 /Applications/STM32CubeIDE.app/Contents/Eclipse/plugins/com.st.stm32cube.ide.mcu.externaltools.gnu-tools-for-stm32.7-2018-q2-update.macos64_1.5.0.202011040924/tools/bin/../lib/gcc/arm-none-eabi/7.3.1/thumb/v7e-m/fpv4-sp/hard/crtbegin.o
                [!provide]                        PROVIDE (__fini_array_end = .)
                0x00000000080042e4                . = ALIGN (0x4)
                0x00000000080042e4                _sidata = LOADADDR (.data)

.data           0x0000000020000000      0x20c load address 0x00000000080042e4
                0x0000000020000000                . = ALIGN (0x4)
                0x0000000020000000                _sdata = .
 *(.data)
 *(.data*)
 .data.array_test
                0x0000000020000000      0x194 Core/Src/main.o
                0x0000000020000000                array_test
 .data.size     0x0000000020000194        0x4 Core/Src/main.o
                0x0000000020000194                size
 .data.SystemCoreClock
                0x0000000020000198        0x4 Core/Src/system_stm32l4xx.o
                0x0000000020000198                SystemCoreClock
 .data.uwTickPrio
                0x000000002000019c        0x4 Drivers/STM32L4xx_HAL_Driver/Src/stm32l4xx_hal.o
                0x000000002000019c                uwTickPrio
 .data.uwTickFreq
                0x00000000200001a0        0x1 Drivers/STM32L4xx_HAL_Driver/Src/stm32l4xx_hal.o
                0x00000000200001a0                uwTickFreq
 *fill*         0x00000000200001a1        0x3 
 .data._impure_ptr
                0x00000000200001a4        0x4 /Applications/STM32CubeIDE.app/Contents/Eclipse/plugins/com.st.stm32cube.ide.mcu.externaltools.gnu-tools-for-stm32.7-2018-q2-update.macos64_1.5.0.202011040924/tools/bin/../lib/gcc/arm-none-eabi/7.3.1/../../../../arm-none-eabi/lib/thumb/v7e-m/fpv4-sp/hard/libc_nano.a(lib_a-impure.o)
                0x00000000200001a4                _impure_ptr
 .data.impure_data
                0x00000000200001a8       0x60 /Applications/STM32CubeIDE.app/Contents/Eclipse/plugins/com.st.stm32cube.ide.mcu.externaltools.gnu-tools-for-stm32.7-2018-q2-update.macos64_1.5.0.202011040924/tools/bin/../lib/gcc/arm-none-eabi/7.3.1/../../../../arm-none-eabi/lib/thumb/v7e-m/fpv4-sp/hard/libc_nano.a(lib_a-impure.o)
 .data.__fdlib_version
                0x0000000020000208        0x1 /Applications/STM32CubeIDE.app/Contents/Eclipse/plugins/com.st.stm32cube.ide.mcu.externaltools.gnu-tools-for-stm32.7-2018-q2-update.macos64_1.5.0.202011040924/tools/bin/../lib/gcc/arm-none-eabi/7.3.1/../../../../arm-none-eabi/lib/thumb/v7e-m/fpv4-sp/hard/libm.a(lib_a-s_lib_ver.o)
                0x0000000020000208                __fdlib_version
 *(.RamFunc)
 *(.RamFunc*)
                0x000000002000020c                . = ALIGN (0x4)
 *fill*         0x0000000020000209        0x3 
                0x000000002000020c                _edata = .

.igot.plt       0x000000002000020c        0x0 load address 0x00000000080044f0
 .igot.plt      0x000000002000020c        0x0 /Applications/STM32CubeIDE.app/Contents/Eclipse/plugins/com.st.stm32cube.ide.mcu.externaltools.gnu-tools-for-stm32.7-2018-q2-update.macos64_1.5.0.202011040924/tools/bin/../lib/gcc/arm-none-eabi/7.3.1/thumb/v7e-m/fpv4-sp/hard/crtbegin.o
                0x000000002000020c                . = ALIGN (0x4)

.bss            0x000000002000020c       0x80 load address 0x00000000080044f0
                0x000000002000020c                _sbss = .
                0x000000002000020c                __bss_start__ = _sbss
 *(.bss)
 .bss           0x000000002000020c       0x1c /Applications/STM32CubeIDE.app/Contents/Eclipse/plugins/com.st.stm32cube.ide.mcu.externaltools.gnu-tools-for-stm32.7-2018-q2-update.macos64_1.5.0.202011040924/tools/bin/../lib/gcc/arm-none-eabi/7.3.1/thumb/v7e-m/fpv4-sp/hard/crtbegin.o
 *(.bss*)
 *(COMMON)
 COMMON         0x0000000020000228       0x60 Core/Src/main.o
                0x0000000020000228                htim2
                0x0000000020000274                cmsis
 COMMON         0x0000000020000288        0x4 Drivers/STM32L4xx_HAL_Driver/Src/stm32l4xx_hal.o
                0x0000000020000288                uwTick
                0x000000002000028c                . = ALIGN (0x4)
                0x000000002000028c                _ebss = .
                0x000000002000028c                __bss_end__ = _ebss

._user_heap_stack
                0x000000002000028c      0x604 load address 0x00000000080044f0
                0x0000000020000290                . = ALIGN (0x8)
 *fill*         0x000000002000028c        0x4 
                [!provide]                        PROVIDE (end = .)
                0x0000000020000290                PROVIDE (_end = .)
                0x0000000020000490                . = (. + _Min_Heap_Size)
 *fill*         0x0000000020000290      0x200 
                0x0000000020000890                . = (. + _Min_Stack_Size)
 *fill*         0x0000000020000490      0x400 
                0x0000000020000890                . = ALIGN (0x8)

/DISCARD/
 libc.a(*)
 libm.a(*)
 libgcc.a(*)

.ARM.attributes
                0x0000000000000000       0x30
 *(.ARM.attributes)
 .ARM.attributes
                0x0000000000000000       0x22 /Applications/STM32CubeIDE.app/Contents/Eclipse/plugins/com.st.stm32cube.ide.mcu.externaltools.gnu-tools-for-stm32.7-2018-q2-update.macos64_1.5.0.202011040924/tools/bin/../lib/gcc/arm-none-eabi/7.3.1/thumb/v7e-m/fpv4-sp/hard/crti.o
 .ARM.attributes
                0x0000000000000022       0x34 /Applications/STM32CubeIDE.app/Contents/Eclipse/plugins/com.st.stm32cube.ide.mcu.externaltools.gnu-tools-for-stm32.7-2018-q2-update.macos64_1.5.0.202011040924/tools/bin/../lib/gcc/arm-none-eabi/7.3.1/thumb/v7e-m/fpv4-sp/hard/crtbegin.o
 .ARM.attributes
                0x0000000000000056       0x25 Core/Src/kalman.o
 .ARM.attributes
                0x000000000000007b       0x39 Core/Src/main.o
 .ARM.attributes
                0x00000000000000b4       0x39 Core/Src/stm32l4xx_hal_msp.o
 .ARM.attributes
                0x00000000000000ed       0x39 Core/Src/stm32l4xx_it.o
 .ARM.attributes
                0x0000000000000126       0x39 Core/Src/system_stm32l4xx.o
 .ARM.attributes
                0x000000000000015f       0x21 Core/Startup/startup_stm32l4s5vitx.o
 .ARM.attributes
                0x0000000000000180       0x39 Drivers/STM32L4xx_HAL_Driver/Src/stm32l4xx_hal.o
 .ARM.attributes
                0x00000000000001b9       0x39 Drivers/STM32L4xx_HAL_Driver/Src/stm32l4xx_hal_cortex.o
 .ARM.attributes
                0x00000000000001f2       0x39 Drivers/STM32L4xx_HAL_Driver/Src/stm32l4xx_hal_pwr_ex.o
 .ARM.attributes
                0x000000000000022b       0x39 Drivers/STM32L4xx_HAL_Driver/Src/stm32l4xx_hal_rcc.o
 .ARM.attributes
                0x0000000000000264       0x39 Drivers/STM32L4xx_HAL_Driver/Src/stm32l4xx_hal_tim.o
 .ARM.attributes
                0x000000000000029d       0x39 Drivers/STM32L4xx_HAL_Driver/Src/stm32l4xx_hal_tim_ex.o
 .ARM.attributes
                0x00000000000002d6       0x34 /Users/Amogh/STM32CubeIDE/workspace_1.5.1/ECSE444_Lab1/Core/Lib/libarm_cortexM4lf_math.a(arm_std_f32.o)
 .ARM.attributes
                0x000000000000030a       0x34 /Users/Amogh/STM32CubeIDE/workspace_1.5.1/ECSE444_Lab1/Core/Lib/libarm_cortexM4lf_math.a(arm_mean_f32.o)
 .ARM.attributes
                0x000000000000033e       0x34 /Users/Amogh/STM32CubeIDE/workspace_1.5.1/ECSE444_Lab1/Core/Lib/libarm_cortexM4lf_math.a(arm_correlate_f32.o)
 .ARM.attributes
                0x0000000000000372       0x34 /Users/Amogh/STM32CubeIDE/workspace_1.5.1/ECSE444_Lab1/Core/Lib/libarm_cortexM4lf_math.a(arm_conv_f32.o)
 .ARM.attributes
                0x00000000000003a6       0x34 /Users/Amogh/STM32CubeIDE/workspace_1.5.1/ECSE444_Lab1/Core/Lib/libarm_cortexM4lf_math.a(arm_sub_f32.o)
 .ARM.attributes
                0x00000000000003da       0x34 /Users/Amogh/STM32CubeIDE/workspace_1.5.1/ECSE444_Lab1/Core/Lib/libarm_cortexM4lf_math.a(arm_mult_f32.o)
 .ARM.attributes
                0x000000000000040e       0x34 /Users/Amogh/STM32CubeIDE/workspace_1.5.1/ECSE444_Lab1/Core/Lib/libarm_cortexM4lf_math.a(arm_add_f32.o)
 .ARM.attributes
                0x0000000000000442       0x34 /Applications/STM32CubeIDE.app/Contents/Eclipse/plugins/com.st.stm32cube.ide.mcu.externaltools.gnu-tools-for-stm32.7-2018-q2-update.macos64_1.5.0.202011040924/tools/bin/../lib/gcc/arm-none-eabi/7.3.1/../../../../arm-none-eabi/lib/thumb/v7e-m/fpv4-sp/hard/libc_nano.a(lib_a-errno.o)
 .ARM.attributes
                0x0000000000000476       0x34 /Applications/STM32CubeIDE.app/Contents/Eclipse/plugins/com.st.stm32cube.ide.mcu.externaltools.gnu-tools-for-stm32.7-2018-q2-update.macos64_1.5.0.202011040924/tools/bin/../lib/gcc/arm-none-eabi/7.3.1/../../../../arm-none-eabi/lib/thumb/v7e-m/fpv4-sp/hard/libc_nano.a(lib_a-impure.o)
 .ARM.attributes
                0x00000000000004aa       0x34 /Applications/STM32CubeIDE.app/Contents/Eclipse/plugins/com.st.stm32cube.ide.mcu.externaltools.gnu-tools-for-stm32.7-2018-q2-update.macos64_1.5.0.202011040924/tools/bin/../lib/gcc/arm-none-eabi/7.3.1/../../../../arm-none-eabi/lib/thumb/v7e-m/fpv4-sp/hard/libc_nano.a(lib_a-init.o)
 .ARM.attributes
                0x00000000000004de       0x34 /Applications/STM32CubeIDE.app/Contents/Eclipse/plugins/com.st.stm32cube.ide.mcu.externaltools.gnu-tools-for-stm32.7-2018-q2-update.macos64_1.5.0.202011040924/tools/bin/../lib/gcc/arm-none-eabi/7.3.1/../../../../arm-none-eabi/lib/thumb/v7e-m/fpv4-sp/hard/libc_nano.a(lib_a-memset.o)
 .ARM.attributes
                0x0000000000000512       0x34 /Applications/STM32CubeIDE.app/Contents/Eclipse/plugins/com.st.stm32cube.ide.mcu.externaltools.gnu-tools-for-stm32.7-2018-q2-update.macos64_1.5.0.202011040924/tools/bin/../lib/gcc/arm-none-eabi/7.3.1/../../../../arm-none-eabi/lib/thumb/v7e-m/fpv4-sp/hard/libm.a(lib_a-w_sqrt.o)
 .ARM.attributes
                0x0000000000000546       0x34 /Applications/STM32CubeIDE.app/Contents/Eclipse/plugins/com.st.stm32cube.ide.mcu.externaltools.gnu-tools-for-stm32.7-2018-q2-update.macos64_1.5.0.202011040924/tools/bin/../lib/gcc/arm-none-eabi/7.3.1/../../../../arm-none-eabi/lib/thumb/v7e-m/fpv4-sp/hard/libm.a(lib_a-wf_sqrt.o)
 .ARM.attributes
                0x000000000000057a       0x34 /Applications/STM32CubeIDE.app/Contents/Eclipse/plugins/com.st.stm32cube.ide.mcu.externaltools.gnu-tools-for-stm32.7-2018-q2-update.macos64_1.5.0.202011040924/tools/bin/../lib/gcc/arm-none-eabi/7.3.1/../../../../arm-none-eabi/lib/thumb/v7e-m/fpv4-sp/hard/libm.a(lib_a-e_sqrt.o)
 .ARM.attributes
                0x00000000000005ae       0x34 /Applications/STM32CubeIDE.app/Contents/Eclipse/plugins/com.st.stm32cube.ide.mcu.externaltools.gnu-tools-for-stm32.7-2018-q2-update.macos64_1.5.0.202011040924/tools/bin/../lib/gcc/arm-none-eabi/7.3.1/../../../../arm-none-eabi/lib/thumb/v7e-m/fpv4-sp/hard/libm.a(lib_a-ef_sqrt.o)
 .ARM.attributes
                0x00000000000005e2       0x34 /Applications/STM32CubeIDE.app/Contents/Eclipse/plugins/com.st.stm32cube.ide.mcu.externaltools.gnu-tools-for-stm32.7-2018-q2-update.macos64_1.5.0.202011040924/tools/bin/../lib/gcc/arm-none-eabi/7.3.1/../../../../arm-none-eabi/lib/thumb/v7e-m/fpv4-sp/hard/libm.a(lib_a-s_lib_ver.o)
 .ARM.attributes
                0x0000000000000616       0x34 /Applications/STM32CubeIDE.app/Contents/Eclipse/plugins/com.st.stm32cube.ide.mcu.externaltools.gnu-tools-for-stm32.7-2018-q2-update.macos64_1.5.0.202011040924/tools/bin/../lib/gcc/arm-none-eabi/7.3.1/../../../../arm-none-eabi/lib/thumb/v7e-m/fpv4-sp/hard/libm.a(lib_a-s_matherr.o)
 .ARM.attributes
                0x000000000000064a       0x22 /Applications/STM32CubeIDE.app/Contents/Eclipse/plugins/com.st.stm32cube.ide.mcu.externaltools.gnu-tools-for-stm32.7-2018-q2-update.macos64_1.5.0.202011040924/tools/bin/../lib/gcc/arm-none-eabi/7.3.1/thumb/v7e-m/fpv4-sp/hard/libgcc.a(_arm_addsubdf3.o)
 .ARM.attributes
                0x000000000000066c       0x22 /Applications/STM32CubeIDE.app/Contents/Eclipse/plugins/com.st.stm32cube.ide.mcu.externaltools.gnu-tools-for-stm32.7-2018-q2-update.macos64_1.5.0.202011040924/tools/bin/../lib/gcc/arm-none-eabi/7.3.1/thumb/v7e-m/fpv4-sp/hard/libgcc.a(_arm_muldivdf3.o)
 .ARM.attributes
                0x000000000000068e       0x22 /Applications/STM32CubeIDE.app/Contents/Eclipse/plugins/com.st.stm32cube.ide.mcu.externaltools.gnu-tools-for-stm32.7-2018-q2-update.macos64_1.5.0.202011040924/tools/bin/../lib/gcc/arm-none-eabi/7.3.1/thumb/v7e-m/fpv4-sp/hard/libgcc.a(_arm_cmpdf2.o)
 .ARM.attributes
                0x00000000000006b0       0x22 /Applications/STM32CubeIDE.app/Contents/Eclipse/plugins/com.st.stm32cube.ide.mcu.externaltools.gnu-tools-for-stm32.7-2018-q2-update.macos64_1.5.0.202011040924/tools/bin/../lib/gcc/arm-none-eabi/7.3.1/thumb/v7e-m/fpv4-sp/hard/libgcc.a(_arm_unorddf2.o)
 .ARM.attributes
                0x00000000000006d2       0x22 /Applications/STM32CubeIDE.app/Contents/Eclipse/plugins/com.st.stm32cube.ide.mcu.externaltools.gnu-tools-for-stm32.7-2018-q2-update.macos64_1.5.0.202011040924/tools/bin/../lib/gcc/arm-none-eabi/7.3.1/thumb/v7e-m/fpv4-sp/hard/libgcc.a(_arm_truncdfsf2.o)
 .ARM.attributes
                0x00000000000006f4       0x22 /Applications/STM32CubeIDE.app/Contents/Eclipse/plugins/com.st.stm32cube.ide.mcu.externaltools.gnu-tools-for-stm32.7-2018-q2-update.macos64_1.5.0.202011040924/tools/bin/../lib/gcc/arm-none-eabi/7.3.1/thumb/v7e-m/fpv4-sp/hard/crtn.o
OUTPUT(ECSE444_Lab1.elf elf32-littlearm)

.debug_line     0x0000000000000000     0xab0e
 .debug_line    0x0000000000000000       0x64 Core/Src/kalman.o
 .debug_line    0x0000000000000064      0xada Core/Src/main.o
 .debug_line    0x0000000000000b3e      0x730 Core/Src/stm32l4xx_hal_msp.o
 .debug_line    0x000000000000126e      0x7b2 Core/Src/stm32l4xx_it.o
 .debug_line    0x0000000000001a20      0x735 Core/Src/system_stm32l4xx.o
 .debug_line    0x0000000000002155       0x87 Core/Startup/startup_stm32l4s5vitx.o
 .debug_line    0x00000000000021dc      0x9ab Drivers/STM32L4xx_HAL_Driver/Src/stm32l4xx_hal.o
 .debug_line    0x0000000000002b87      0xa33 Drivers/STM32L4xx_HAL_Driver/Src/stm32l4xx_hal_cortex.o
 .debug_line    0x00000000000035ba      0xb25 Drivers/STM32L4xx_HAL_Driver/Src/stm32l4xx_hal_pwr_ex.o
 .debug_line    0x00000000000040df      0xa63 Drivers/STM32L4xx_HAL_Driver/Src/stm32l4xx_hal_rcc.o
 .debug_line    0x0000000000004b42     0x27cb Drivers/STM32L4xx_HAL_Driver/Src/stm32l4xx_hal_tim.o
 .debug_line    0x000000000000730d     0x159b Drivers/STM32L4xx_HAL_Driver/Src/stm32l4xx_hal_tim_ex.o
 .debug_line    0x00000000000088a8      0x3c5 /Users/Amogh/STM32CubeIDE/workspace_1.5.1/ECSE444_Lab1/Core/Lib/libarm_cortexM4lf_math.a(arm_std_f32.o)
 .debug_line    0x0000000000008c6d      0x2d9 /Users/Amogh/STM32CubeIDE/workspace_1.5.1/ECSE444_Lab1/Core/Lib/libarm_cortexM4lf_math.a(arm_mean_f32.o)
 .debug_line    0x0000000000008f46      0x9e6 /Users/Amogh/STM32CubeIDE/workspace_1.5.1/ECSE444_Lab1/Core/Lib/libarm_cortexM4lf_math.a(arm_correlate_f32.o)
 .debug_line    0x000000000000992c      0x944 /Users/Amogh/STM32CubeIDE/workspace_1.5.1/ECSE444_Lab1/Core/Lib/libarm_cortexM4lf_math.a(arm_conv_f32.o)
 .debug_line    0x000000000000a270      0x2df /Users/Amogh/STM32CubeIDE/workspace_1.5.1/ECSE444_Lab1/Core/Lib/libarm_cortexM4lf_math.a(arm_sub_f32.o)
 .debug_line    0x000000000000a54f      0x2e0 /Users/Amogh/STM32CubeIDE/workspace_1.5.1/ECSE444_Lab1/Core/Lib/libarm_cortexM4lf_math.a(arm_mult_f32.o)
 .debug_line    0x000000000000a82f      0x2df /Users/Amogh/STM32CubeIDE/workspace_1.5.1/ECSE444_Lab1/Core/Lib/libarm_cortexM4lf_math.a(arm_add_f32.o)

.debug_info     0x0000000000000000     0xfef1
 .debug_info    0x0000000000000000       0x26 Core/Src/kalman.o
 .debug_info    0x0000000000000026     0x1d73 Core/Src/main.o
 .debug_info    0x0000000000001d99      0xc05 Core/Src/stm32l4xx_hal_msp.o
 .debug_info    0x000000000000299e      0x349 Core/Src/stm32l4xx_it.o
 .debug_info    0x0000000000002ce7      0x75b Core/Src/system_stm32l4xx.o
 .debug_info    0x0000000000003442       0x22 Core/Startup/startup_stm32l4s5vitx.o
 .debug_info    0x0000000000003464      0xc7f Drivers/STM32L4xx_HAL_Driver/Src/stm32l4xx_hal.o
 .debug_info    0x00000000000040e3      0xf8b Drivers/STM32L4xx_HAL_Driver/Src/stm32l4xx_hal_cortex.o
 .debug_info    0x000000000000506e      0xbc1 Drivers/STM32L4xx_HAL_Driver/Src/stm32l4xx_hal_pwr_ex.o
 .debug_info    0x0000000000005c2f      0xe4a Drivers/STM32L4xx_HAL_Driver/Src/stm32l4xx_hal_rcc.o
 .debug_info    0x0000000000006a79     0x2b67 Drivers/STM32L4xx_HAL_Driver/Src/stm32l4xx_hal_tim.o
 .debug_info    0x00000000000095e0     0x1784 Drivers/STM32L4xx_HAL_Driver/Src/stm32l4xx_hal_tim_ex.o
 .debug_info    0x000000000000ad64      0xc13 /Users/Amogh/STM32CubeIDE/workspace_1.5.1/ECSE444_Lab1/Core/Lib/libarm_cortexM4lf_math.a(arm_std_f32.o)
 .debug_info    0x000000000000b977      0xae8 /Users/Amogh/STM32CubeIDE/workspace_1.5.1/ECSE444_Lab1/Core/Lib/libarm_cortexM4lf_math.a(arm_mean_f32.o)
 .debug_info    0x000000000000c45f      0xcf5 /Users/Amogh/STM32CubeIDE/workspace_1.5.1/ECSE444_Lab1/Core/Lib/libarm_cortexM4lf_math.a(arm_correlate_f32.o)
 .debug_info    0x000000000000d154      0xcc1 /Users/Amogh/STM32CubeIDE/workspace_1.5.1/ECSE444_Lab1/Core/Lib/libarm_cortexM4lf_math.a(arm_conv_f32.o)
 .debug_info    0x000000000000de15      0xaf4 /Users/Amogh/STM32CubeIDE/workspace_1.5.1/ECSE444_Lab1/Core/Lib/libarm_cortexM4lf_math.a(arm_sub_f32.o)
 .debug_info    0x000000000000e909      0xaf4 /Users/Amogh/STM32CubeIDE/workspace_1.5.1/ECSE444_Lab1/Core/Lib/libarm_cortexM4lf_math.a(arm_mult_f32.o)
 .debug_info    0x000000000000f3fd      0xaf4 /Users/Amogh/STM32CubeIDE/workspace_1.5.1/ECSE444_Lab1/Core/Lib/libarm_cortexM4lf_math.a(arm_add_f32.o)

.debug_abbrev   0x0000000000000000     0x233b
 .debug_abbrev  0x0000000000000000       0x14 Core/Src/kalman.o
 .debug_abbrev  0x0000000000000014      0x350 Core/Src/main.o
 .debug_abbrev  0x0000000000000364      0x18e Core/Src/stm32l4xx_hal_msp.o
 .debug_abbrev  0x00000000000004f2       0xe2 Core/Src/stm32l4xx_it.o
 .debug_abbrev  0x00000000000005d4      0x150 Core/Src/system_stm32l4xx.o
 .debug_abbrev  0x0000000000000724       0x12 Core/Startup/startup_stm32l4s5vitx.o
 .debug_abbrev  0x0000000000000736      0x1fb Drivers/STM32L4xx_HAL_Driver/Src/stm32l4xx_hal.o
 .debug_abbrev  0x0000000000000931      0x2fa Drivers/STM32L4xx_HAL_Driver/Src/stm32l4xx_hal_cortex.o
 .debug_abbrev  0x0000000000000c2b      0x1cb Drivers/STM32L4xx_HAL_Driver/Src/stm32l4xx_hal_pwr_ex.o
 .debug_abbrev  0x0000000000000df6      0x27b Drivers/STM32L4xx_HAL_Driver/Src/stm32l4xx_hal_rcc.o
 .debug_abbrev  0x0000000000001071      0x230 Drivers/STM32L4xx_HAL_Driver/Src/stm32l4xx_hal_tim.o
 .debug_abbrev  0x00000000000012a1      0x236 Drivers/STM32L4xx_HAL_Driver/Src/stm32l4xx_hal_tim_ex.o
 .debug_abbrev  0x00000000000014d7      0x286 /Users/Amogh/STM32CubeIDE/workspace_1.5.1/ECSE444_Lab1/Core/Lib/libarm_cortexM4lf_math.a(arm_std_f32.o)
 .debug_abbrev  0x000000000000175d      0x210 /Users/Amogh/STM32CubeIDE/workspace_1.5.1/ECSE444_Lab1/Core/Lib/libarm_cortexM4lf_math.a(arm_mean_f32.o)
 .debug_abbrev  0x000000000000196d      0x1ff /Users/Amogh/STM32CubeIDE/workspace_1.5.1/ECSE444_Lab1/Core/Lib/libarm_cortexM4lf_math.a(arm_correlate_f32.o)
 .debug_abbrev  0x0000000000001b6c      0x20e /Users/Amogh/STM32CubeIDE/workspace_1.5.1/ECSE444_Lab1/Core/Lib/libarm_cortexM4lf_math.a(arm_conv_f32.o)
 .debug_abbrev  0x0000000000001d7a      0x1eb /Users/Amogh/STM32CubeIDE/workspace_1.5.1/ECSE444_Lab1/Core/Lib/libarm_cortexM4lf_math.a(arm_sub_f32.o)
 .debug_abbrev  0x0000000000001f65      0x1eb /Users/Amogh/STM32CubeIDE/workspace_1.5.1/ECSE444_Lab1/Core/Lib/libarm_cortexM4lf_math.a(arm_mult_f32.o)
 .debug_abbrev  0x0000000000002150      0x1eb /Users/Amogh/STM32CubeIDE/workspace_1.5.1/ECSE444_Lab1/Core/Lib/libarm_cortexM4lf_math.a(arm_add_f32.o)

.debug_aranges  0x0000000000000000      0xc08
 .debug_aranges
                0x0000000000000000       0x20 Core/Src/kalman.o
 .debug_aranges
                0x0000000000000020       0x80 Core/Src/main.o
 .debug_aranges
                0x00000000000000a0       0x30 Core/Src/stm32l4xx_hal_msp.o
 .debug_aranges
                0x00000000000000d0       0x60 Core/Src/stm32l4xx_it.o
 .debug_aranges
                0x0000000000000130       0x28 Core/Src/system_stm32l4xx.o
 .debug_aranges
                0x0000000000000158       0x28 Core/Startup/startup_stm32l4s5vitx.o
 .debug_aranges
                0x0000000000000180      0x130 Drivers/STM32L4xx_HAL_Driver/Src/stm32l4xx_hal.o
 .debug_aranges
                0x00000000000002b0      0x118 Drivers/STM32L4xx_HAL_Driver/Src/stm32l4xx_hal_cortex.o
 .debug_aranges
                0x00000000000003c8      0x170 Drivers/STM32L4xx_HAL_Driver/Src/stm32l4xx_hal_pwr_ex.o
 .debug_aranges
                0x0000000000000538       0x90 Drivers/STM32L4xx_HAL_Driver/Src/stm32l4xx_hal_rcc.o
 .debug_aranges
                0x00000000000005c8      0x3e0 Drivers/STM32L4xx_HAL_Driver/Src/stm32l4xx_hal_tim.o
 .debug_aranges
                0x00000000000009a8      0x180 Drivers/STM32L4xx_HAL_Driver/Src/stm32l4xx_hal_tim_ex.o
 .debug_aranges
                0x0000000000000b28       0x20 /Users/Amogh/STM32CubeIDE/workspace_1.5.1/ECSE444_Lab1/Core/Lib/libarm_cortexM4lf_math.a(arm_std_f32.o)
 .debug_aranges
                0x0000000000000b48       0x20 /Users/Amogh/STM32CubeIDE/workspace_1.5.1/ECSE444_Lab1/Core/Lib/libarm_cortexM4lf_math.a(arm_mean_f32.o)
 .debug_aranges
                0x0000000000000b68       0x20 /Users/Amogh/STM32CubeIDE/workspace_1.5.1/ECSE444_Lab1/Core/Lib/libarm_cortexM4lf_math.a(arm_correlate_f32.o)
 .debug_aranges
                0x0000000000000b88       0x20 /Users/Amogh/STM32CubeIDE/workspace_1.5.1/ECSE444_Lab1/Core/Lib/libarm_cortexM4lf_math.a(arm_conv_f32.o)
 .debug_aranges
                0x0000000000000ba8       0x20 /Users/Amogh/STM32CubeIDE/workspace_1.5.1/ECSE444_Lab1/Core/Lib/libarm_cortexM4lf_math.a(arm_sub_f32.o)
 .debug_aranges
                0x0000000000000bc8       0x20 /Users/Amogh/STM32CubeIDE/workspace_1.5.1/ECSE444_Lab1/Core/Lib/libarm_cortexM4lf_math.a(arm_mult_f32.o)
 .debug_aranges
                0x0000000000000be8       0x20 /Users/Amogh/STM32CubeIDE/workspace_1.5.1/ECSE444_Lab1/Core/Lib/libarm_cortexM4lf_math.a(arm_add_f32.o)

.debug_str      0x0000000000000000   0x105281
 .debug_str     0x0000000000000000       0x60 Core/Src/kalman.o
 .debug_str     0x0000000000000060   0x101f50 Core/Src/main.o
                                     0x1024c5 (size before relaxing)
 .debug_str     0x0000000000101fb0       0x62 Core/Src/stm32l4xx_hal_msp.o
                                      0xfdcc9 (size before relaxing)
 .debug_str     0x0000000000102012       0xbd Core/Src/stm32l4xx_it.o
                                      0xfd5f3 (size before relaxing)
 .debug_str     0x00000000001020cf       0xcd Core/Src/system_stm32l4xx.o
                                      0xfd767 (size before relaxing)
 .debug_str     0x000000000010219c       0x55 Core/Startup/startup_stm32l4s5vitx.o
                                         0x63 (size before relaxing)
 .debug_str     0x00000000001021f1      0xa20 Drivers/STM32L4xx_HAL_Driver/Src/stm32l4xx_hal.o
                                      0xfe296 (size before relaxing)
 .debug_str     0x0000000000102c11      0x389 Drivers/STM32L4xx_HAL_Driver/Src/stm32l4xx_hal_cortex.o
                                      0xfdfe1 (size before relaxing)
 .debug_str     0x0000000000102f9a      0x5cd Drivers/STM32L4xx_HAL_Driver/Src/stm32l4xx_hal_pwr_ex.o
                                      0xfdd35 (size before relaxing)
 .debug_str     0x0000000000103567      0x44e Drivers/STM32L4xx_HAL_Driver/Src/stm32l4xx_hal_rcc.o
                                      0xfdd56 (size before relaxing)
 .debug_str     0x00000000001039b5      0xe15 Drivers/STM32L4xx_HAL_Driver/Src/stm32l4xx_hal_tim.o
                                      0xfeacb (size before relaxing)
 .debug_str     0x00000000001047ca      0x625 Drivers/STM32L4xx_HAL_Driver/Src/stm32l4xx_hal_tim_ex.o
                                      0xfe3bf (size before relaxing)
 .debug_str     0x0000000000104def      0x2aa /Users/Amogh/STM32CubeIDE/workspace_1.5.1/ECSE444_Lab1/Core/Lib/libarm_cortexM4lf_math.a(arm_std_f32.o)
                                        0x74c (size before relaxing)
 .debug_str     0x0000000000105099       0x3d /Users/Amogh/STM32CubeIDE/workspace_1.5.1/ECSE444_Lab1/Core/Lib/libarm_cortexM4lf_math.a(arm_mean_f32.o)
                                        0x670 (size before relaxing)
 .debug_str     0x00000000001050d6       0xb9 /Users/Amogh/STM32CubeIDE/workspace_1.5.1/ECSE444_Lab1/Core/Lib/libarm_cortexM4lf_math.a(arm_correlate_f32.o)
                                        0x6f2 (size before relaxing)
 .debug_str     0x000000000010518f       0x42 /Users/Amogh/STM32CubeIDE/workspace_1.5.1/ECSE444_Lab1/Core/Lib/libarm_cortexM4lf_math.a(arm_conv_f32.o)
                                        0x6cf (size before relaxing)
 .debug_str     0x00000000001051d1       0x3a /Users/Amogh/STM32CubeIDE/workspace_1.5.1/ECSE444_Lab1/Core/Lib/libarm_cortexM4lf_math.a(arm_sub_f32.o)
                                        0x671 (size before relaxing)
 .debug_str     0x000000000010520b       0x3c /Users/Amogh/STM32CubeIDE/workspace_1.5.1/ECSE444_Lab1/Core/Lib/libarm_cortexM4lf_math.a(arm_mult_f32.o)
                                        0x673 (size before relaxing)
 .debug_str     0x0000000000105247       0x3a /Users/Amogh/STM32CubeIDE/workspace_1.5.1/ECSE444_Lab1/Core/Lib/libarm_cortexM4lf_math.a(arm_add_f32.o)
                                        0x671 (size before relaxing)

.debug_ranges   0x0000000000000000      0xb00
 .debug_ranges  0x0000000000000000       0x88 Core/Src/main.o
 .debug_ranges  0x0000000000000088       0x20 Core/Src/stm32l4xx_hal_msp.o
 .debug_ranges  0x00000000000000a8       0x50 Core/Src/stm32l4xx_it.o
 .debug_ranges  0x00000000000000f8       0x18 Core/Src/system_stm32l4xx.o
 .debug_ranges  0x0000000000000110       0x20 Core/Startup/startup_stm32l4s5vitx.o
 .debug_ranges  0x0000000000000130      0x120 Drivers/STM32L4xx_HAL_Driver/Src/stm32l4xx_hal.o
 .debug_ranges  0x0000000000000250      0x108 Drivers/STM32L4xx_HAL_Driver/Src/stm32l4xx_hal_cortex.o
 .debug_ranges  0x0000000000000358      0x160 Drivers/STM32L4xx_HAL_Driver/Src/stm32l4xx_hal_pwr_ex.o
 .debug_ranges  0x00000000000004b8       0x80 Drivers/STM32L4xx_HAL_Driver/Src/stm32l4xx_hal_rcc.o
 .debug_ranges  0x0000000000000538      0x3d0 Drivers/STM32L4xx_HAL_Driver/Src/stm32l4xx_hal_tim.o
 .debug_ranges  0x0000000000000908      0x170 Drivers/STM32L4xx_HAL_Driver/Src/stm32l4xx_hal_tim_ex.o
 .debug_ranges  0x0000000000000a78       0x28 /Users/Amogh/STM32CubeIDE/workspace_1.5.1/ECSE444_Lab1/Core/Lib/libarm_cortexM4lf_math.a(arm_std_f32.o)
 .debug_ranges  0x0000000000000aa0       0x10 /Users/Amogh/STM32CubeIDE/workspace_1.5.1/ECSE444_Lab1/Core/Lib/libarm_cortexM4lf_math.a(arm_mean_f32.o)
 .debug_ranges  0x0000000000000ab0       0x10 /Users/Amogh/STM32CubeIDE/workspace_1.5.1/ECSE444_Lab1/Core/Lib/libarm_cortexM4lf_math.a(arm_correlate_f32.o)
 .debug_ranges  0x0000000000000ac0       0x10 /Users/Amogh/STM32CubeIDE/workspace_1.5.1/ECSE444_Lab1/Core/Lib/libarm_cortexM4lf_math.a(arm_conv_f32.o)
 .debug_ranges  0x0000000000000ad0       0x10 /Users/Amogh/STM32CubeIDE/workspace_1.5.1/ECSE444_Lab1/Core/Lib/libarm_cortexM4lf_math.a(arm_sub_f32.o)
 .debug_ranges  0x0000000000000ae0       0x10 /Users/Amogh/STM32CubeIDE/workspace_1.5.1/ECSE444_Lab1/Core/Lib/libarm_cortexM4lf_math.a(arm_mult_f32.o)
 .debug_ranges  0x0000000000000af0       0x10 /Users/Amogh/STM32CubeIDE/workspace_1.5.1/ECSE444_Lab1/Core/Lib/libarm_cortexM4lf_math.a(arm_add_f32.o)

.debug_macro    0x0000000000000000    0x29cb0
 .debug_macro   0x0000000000000000      0x2e1 Core/Src/main.o
 .debug_macro   0x00000000000002e1      0xa5a Core/Src/main.o
 .debug_macro   0x0000000000000d3b      0x1a7 Core/Src/main.o
 .debug_macro   0x0000000000000ee2       0x2e Core/Src/main.o
 .debug_macro   0x0000000000000f10       0x28 Core/Src/main.o
 .debug_macro   0x0000000000000f38       0x22 Core/Src/main.o
 .debug_macro   0x0000000000000f5a       0x8e Core/Src/main.o
 .debug_macro   0x0000000000000fe8       0x51 Core/Src/main.o
 .debug_macro   0x0000000000001039       0xef Core/Src/main.o
 .debug_macro   0x0000000000001128       0x6a Core/Src/main.o
 .debug_macro   0x0000000000001192      0x1df Core/Src/main.o
 .debug_macro   0x0000000000001371       0x1c Core/Src/main.o
 .debug_macro   0x000000000000138d       0x22 Core/Src/main.o
 .debug_macro   0x00000000000013af      0x101 Core/Src/main.o
 .debug_macro   0x00000000000014b0     0x1011 Core/Src/main.o
 .debug_macro   0x00000000000024c1      0x11f Core/Src/main.o
 .debug_macro   0x00000000000025e0    0x1d28c Core/Src/main.o
 .debug_macro   0x000000000001f86c       0x43 Core/Src/main.o
 .debug_macro   0x000000000001f8af     0x3897 Core/Src/main.o
 .debug_macro   0x0000000000023146      0x174 Core/Src/main.o
 .debug_macro   0x00000000000232ba       0x5c Core/Src/main.o
 .debug_macro   0x0000000000023316     0x18d1 Core/Src/main.o
 .debug_macro   0x0000000000024be7      0x7d5 Core/Src/main.o
 .debug_macro   0x00000000000253bc      0x13d Core/Src/main.o
 .debug_macro   0x00000000000254f9      0x225 Core/Src/main.o
 .debug_macro   0x000000000002571e      0x486 Core/Src/main.o
 .debug_macro   0x0000000000025ba4      0x1cf Core/Src/main.o
 .debug_macro   0x0000000000025d73       0x43 Core/Src/main.o
 .debug_macro   0x0000000000025db6      0x23d Core/Src/main.o
 .debug_macro   0x0000000000025ff3      0x241 Core/Src/main.o
 .debug_macro   0x0000000000026234      0x416 Core/Src/main.o
 .debug_macro   0x000000000002664a       0x1c Core/Src/main.o
 .debug_macro   0x0000000000026666       0xf2 Core/Src/main.o
 .debug_macro   0x0000000000026758      0x22c Core/Src/main.o
 .debug_macro   0x0000000000026984       0x61 Core/Src/main.o
 .debug_macro   0x00000000000269e5       0xa5 Core/Src/main.o
 .debug_macro   0x0000000000026a8a      0x122 Core/Src/main.o
 .debug_macro   0x0000000000026bac      0x3f7 Core/Src/main.o
 .debug_macro   0x0000000000026fa3      0xa75 Core/Src/main.o
 .debug_macro   0x0000000000027a18      0x197 Core/Src/main.o
 .debug_macro   0x0000000000027baf      0x433 Core/Src/main.o
 .debug_macro   0x0000000000027fe2       0x46 Core/Src/main.o
 .debug_macro   0x0000000000028028       0x18 Core/Src/main.o
 .debug_macro   0x0000000000028040       0x3c Core/Src/main.o
 .debug_macro   0x000000000002807c       0x34 Core/Src/main.o
 .debug_macro   0x00000000000280b0       0x52 Core/Src/main.o
 .debug_macro   0x0000000000028102       0x1f Core/Src/main.o
 .debug_macro   0x0000000000028121       0x43 Core/Src/main.o
 .debug_macro   0x0000000000028164       0x20 Core/Src/main.o
 .debug_macro   0x0000000000028184      0x1a3 Core/Src/main.o
 .debug_macro   0x0000000000028327      0x32a Core/Src/main.o
 .debug_macro   0x0000000000028651      0x1e1 Core/Src/main.o
 .debug_macro   0x0000000000028832       0x16 Core/Src/main.o
 .debug_macro   0x0000000000028848       0x35 Core/Src/main.o
 .debug_macro   0x000000000002887d       0x20 Core/Src/main.o
 .debug_macro   0x000000000002889d      0x201 Core/Src/main.o
 .debug_macro   0x0000000000028a9e       0xc8 Core/Src/main.o
 .debug_macro   0x0000000000028b66      0x1dd Core/Src/stm32l4xx_hal_msp.o
 .debug_macro   0x0000000000028d43      0x1e7 Core/Src/stm32l4xx_it.o
 .debug_macro   0x0000000000028f2a      0x1d9 Core/Src/system_stm32l4xx.o
 .debug_macro   0x0000000000029103      0x221 Drivers/STM32L4xx_HAL_Driver/Src/stm32l4xx_hal.o
 .debug_macro   0x0000000000029324      0x1d3 Drivers/STM32L4xx_HAL_Driver/Src/stm32l4xx_hal_cortex.o
 .debug_macro   0x00000000000294f7      0x1fd Drivers/STM32L4xx_HAL_Driver/Src/stm32l4xx_hal_pwr_ex.o
 .debug_macro   0x00000000000296f4      0x215 Drivers/STM32L4xx_HAL_Driver/Src/stm32l4xx_hal_rcc.o
 .debug_macro   0x0000000000029909      0x1d4 Drivers/STM32L4xx_HAL_Driver/Src/stm32l4xx_hal_tim.o
 .debug_macro   0x0000000000029add      0x1d3 Drivers/STM32L4xx_HAL_Driver/Src/stm32l4xx_hal_tim_ex.o

.comment        0x0000000000000000       0xf0
 .comment       0x0000000000000000       0x7b Core/Src/main.o
                                         0x7c (size before relaxing)
 .comment       0x000000000000007b       0x7c Core/Src/stm32l4xx_hal_msp.o
 .comment       0x000000000000007b       0x7c Core/Src/stm32l4xx_it.o
 .comment       0x000000000000007b       0x7c Core/Src/system_stm32l4xx.o
 .comment       0x000000000000007b       0x7c Drivers/STM32L4xx_HAL_Driver/Src/stm32l4xx_hal.o
 .comment       0x000000000000007b       0x7c Drivers/STM32L4xx_HAL_Driver/Src/stm32l4xx_hal_cortex.o
 .comment       0x000000000000007b       0x7c Drivers/STM32L4xx_HAL_Driver/Src/stm32l4xx_hal_pwr_ex.o
 .comment       0x000000000000007b       0x7c Drivers/STM32L4xx_HAL_Driver/Src/stm32l4xx_hal_rcc.o
 .comment       0x000000000000007b       0x7c Drivers/STM32L4xx_HAL_Driver/Src/stm32l4xx_hal_tim.o
 .comment       0x000000000000007b       0x7c Drivers/STM32L4xx_HAL_Driver/Src/stm32l4xx_hal_tim_ex.o
 .comment       0x000000000000007b       0x75 /Users/Amogh/STM32CubeIDE/workspace_1.5.1/ECSE444_Lab1/Core/Lib/libarm_cortexM4lf_math.a(arm_std_f32.o)
                                         0x76 (size before relaxing)
 .comment       0x00000000000000f0       0x76 /Users/Amogh/STM32CubeIDE/workspace_1.5.1/ECSE444_Lab1/Core/Lib/libarm_cortexM4lf_math.a(arm_mean_f32.o)
 .comment       0x00000000000000f0       0x76 /Users/Amogh/STM32CubeIDE/workspace_1.5.1/ECSE444_Lab1/Core/Lib/libarm_cortexM4lf_math.a(arm_correlate_f32.o)
 .comment       0x00000000000000f0       0x76 /Users/Amogh/STM32CubeIDE/workspace_1.5.1/ECSE444_Lab1/Core/Lib/libarm_cortexM4lf_math.a(arm_conv_f32.o)
 .comment       0x00000000000000f0       0x76 /Users/Amogh/STM32CubeIDE/workspace_1.5.1/ECSE444_Lab1/Core/Lib/libarm_cortexM4lf_math.a(arm_sub_f32.o)
 .comment       0x00000000000000f0       0x76 /Users/Amogh/STM32CubeIDE/workspace_1.5.1/ECSE444_Lab1/Core/Lib/libarm_cortexM4lf_math.a(arm_mult_f32.o)
 .comment       0x00000000000000f0       0x76 /Users/Amogh/STM32CubeIDE/workspace_1.5.1/ECSE444_Lab1/Core/Lib/libarm_cortexM4lf_math.a(arm_add_f32.o)

.debug_frame    0x0000000000000000     0x32d0
 .debug_frame   0x0000000000000000      0x1f4 Core/Src/main.o
 .debug_frame   0x00000000000001f4       0x88 Core/Src/stm32l4xx_hal_msp.o
 .debug_frame   0x000000000000027c      0x104 Core/Src/stm32l4xx_it.o
 .debug_frame   0x0000000000000380       0x58 Core/Src/system_stm32l4xx.o
 .debug_frame   0x00000000000003d8      0x498 Drivers/STM32L4xx_HAL_Driver/Src/stm32l4xx_hal.o
 .debug_frame   0x0000000000000870      0x498 Drivers/STM32L4xx_HAL_Driver/Src/stm32l4xx_hal_cortex.o
 .debug_frame   0x0000000000000d08      0x5c4 Drivers/STM32L4xx_HAL_Driver/Src/stm32l4xx_hal_pwr_ex.o
 .debug_frame   0x00000000000012cc      0x220 Drivers/STM32L4xx_HAL_Driver/Src/stm32l4xx_hal_rcc.o
 .debug_frame   0x00000000000014ec     0x121c Drivers/STM32L4xx_HAL_Driver/Src/stm32l4xx_hal_tim.o
 .debug_frame   0x0000000000002708      0x6b0 Drivers/STM32L4xx_HAL_Driver/Src/stm32l4xx_hal_tim_ex.o
 .debug_frame   0x0000000000002db8       0x64 /Users/Amogh/STM32CubeIDE/workspace_1.5.1/ECSE444_Lab1/Core/Lib/libarm_cortexM4lf_math.a(arm_std_f32.o)
 .debug_frame   0x0000000000002e1c       0x2c /Users/Amogh/STM32CubeIDE/workspace_1.5.1/ECSE444_Lab1/Core/Lib/libarm_cortexM4lf_math.a(arm_mean_f32.o)
 .debug_frame   0x0000000000002e48       0x40 /Users/Amogh/STM32CubeIDE/workspace_1.5.1/ECSE444_Lab1/Core/Lib/libarm_cortexM4lf_math.a(arm_correlate_f32.o)
 .debug_frame   0x0000000000002e88       0x40 /Users/Amogh/STM32CubeIDE/workspace_1.5.1/ECSE444_Lab1/Core/Lib/libarm_cortexM4lf_math.a(arm_conv_f32.o)
 .debug_frame   0x0000000000002ec8       0x34 /Users/Amogh/STM32CubeIDE/workspace_1.5.1/ECSE444_Lab1/Core/Lib/libarm_cortexM4lf_math.a(arm_sub_f32.o)
 .debug_frame   0x0000000000002efc       0x34 /Users/Amogh/STM32CubeIDE/workspace_1.5.1/ECSE444_Lab1/Core/Lib/libarm_cortexM4lf_math.a(arm_mult_f32.o)
 .debug_frame   0x0000000000002f30       0x34 /Users/Amogh/STM32CubeIDE/workspace_1.5.1/ECSE444_Lab1/Core/Lib/libarm_cortexM4lf_math.a(arm_add_f32.o)
 .debug_frame   0x0000000000002f64       0x20 /Applications/STM32CubeIDE.app/Contents/Eclipse/plugins/com.st.stm32cube.ide.mcu.externaltools.gnu-tools-for-stm32.7-2018-q2-update.macos64_1.5.0.202011040924/tools/bin/../lib/gcc/arm-none-eabi/7.3.1/../../../../arm-none-eabi/lib/thumb/v7e-m/fpv4-sp/hard/libc_nano.a(lib_a-errno.o)
 .debug_frame   0x0000000000002f84       0x2c /Applications/STM32CubeIDE.app/Contents/Eclipse/plugins/com.st.stm32cube.ide.mcu.externaltools.gnu-tools-for-stm32.7-2018-q2-update.macos64_1.5.0.202011040924/tools/bin/../lib/gcc/arm-none-eabi/7.3.1/../../../../arm-none-eabi/lib/thumb/v7e-m/fpv4-sp/hard/libc_nano.a(lib_a-init.o)
 .debug_frame   0x0000000000002fb0       0x20 /Applications/STM32CubeIDE.app/Contents/Eclipse/plugins/com.st.stm32cube.ide.mcu.externaltools.gnu-tools-for-stm32.7-2018-q2-update.macos64_1.5.0.202011040924/tools/bin/../lib/gcc/arm-none-eabi/7.3.1/../../../../arm-none-eabi/lib/thumb/v7e-m/fpv4-sp/hard/libc_nano.a(lib_a-memset.o)
 .debug_frame   0x0000000000002fd0       0x4c /Applications/STM32CubeIDE.app/Contents/Eclipse/plugins/com.st.stm32cube.ide.mcu.externaltools.gnu-tools-for-stm32.7-2018-q2-update.macos64_1.5.0.202011040924/tools/bin/../lib/gcc/arm-none-eabi/7.3.1/../../../../arm-none-eabi/lib/thumb/v7e-m/fpv4-sp/hard/libm.a(lib_a-w_sqrt.o)
 .debug_frame   0x000000000000301c       0x40 /Applications/STM32CubeIDE.app/Contents/Eclipse/plugins/com.st.stm32cube.ide.mcu.externaltools.gnu-tools-for-stm32.7-2018-q2-update.macos64_1.5.0.202011040924/tools/bin/../lib/gcc/arm-none-eabi/7.3.1/../../../../arm-none-eabi/lib/thumb/v7e-m/fpv4-sp/hard/libm.a(lib_a-wf_sqrt.o)
 .debug_frame   0x000000000000305c       0x30 /Applications/STM32CubeIDE.app/Contents/Eclipse/plugins/com.st.stm32cube.ide.mcu.externaltools.gnu-tools-for-stm32.7-2018-q2-update.macos64_1.5.0.202011040924/tools/bin/../lib/gcc/arm-none-eabi/7.3.1/../../../../arm-none-eabi/lib/thumb/v7e-m/fpv4-sp/hard/libm.a(lib_a-e_sqrt.o)
 .debug_frame   0x000000000000308c       0x20 /Applications/STM32CubeIDE.app/Contents/Eclipse/plugins/com.st.stm32cube.ide.mcu.externaltools.gnu-tools-for-stm32.7-2018-q2-update.macos64_1.5.0.202011040924/tools/bin/../lib/gcc/arm-none-eabi/7.3.1/../../../../arm-none-eabi/lib/thumb/v7e-m/fpv4-sp/hard/libm.a(lib_a-ef_sqrt.o)
 .debug_frame   0x00000000000030ac       0x20 /Applications/STM32CubeIDE.app/Contents/Eclipse/plugins/com.st.stm32cube.ide.mcu.externaltools.gnu-tools-for-stm32.7-2018-q2-update.macos64_1.5.0.202011040924/tools/bin/../lib/gcc/arm-none-eabi/7.3.1/../../../../arm-none-eabi/lib/thumb/v7e-m/fpv4-sp/hard/libm.a(lib_a-s_matherr.o)
 .debug_frame   0x00000000000030cc       0xac /Applications/STM32CubeIDE.app/Contents/Eclipse/plugins/com.st.stm32cube.ide.mcu.externaltools.gnu-tools-for-stm32.7-2018-q2-update.macos64_1.5.0.202011040924/tools/bin/../lib/gcc/arm-none-eabi/7.3.1/thumb/v7e-m/fpv4-sp/hard/libgcc.a(_arm_addsubdf3.o)
 .debug_frame   0x0000000000003178       0x50 /Applications/STM32CubeIDE.app/Contents/Eclipse/plugins/com.st.stm32cube.ide.mcu.externaltools.gnu-tools-for-stm32.7-2018-q2-update.macos64_1.5.0.202011040924/tools/bin/../lib/gcc/arm-none-eabi/7.3.1/thumb/v7e-m/fpv4-sp/hard/libgcc.a(_arm_muldivdf3.o)
 .debug_frame   0x00000000000031c8       0xc4 /Applications/STM32CubeIDE.app/Contents/Eclipse/plugins/com.st.stm32cube.ide.mcu.externaltools.gnu-tools-for-stm32.7-2018-q2-update.macos64_1.5.0.202011040924/tools/bin/../lib/gcc/arm-none-eabi/7.3.1/thumb/v7e-m/fpv4-sp/hard/libgcc.a(_arm_cmpdf2.o)
 .debug_frame   0x000000000000328c       0x20 /Applications/STM32CubeIDE.app/Contents/Eclipse/plugins/com.st.stm32cube.ide.mcu.externaltools.gnu-tools-for-stm32.7-2018-q2-update.macos64_1.5.0.202011040924/tools/bin/../lib/gcc/arm-none-eabi/7.3.1/thumb/v7e-m/fpv4-sp/hard/libgcc.a(_arm_unorddf2.o)
 .debug_frame   0x00000000000032ac       0x24 /Applications/STM32CubeIDE.app/Contents/Eclipse/plugins/com.st.stm32cube.ide.mcu.externaltools.gnu-tools-for-stm32.7-2018-q2-update.macos64_1.5.0.202011040924/tools/bin/../lib/gcc/arm-none-eabi/7.3.1/thumb/v7e-m/fpv4-sp/hard/libgcc.a(_arm_truncdfsf2.o)

.debug_loc      0x0000000000000000     0x341f
 .debug_loc     0x0000000000000000      0x5c9 /Users/Amogh/STM32CubeIDE/workspace_1.5.1/ECSE444_Lab1/Core/Lib/libarm_cortexM4lf_math.a(arm_std_f32.o)
 .debug_loc     0x00000000000005c9      0x177 /Users/Amogh/STM32CubeIDE/workspace_1.5.1/ECSE444_Lab1/Core/Lib/libarm_cortexM4lf_math.a(arm_mean_f32.o)
 .debug_loc     0x0000000000000740     0x133d /Users/Amogh/STM32CubeIDE/workspace_1.5.1/ECSE444_Lab1/Core/Lib/libarm_cortexM4lf_math.a(arm_correlate_f32.o)
 .debug_loc     0x0000000000001a7d     0x1363 /Users/Amogh/STM32CubeIDE/workspace_1.5.1/ECSE444_Lab1/Core/Lib/libarm_cortexM4lf_math.a(arm_conv_f32.o)
 .debug_loc     0x0000000000002de0      0x215 /Users/Amogh/STM32CubeIDE/workspace_1.5.1/ECSE444_Lab1/Core/Lib/libarm_cortexM4lf_math.a(arm_sub_f32.o)
 .debug_loc     0x0000000000002ff5      0x215 /Users/Amogh/STM32CubeIDE/workspace_1.5.1/ECSE444_Lab1/Core/Lib/libarm_cortexM4lf_math.a(arm_mult_f32.o)
 .debug_loc     0x000000000000320a      0x215 /Users/Amogh/STM32CubeIDE/workspace_1.5.1/ECSE444_Lab1/Core/Lib/libarm_cortexM4lf_math.a(arm_add_f32.o)
